Archive member included to satisfy reference by file (symbol)

c:/program files (x86)/gnu arm embedded toolchain/10 2021.10/bin/../lib/gcc/arm-none-eabi/10.3.1/../../../../arm-none-eabi/lib/thumb/v7e-m+fp/hard\libc_nano.a(lib_a-memcpy-stub.o)
                              C:\Users\Jacob\AppData\Local\Temp\ccsAeYKy.o (memcpy)
c:/program files (x86)/gnu arm embedded toolchain/10 2021.10/bin/../lib/gcc/arm-none-eabi/10.3.1/../../../../arm-none-eabi/lib/thumb/v7e-m+fp/hard\libc_nano.a(lib_a-memset.o)
                              C:\Users\Jacob\AppData\Local\Temp\ccsAeYKy.o (memset)

Discarded input sections

 .group         0x00000000        0xc C:\Users\Jacob\AppData\Local\Temp\ccsAeYKy.o
 .group         0x00000000        0xc C:\Users\Jacob\AppData\Local\Temp\ccsAeYKy.o
 .group         0x00000000        0xc C:\Users\Jacob\AppData\Local\Temp\ccsAeYKy.o
 .group         0x00000000        0xc C:\Users\Jacob\AppData\Local\Temp\ccsAeYKy.o
 .group         0x00000000        0xc C:\Users\Jacob\AppData\Local\Temp\ccsAeYKy.o
 .group         0x00000000        0xc C:\Users\Jacob\AppData\Local\Temp\ccsAeYKy.o
 .group         0x00000000        0xc C:\Users\Jacob\AppData\Local\Temp\ccsAeYKy.o
 .group         0x00000000        0xc C:\Users\Jacob\AppData\Local\Temp\ccsAeYKy.o
 .group         0x00000000        0xc C:\Users\Jacob\AppData\Local\Temp\ccsAeYKy.o
 .group         0x00000000        0xc C:\Users\Jacob\AppData\Local\Temp\ccsAeYKy.o
 .group         0x00000000        0xc C:\Users\Jacob\AppData\Local\Temp\ccsAeYKy.o
 .group         0x00000000        0xc C:\Users\Jacob\AppData\Local\Temp\ccsAeYKy.o
 .group         0x00000000        0xc C:\Users\Jacob\AppData\Local\Temp\ccsAeYKy.o
 .group         0x00000000        0xc C:\Users\Jacob\AppData\Local\Temp\ccsAeYKy.o
 .text          0x00000000        0x0 C:\Users\Jacob\AppData\Local\Temp\ccsAeYKy.o
 .data          0x00000000        0x0 C:\Users\Jacob\AppData\Local\Temp\ccsAeYKy.o
 .bss           0x00000000        0x0 C:\Users\Jacob\AppData\Local\Temp\ccsAeYKy.o
 .text.delay    0x00000000       0x14 C:\Users\Jacob\AppData\Local\Temp\ccsAeYKy.o
 .text.timer_expired
                0x00000000       0x26 C:\Users\Jacob\AppData\Local\Temp\ccsAeYKy.o
 .text          0x00000000        0x0 c:/program files (x86)/gnu arm embedded toolchain/10 2021.10/bin/../lib/gcc/arm-none-eabi/10.3.1/../../../../arm-none-eabi/lib/thumb/v7e-m+fp/hard\libc_nano.a(lib_a-memcpy-stub.o)
 .data          0x00000000        0x0 c:/program files (x86)/gnu arm embedded toolchain/10 2021.10/bin/../lib/gcc/arm-none-eabi/10.3.1/../../../../arm-none-eabi/lib/thumb/v7e-m+fp/hard\libc_nano.a(lib_a-memcpy-stub.o)
 .bss           0x00000000        0x0 c:/program files (x86)/gnu arm embedded toolchain/10 2021.10/bin/../lib/gcc/arm-none-eabi/10.3.1/../../../../arm-none-eabi/lib/thumb/v7e-m+fp/hard\libc_nano.a(lib_a-memcpy-stub.o)
 .text          0x00000000        0x0 c:/program files (x86)/gnu arm embedded toolchain/10 2021.10/bin/../lib/gcc/arm-none-eabi/10.3.1/../../../../arm-none-eabi/lib/thumb/v7e-m+fp/hard\libc_nano.a(lib_a-memset.o)
 .data          0x00000000        0x0 c:/program files (x86)/gnu arm embedded toolchain/10 2021.10/bin/../lib/gcc/arm-none-eabi/10.3.1/../../../../arm-none-eabi/lib/thumb/v7e-m+fp/hard\libc_nano.a(lib_a-memset.o)
 .bss           0x00000000        0x0 c:/program files (x86)/gnu arm embedded toolchain/10 2021.10/bin/../lib/gcc/arm-none-eabi/10.3.1/../../../../arm-none-eabi/lib/thumb/v7e-m+fp/hard\libc_nano.a(lib_a-memset.o)

Memory Configuration

Name             Origin             Length             Attributes
flash            0x08000000         0x00080000         xr
sram             0x20000000         0x00020000         xrw
*default*        0x00000000         0xffffffff

Linker script and memory map

LOAD C:\Users\Jacob\AppData\Local\Temp\ccsAeYKy.o
LOAD c:/program files (x86)/gnu arm embedded toolchain/10 2021.10/bin/../lib/gcc/arm-none-eabi/10.3.1/../../../../arm-none-eabi/lib/thumb/v7e-m+fp/hard\libc_nano.a
LOAD c:/program files (x86)/gnu arm embedded toolchain/10 2021.10/bin/../lib/gcc/arm-none-eabi/10.3.1/thumb/v7e-m+fp/hard\libgcc.a
                0x20020000                _estack = (ORIGIN (sram) + LENGTH (sram))

.vectors        0x08000000      0x1c4
 *(.vectors)
 .vectors       0x08000000      0x1c4 C:\Users\Jacob\AppData\Local\Temp\ccsAeYKy.o
                0x08000000                tab

.text           0x080001c4       0xfc
 *(.text*)
 .text.SysTick_Handler
                0x080001c4       0x10 C:\Users\Jacob\AppData\Local\Temp\ccsAeYKy.o
                0x080001c4                SysTick_Handler
 .text.startup.main
                0x080001d4       0x74 C:\Users\Jacob\AppData\Local\Temp\ccsAeYKy.o
                0x080001d4                main
 .text._reset   0x08000248       0x4c C:\Users\Jacob\AppData\Local\Temp\ccsAeYKy.o
                0x08000248                _reset
 .text.memcpy   0x08000294       0x1c c:/program files (x86)/gnu arm embedded toolchain/10 2021.10/bin/../lib/gcc/arm-none-eabi/10.3.1/../../../../arm-none-eabi/lib/thumb/v7e-m+fp/hard\libc_nano.a(lib_a-memcpy-stub.o)
                0x08000294                memcpy
 .text.memset   0x080002b0       0x10 c:/program files (x86)/gnu arm embedded toolchain/10 2021.10/bin/../lib/gcc/arm-none-eabi/10.3.1/../../../../arm-none-eabi/lib/thumb/v7e-m+fp/hard\libc_nano.a(lib_a-memset.o)
                0x080002b0                memset

.glue_7         0x080002c0        0x0
 .glue_7        0x080002c0        0x0 linker stubs

.glue_7t        0x080002c0        0x0
 .glue_7t       0x080002c0        0x0 linker stubs

.vfp11_veneer   0x080002c0        0x0
 .vfp11_veneer  0x080002c0        0x0 linker stubs

.v4_bx          0x080002c0        0x0
 .v4_bx         0x080002c0        0x0 linker stubs

.iplt           0x080002c0        0x0
 .iplt          0x080002c0        0x0 C:\Users\Jacob\AppData\Local\Temp\ccsAeYKy.o

.rel.dyn        0x080002c0        0x0
 .rel.iplt      0x080002c0        0x0 C:\Users\Jacob\AppData\Local\Temp\ccsAeYKy.o

.rodata
 *(.rodata*)

.data           0x20000000        0x0 load address 0x080002c0
                0x20000000                _sdata = .
 *(.first_data)
 *(.data SORT_BY_NAME(.data*))
                0x20000000                _edata = .
                0x080002c0                _sidata = LOADADDR (.data)

.igot.plt       0x20000000        0x0 load address 0x080002c0
 .igot.plt      0x20000000        0x0 C:\Users\Jacob\AppData\Local\Temp\ccsAeYKy.o

.bss            0x20000000        0x8 load address 0x080002c0
                0x20000000                _sbss = .
 *(.bss SORT_BY_NAME(.bss.*) COMMON)
 .bss.led_on    0x20000000        0x1 C:\Users\Jacob\AppData\Local\Temp\ccsAeYKy.o
                0x20000000                led_on
 *fill*         0x20000001        0x3 
 .bss.s_ticks   0x20000004        0x4 C:\Users\Jacob\AppData\Local\Temp\ccsAeYKy.o
                0x20000008                _ebss = .
OUTPUT(firmware.elf elf32-littlearm)
LOAD linker stubs

.debug_info     0x00000000      0x734
 .debug_info    0x00000000      0x734 C:\Users\Jacob\AppData\Local\Temp\ccsAeYKy.o

.debug_abbrev   0x00000000      0x2b6
 .debug_abbrev  0x00000000      0x2b6 C:\Users\Jacob\AppData\Local\Temp\ccsAeYKy.o

.debug_loc      0x00000000      0x211
 .debug_loc     0x00000000      0x211 C:\Users\Jacob\AppData\Local\Temp\ccsAeYKy.o

.debug_aranges  0x00000000       0x40
 .debug_aranges
                0x00000000       0x40 C:\Users\Jacob\AppData\Local\Temp\ccsAeYKy.o

.debug_ranges   0x00000000       0x48
 .debug_ranges  0x00000000       0x48 C:\Users\Jacob\AppData\Local\Temp\ccsAeYKy.o

.debug_macro    0x00000000     0x158b
 .debug_macro   0x00000000       0xe2 C:\Users\Jacob\AppData\Local\Temp\ccsAeYKy.o
 .debug_macro   0x000000e2      0xa6c C:\Users\Jacob\AppData\Local\Temp\ccsAeYKy.o
 .debug_macro   0x00000b4e       0x22 C:\Users\Jacob\AppData\Local\Temp\ccsAeYKy.o
 .debug_macro   0x00000b70       0x4c C:\Users\Jacob\AppData\Local\Temp\ccsAeYKy.o
 .debug_macro   0x00000bbc       0x1e C:\Users\Jacob\AppData\Local\Temp\ccsAeYKy.o
 .debug_macro   0x00000bda       0x94 C:\Users\Jacob\AppData\Local\Temp\ccsAeYKy.o
 .debug_macro   0x00000c6e       0x3c C:\Users\Jacob\AppData\Local\Temp\ccsAeYKy.o
 .debug_macro   0x00000caa      0x103 C:\Users\Jacob\AppData\Local\Temp\ccsAeYKy.o
 .debug_macro   0x00000dad       0x3a C:\Users\Jacob\AppData\Local\Temp\ccsAeYKy.o
 .debug_macro   0x00000de7       0x57 C:\Users\Jacob\AppData\Local\Temp\ccsAeYKy.o
 .debug_macro   0x00000e3e       0x6a C:\Users\Jacob\AppData\Local\Temp\ccsAeYKy.o
 .debug_macro   0x00000ea8      0x1df C:\Users\Jacob\AppData\Local\Temp\ccsAeYKy.o
 .debug_macro   0x00001087       0x82 C:\Users\Jacob\AppData\Local\Temp\ccsAeYKy.o
 .debug_macro   0x00001109      0x460 C:\Users\Jacob\AppData\Local\Temp\ccsAeYKy.o
 .debug_macro   0x00001569       0x22 C:\Users\Jacob\AppData\Local\Temp\ccsAeYKy.o

.debug_line     0x00000000      0x4b2
 .debug_line    0x00000000      0x4b2 C:\Users\Jacob\AppData\Local\Temp\ccsAeYKy.o

.debug_str      0x00000000     0x51f5
 .debug_str     0x00000000     0x51f5 C:\Users\Jacob\AppData\Local\Temp\ccsAeYKy.o
                               0x53bc (size before relaxing)

.comment        0x00000000       0x49
 .comment       0x00000000       0x49 C:\Users\Jacob\AppData\Local\Temp\ccsAeYKy.o
                                 0x4a (size before relaxing)

.ARM.attributes
                0x00000000       0x34
 .ARM.attributes
                0x00000000       0x34 C:\Users\Jacob\AppData\Local\Temp\ccsAeYKy.o
 .ARM.attributes
                0x00000034       0x34 c:/program files (x86)/gnu arm embedded toolchain/10 2021.10/bin/../lib/gcc/arm-none-eabi/10.3.1/../../../../arm-none-eabi/lib/thumb/v7e-m+fp/hard\libc_nano.a(lib_a-memcpy-stub.o)
 .ARM.attributes
                0x00000068       0x34 c:/program files (x86)/gnu arm embedded toolchain/10 2021.10/bin/../lib/gcc/arm-none-eabi/10.3.1/../../../../arm-none-eabi/lib/thumb/v7e-m+fp/hard\libc_nano.a(lib_a-memset.o)

.debug_frame    0x00000000       0xb0
 .debug_frame   0x00000000       0x68 C:\Users\Jacob\AppData\Local\Temp\ccsAeYKy.o
 .debug_frame   0x00000068       0x28 c:/program files (x86)/gnu arm embedded toolchain/10 2021.10/bin/../lib/gcc/arm-none-eabi/10.3.1/../../../../arm-none-eabi/lib/thumb/v7e-m+fp/hard\libc_nano.a(lib_a-memcpy-stub.o)
 .debug_frame   0x00000090       0x20 c:/program files (x86)/gnu arm embedded toolchain/10 2021.10/bin/../lib/gcc/arm-none-eabi/10.3.1/../../../../arm-none-eabi/lib/thumb/v7e-m+fp/hard\libc_nano.a(lib_a-memset.o)
