Archive member included to satisfy reference by file (symbol)

c:/program files (x86)/gnu arm embedded toolchain/10 2021.10/bin/../lib/gcc/arm-none-eabi/10.3.1/../../../../arm-none-eabi/lib/thumb/v7e-m+fp/hard\libc_nano.a(lib_a-init.o)
                              C:\Users\Jacob\AppData\Local\Temp\ccjdmVqJ.o (__libc_init_array)
c:/program files (x86)/gnu arm embedded toolchain/10 2021.10/bin/../lib/gcc/arm-none-eabi/10.3.1/../../../../arm-none-eabi/lib/thumb/v7e-m+fp/hard\libc_nano.a(lib_a-printf.o)
                              C:\Users\Jacob\AppData\Local\Temp\ccxjgE2d.o (printf)
c:/program files (x86)/gnu arm embedded toolchain/10 2021.10/bin/../lib/gcc/arm-none-eabi/10.3.1/../../../../arm-none-eabi/lib/thumb/v7e-m+fp/hard\libc_nano.a(lib_a-findfp.o)
                              c:/program files (x86)/gnu arm embedded toolchain/10 2021.10/bin/../lib/gcc/arm-none-eabi/10.3.1/../../../../arm-none-eabi/lib/thumb/v7e-m+fp/hard\libc_nano.a(lib_a-printf.o) (__sinit)
c:/program files (x86)/gnu arm embedded toolchain/10 2021.10/bin/../lib/gcc/arm-none-eabi/10.3.1/../../../../arm-none-eabi/lib/thumb/v7e-m+fp/hard\libc_nano.a(lib_a-fwalk.o)
                              c:/program files (x86)/gnu arm embedded toolchain/10 2021.10/bin/../lib/gcc/arm-none-eabi/10.3.1/../../../../arm-none-eabi/lib/thumb/v7e-m+fp/hard\libc_nano.a(lib_a-findfp.o) (_fwalk)
c:/program files (x86)/gnu arm embedded toolchain/10 2021.10/bin/../lib/gcc/arm-none-eabi/10.3.1/../../../../arm-none-eabi/lib/thumb/v7e-m+fp/hard\libc_nano.a(lib_a-impure.o)
                              c:/program files (x86)/gnu arm embedded toolchain/10 2021.10/bin/../lib/gcc/arm-none-eabi/10.3.1/../../../../arm-none-eabi/lib/thumb/v7e-m+fp/hard\libc_nano.a(lib_a-findfp.o) (_global_impure_ptr)
c:/program files (x86)/gnu arm embedded toolchain/10 2021.10/bin/../lib/gcc/arm-none-eabi/10.3.1/../../../../arm-none-eabi/lib/thumb/v7e-m+fp/hard\libc_nano.a(lib_a-lock.o)
                              c:/program files (x86)/gnu arm embedded toolchain/10 2021.10/bin/../lib/gcc/arm-none-eabi/10.3.1/../../../../arm-none-eabi/lib/thumb/v7e-m+fp/hard\libc_nano.a(lib_a-findfp.o) (__retarget_lock_init_recursive)
c:/program files (x86)/gnu arm embedded toolchain/10 2021.10/bin/../lib/gcc/arm-none-eabi/10.3.1/../../../../arm-none-eabi/lib/thumb/v7e-m+fp/hard\libc_nano.a(lib_a-memset.o)
                              c:/program files (x86)/gnu arm embedded toolchain/10 2021.10/bin/../lib/gcc/arm-none-eabi/10.3.1/../../../../arm-none-eabi/lib/thumb/v7e-m+fp/hard\libc_nano.a(lib_a-findfp.o) (memset)
c:/program files (x86)/gnu arm embedded toolchain/10 2021.10/bin/../lib/gcc/arm-none-eabi/10.3.1/../../../../arm-none-eabi/lib/thumb/v7e-m+fp/hard\libc_nano.a(lib_a-nano-mallocr.o)
                              c:/program files (x86)/gnu arm embedded toolchain/10 2021.10/bin/../lib/gcc/arm-none-eabi/10.3.1/../../../../arm-none-eabi/lib/thumb/v7e-m+fp/hard\libc_nano.a(lib_a-findfp.o) (_malloc_r)
c:/program files (x86)/gnu arm embedded toolchain/10 2021.10/bin/../lib/gcc/arm-none-eabi/10.3.1/../../../../arm-none-eabi/lib/thumb/v7e-m+fp/hard\libc_nano.a(lib_a-nano-vfprintf.o)
                              c:/program files (x86)/gnu arm embedded toolchain/10 2021.10/bin/../lib/gcc/arm-none-eabi/10.3.1/../../../../arm-none-eabi/lib/thumb/v7e-m+fp/hard\libc_nano.a(lib_a-printf.o) (_vfprintf_r)
c:/program files (x86)/gnu arm embedded toolchain/10 2021.10/bin/../lib/gcc/arm-none-eabi/10.3.1/../../../../arm-none-eabi/lib/thumb/v7e-m+fp/hard\libc_nano.a(lib_a-nano-vfprintf_i.o)
                              c:/program files (x86)/gnu arm embedded toolchain/10 2021.10/bin/../lib/gcc/arm-none-eabi/10.3.1/../../../../arm-none-eabi/lib/thumb/v7e-m+fp/hard\libc_nano.a(lib_a-nano-vfprintf.o) (_printf_i)
c:/program files (x86)/gnu arm embedded toolchain/10 2021.10/bin/../lib/gcc/arm-none-eabi/10.3.1/../../../../arm-none-eabi/lib/thumb/v7e-m+fp/hard\libc_nano.a(lib_a-sbrkr.o)
                              c:/program files (x86)/gnu arm embedded toolchain/10 2021.10/bin/../lib/gcc/arm-none-eabi/10.3.1/../../../../arm-none-eabi/lib/thumb/v7e-m+fp/hard\libc_nano.a(lib_a-nano-mallocr.o) (_sbrk_r)
c:/program files (x86)/gnu arm embedded toolchain/10 2021.10/bin/../lib/gcc/arm-none-eabi/10.3.1/../../../../arm-none-eabi/lib/thumb/v7e-m+fp/hard\libc_nano.a(lib_a-stdio.o)
                              c:/program files (x86)/gnu arm embedded toolchain/10 2021.10/bin/../lib/gcc/arm-none-eabi/10.3.1/../../../../arm-none-eabi/lib/thumb/v7e-m+fp/hard\libc_nano.a(lib_a-findfp.o) (__sread)
c:/program files (x86)/gnu arm embedded toolchain/10 2021.10/bin/../lib/gcc/arm-none-eabi/10.3.1/../../../../arm-none-eabi/lib/thumb/v7e-m+fp/hard\libc_nano.a(lib_a-wbuf.o)
                              c:/program files (x86)/gnu arm embedded toolchain/10 2021.10/bin/../lib/gcc/arm-none-eabi/10.3.1/../../../../arm-none-eabi/lib/thumb/v7e-m+fp/hard\libc_nano.a(lib_a-nano-vfprintf.o) (__swbuf_r)
[...]
Memory Configuration

Name             Origin             Length             Attributes
flash            0x08000000         0x00080000         xr
sram             0x20000000         0x00020000         xrw
*default*        0x00000000         0xffffffff

Linker script and memory map

LOAD C:\Users\Jacob\AppData\Local\Temp\ccxjgE2d.o
LOAD C:\Users\Jacob\AppData\Local\Temp\ccAtiwQq.o
LOAD C:\Users\Jacob\AppData\Local\Temp\ccjdmVqJ.o
LOAD c:/program files (x86)/gnu arm embedded toolchain/10 2021.10/bin/../lib/gcc/arm-none-eabi/10.3.1/../../../../arm-none-eabi/lib/thumb/v7e-m+fp/hard\libc_nano.a
LOAD c:/program files (x86)/gnu arm embedded toolchain/10 2021.10/bin/../lib/gcc/arm-none-eabi/10.3.1/thumb/v7e-m+fp/hard\libgcc.a
                0x20020000                _estack = (ORIGIN (sram) + LENGTH (sram))

.vectors        0x08000000      0x1ac
 *(.isr_vector)
 .isr_vector    0x08000000      0x1ac C:\Users\Jacob\AppData\Local\Temp\ccjdmVqJ.o
                0x08000000                g_pfnVectors

.text           0x080001b0     0x1268
 *(.text*)
 .text.gpio_set_mode
                0x080001b0       0x38 C:\Users\Jacob\AppData\Local\Temp\ccxjgE2d.o
 .text.gpio_set_af.constprop.0
                0x080001e8       0x32 C:\Users\Jacob\AppData\Local\Temp\ccxjgE2d.o
 *fill*         0x0800021a        0x2 
 .text.SysTick_Handler
                0x0800021c       0x10 C:\Users\Jacob\AppData\Local\Temp\ccxjgE2d.o
                0x0800021c                SysTick_Handler
 .text.SystemInit
                0x0800022c       0x30 C:\Users\Jacob\AppData\Local\Temp\ccxjgE2d.o
                0x0800022c                SystemInit
 .text.startup.main
                0x0800025c       0xcc C:\Users\Jacob\AppData\Local\Temp\ccxjgE2d.o
                0x0800025c                main
 .text._fstat   0x08000328       0x12 C:\Users\Jacob\AppData\Local\Temp\ccAtiwQq.o
                0x08000328                _fstat
 *fill*         0x0800033a        0x2 
 .text._sbrk    0x0800033c       0x1c C:\Users\Jacob\AppData\Local\Temp\ccAtiwQq.o
                0x0800033c                _sbrk
 .text._close   0x08000358        0x6 C:\Users\Jacob\AppData\Local\Temp\ccAtiwQq.o
                0x08000358                _close
 .text._isatty  0x0800035e        0x4 C:\Users\Jacob\AppData\Local\Temp\ccAtiwQq.o
                0x0800035e                _isatty
 .text._lseek   0x08000362        0x4 C:\Users\Jacob\AppData\Local\Temp\ccAtiwQq.o
                0x08000362                _lseek
 *fill*         0x08000366        0x2 
 .text._write   0x08000368       0x34 C:\Users\Jacob\AppData\Local\Temp\ccAtiwQq.o
                0x08000368                _write
 .text._read    0x0800039c        0x6 C:\Users\Jacob\AppData\Local\Temp\ccAtiwQq.o
                0x0800039c                _read
 .text._init    0x080003a2        0x2 C:\Users\Jacob\AppData\Local\Temp\ccAtiwQq.o
                0x080003a2                _init
 .text.Reset_Handler
                0x080003a4       0x50 C:\Users\Jacob\AppData\Local\Temp\ccjdmVqJ.o
                0x080003a4                Reset_Handler
 .text.Default_Handler
                0x080003f4        0x2 C:\Users\Jacob\AppData\Local\Temp\ccjdmVqJ.o
                0x080003f4                RTC_Alarm_IRQHandler
                0x080003f4                HASH_RNG_IRQHandler
                0x080003f4                EXTI2_IRQHandler
                0x080003f4                TIM8_CC_IRQHandler
                0x080003f4                DebugMon_Handler
                0x080003f4                UART8_IRQHandler
                0x080003f4                SPI4_IRQHandler
                0x080003f4                TIM1_CC_IRQHandler
                0x080003f4                DMA2_Stream5_IRQHandler
                0x080003f4                HardFault_Handler
                0x080003f4                DMA1_Stream5_IRQHandler
                0x080003f4                PVD_IRQHandler
                0x080003f4                SDIO_IRQHandler
                0x080003f4                TAMP_STAMP_IRQHandler
                0x080003f4                PendSV_Handler
                0x080003f4                NMI_Handler
                0x080003f4                CAN2_RX1_IRQHandler
                0x080003f4                EXTI3_IRQHandler
                0x080003f4                TIM8_TRG_COM_TIM14_IRQHandler
                0x080003f4                TIM1_UP_TIM10_IRQHandler
                0x080003f4                TIM8_UP_TIM13_IRQHandler
                0x080003f4                I2C3_ER_IRQHandler
                0x080003f4                EXTI0_IRQHandler
                0x080003f4                I2C2_EV_IRQHandler
                0x080003f4                DMA1_Stream2_IRQHandler
                0x080003f4                CAN1_RX0_IRQHandler
                0x080003f4                FPU_IRQHandler
                0x080003f4                OTG_HS_WKUP_IRQHandler
                0x080003f4                UsageFault_Handler
                0x080003f4                LTDC_ER_IRQHandler
                0x080003f4                CAN2_SCE_IRQHandler
                0x080003f4                DMA2_Stream2_IRQHandler
                0x080003f4                SPI1_IRQHandler
                0x080003f4                TIM6_DAC_IRQHandler
                0x080003f4                TIM1_BRK_TIM9_IRQHandler
                0x080003f4                DCMI_IRQHandler
                0x080003f4                CAN2_RX0_IRQHandler
                0x080003f4                DMA2_Stream3_IRQHandler
                0x080003f4                USART6_IRQHandler
                0x080003f4                USART3_IRQHandler
                0x080003f4                CAN1_RX1_IRQHandler
                0x080003f4                UART5_IRQHandler
                0x080003f4                DMA2_Stream0_IRQHandler
                0x080003f4                TIM4_IRQHandler
                0x080003f4                I2C1_EV_IRQHandler
                0x080003f4                DMA1_Stream6_IRQHandler
                0x080003f4                DMA1_Stream1_IRQHandler
                0x080003f4                UART4_IRQHandler
                0x080003f4                TIM3_IRQHandler
                0x080003f4                RCC_IRQHandler
                0x080003f4                TIM8_BRK_TIM12_IRQHandler
                0x080003f4                Default_Handler
                0x080003f4                EXTI15_10_IRQHandler
                0x080003f4                ADC_IRQHandler
                0x080003f4                DMA1_Stream7_IRQHandler
                0x080003f4                SPI5_IRQHandler
                0x080003f4                TIM7_IRQHandler
                0x080003f4                CAN2_TX_IRQHandler
                0x080003f4                TIM5_IRQHandler
                0x080003f4                DMA2_Stream7_IRQHandler
                0x080003f4                I2C3_EV_IRQHandler
                0x080003f4                EXTI9_5_IRQHandler
                0x080003f4                RTC_WKUP_IRQHandler
                0x080003f4                LTDC_IRQHandler
                0x080003f4                ETH_WKUP_IRQHandler
                0x080003f4                SPI2_IRQHandler
                0x080003f4                OTG_HS_EP1_IN_IRQHandler
                0x080003f4                MemManage_Handler
                0x080003f4                DMA1_Stream0_IRQHandler
                0x080003f4                CAN1_TX_IRQHandler
                0x080003f4                SVC_Handler
                0x080003f4                EXTI4_IRQHandler
                0x080003f4                ETH_IRQHandler
                0x080003f4                OTG_HS_EP1_OUT_IRQHandler
                0x080003f4                WWDG_IRQHandler
                0x080003f4                SPI6_IRQHandler
                0x080003f4                TIM2_IRQHandler
                0x080003f4                OTG_FS_WKUP_IRQHandler
                0x080003f4                TIM1_TRG_COM_TIM11_IRQHandler
                0x080003f4                OTG_HS_IRQHandler
                0x080003f4                DMA2D_IRQHandler
                0x080003f4                EXTI1_IRQHandler
                0x080003f4                UART7_IRQHandler
                0x080003f4                USART2_IRQHandler
                0x080003f4                I2C2_ER_IRQHandler
                0x080003f4                DMA2_Stream1_IRQHandler
                0x080003f4                CAN1_SCE_IRQHandler
                0x080003f4                FLASH_IRQHandler
                0x080003f4                DMA2_Stream4_IRQHandler
                0x080003f4                BusFault_Handler
                0x080003f4                USART1_IRQHandler
                0x080003f4                OTG_FS_IRQHandler
                0x080003f4                SPI3_IRQHandler
                0x080003f4                DMA1_Stream4_IRQHandler
                0x080003f4                I2C1_ER_IRQHandler
                0x080003f4                FMC_IRQHandler
                0x080003f4                DMA2_Stream6_IRQHandler
                0x080003f4                SAI1_IRQHandler
                0x080003f4                DMA1_Stream3_IRQHandler
 *fill*         0x080003f6        0x2 
 .text.__libc_init_array
                0x080003f8       0x48 c:/program files (x86)/gnu arm embedded toolchain/10 2021.10/bin/../lib/gcc/arm-none-eabi/10.3.1/../../../../arm-none-eabi/lib/thumb/v7e-m+fp/hard\libc_nano.a(lib_a-init.o)
                0x080003f8                __libc_init_array
 .text.printf   0x08000440       0x30 c:/program files (x86)/gnu arm embedded toolchain/10 2021.10/bin/../lib/gcc/arm-none-eabi/10.3.1/../../../../arm-none-eabi/lib/thumb/v7e-m+fp/hard\libc_nano.a(lib_a-printf.o)
                0x08000440                iprintf
                0x08000440                printf
 .text.std      0x08000470       0x48 c:/program files (x86)/gnu arm embedded toolchain/10 2021.10/bin/../lib/gcc/arm-none-eabi/10.3.1/../../../../arm-none-eabi/lib/thumb/v7e-m+fp/hard\libc_nano.a(lib_a-findfp.o)
 .text._cleanup_r
                0x080004b8        0xc c:/program files (x86)/gnu arm embedded toolchain/10 2021.10/bin/../lib/gcc/arm-none-eabi/10.3.1/../../../../arm-none-eabi/lib/thumb/v7e-m+fp/hard\libc_nano.a(lib_a-findfp.o)
                0x080004b8                _cleanup_r
 .text.__sfmoreglue
                0x080004c4       0x2c c:/program files (x86)/gnu arm embedded toolchain/10 2021.10/bin/../lib/gcc/arm-none-eabi/10.3.1/../../../../arm-none-eabi/lib/thumb/v7e-m+fp/hard\libc_nano.a(lib_a-findfp.o)
                0x080004c4                __sfmoreglue
 .text.__sfp_lock_acquire
                0x080004f0        0xc c:/program files (x86)/gnu arm embedded toolchain/10 2021.10/bin/../lib/gcc/arm-none-eabi/10.3.1/../../../../arm-none-eabi/lib/thumb/v7e-m+fp/hard\libc_nano.a(lib_a-findfp.o)
                0x080004f0                __sfp_lock_acquire
 .text.__sfp_lock_release
                0x080004fc        0xc c:/program files (x86)/gnu arm embedded toolchain/10 2021.10/bin/../lib/gcc/arm-none-eabi/10.3.1/../../../../arm-none-eabi/lib/thumb/v7e-m+fp/hard\libc_nano.a(lib_a-findfp.o)
                0x080004fc                __sfp_lock_release
 .text.__sinit_lock_acquire
                0x08000508        0xc c:/program files (x86)/gnu arm embedded toolchain/10 2021.10/bin/../lib/gcc/arm-none-eabi/10.3.1/../../../../arm-none-eabi/lib/thumb/v7e-m+fp/hard\libc_nano.a(lib_a-findfp.o)
                0x08000508                __sinit_lock_acquire
 .text.__sinit_lock_release
                0x08000514        0xc c:/program files (x86)/gnu arm embedded toolchain/10 2021.10/bin/../lib/gcc/arm-none-eabi/10.3.1/../../../../arm-none-eabi/lib/thumb/v7e-m+fp/hard\libc_nano.a(lib_a-findfp.o)
                0x08000514                __sinit_lock_release
 .text.__sinit  0x08000520       0x70 c:/program files (x86)/gnu arm embedded toolchain/10 2021.10/bin/../lib/gcc/arm-none-eabi/10.3.1/../../../../arm-none-eabi/lib/thumb/v7e-m+fp/hard\libc_nano.a(lib_a-findfp.o)
                0x08000520                __sinit
 .text.__sfp    0x08000590       0x8c c:/program files (x86)/gnu arm embedded toolchain/10 2021.10/bin/../lib/gcc/arm-none-eabi/10.3.1/../../../../arm-none-eabi/lib/thumb/v7e-m+fp/hard\libc_nano.a(lib_a-findfp.o)
                0x08000590                __sfp
 .text._fwalk_reent
                0x0800061c       0x3e c:/program files (x86)/gnu arm embedded toolchain/10 2021.10/bin/../lib/gcc/arm-none-eabi/10.3.1/../../../../arm-none-eabi/lib/thumb/v7e-m+fp/hard\libc_nano.a(lib_a-fwalk.o)
                0x0800061c                _fwalk_reent
 .text.__retarget_lock_init_recursive
                0x0800065a        0x2 c:/program files (x86)/gnu arm embedded toolchain/10 2021.10/bin/../lib/gcc/arm-none-eabi/10.3.1/../../../../arm-none-eabi/lib/thumb/v7e-m+fp/hard\libc_nano.a(lib_a-lock.o)
                0x0800065a                __retarget_lock_init_recursive
 .text.__retarget_lock_acquire_recursive
                0x0800065c        0x2 c:/program files (x86)/gnu arm embedded toolchain/10 2021.10/bin/../lib/gcc/arm-none-eabi/10.3.1/../../../../arm-none-eabi/lib/thumb/v7e-m+fp/hard\libc_nano.a(lib_a-lock.o)
                0x0800065c                __retarget_lock_acquire_recursive
 .text.__retarget_lock_release_recursive
                0x0800065e        0x2 c:/program files (x86)/gnu arm embedded toolchain/10 2021.10/bin/../lib/gcc/arm-none-eabi/10.3.1/../../../../arm-none-eabi/lib/thumb/v7e-m+fp/hard\libc_nano.a(lib_a-lock.o)
                0x0800065e                __retarget_lock_release_recursive
 .text.memset   0x08000660       0x10 c:/program files (x86)/gnu arm embedded toolchain/10 2021.10/bin/../lib/gcc/arm-none-eabi/10.3.1/../../../../arm-none-eabi/lib/thumb/v7e-m+fp/hard\libc_nano.a(lib_a-memset.o)
                0x08000660                memset
 .text.sbrk_aligned
                0x08000670       0x40 c:/program files (x86)/gnu arm embedded toolchain/10 2021.10/bin/../lib/gcc/arm-none-eabi/10.3.1/../../../../arm-none-eabi/lib/thumb/v7e-m+fp/hard\libc_nano.a(lib_a-nano-mallocr.o)
 .text._malloc_r
                0x080006b0       0xe8 c:/program files (x86)/gnu arm embedded toolchain/10 2021.10/bin/../lib/gcc/arm-none-eabi/10.3.1/../../../../arm-none-eabi/lib/thumb/v7e-m+fp/hard\libc_nano.a(lib_a-nano-mallocr.o)
                0x080006b0                _malloc_r
 .text.__sfputc_r
                0x08000798       0x2e c:/program files (x86)/gnu arm embedded toolchain/10 2021.10/bin/../lib/gcc/arm-none-eabi/10.3.1/../../../../arm-none-eabi/lib/thumb/v7e-m+fp/hard\libc_nano.a(lib_a-nano-vfprintf.o)
 .text.__sfputs_r
                0x080007c6       0x24 c:/program files (x86)/gnu arm embedded toolchain/10 2021.10/bin/../lib/gcc/arm-none-eabi/10.3.1/../../../../arm-none-eabi/lib/thumb/v7e-m+fp/hard\libc_nano.a(lib_a-nano-vfprintf.o)
                0x080007c6                __sfputs_r
 *fill*         0x080007ea        0x2 
 .text._vfprintf_r
                0x080007ec      0x260 c:/program files (x86)/gnu arm embedded toolchain/10 2021.10/bin/../lib/gcc/arm-none-eabi/10.3.1/../../../../arm-none-eabi/lib/thumb/v7e-m+fp/hard\libc_nano.a(lib_a-nano-vfprintf.o)
                0x080007ec                _vfprintf_r
                0x080007ec                _vfiprintf_r
 .text._printf_common
                0x08000a4c       0xda c:/program files (x86)/gnu arm embedded toolchain/10 2021.10/bin/../lib/gcc/arm-none-eabi/10.3.1/../../../../arm-none-eabi/lib/thumb/v7e-m+fp/hard\libc_nano.a(lib_a-nano-vfprintf_i.o)
                0x08000a4c                _printf_common
 *fill*         0x08000b26        0x2 
 .text._printf_i
                0x08000b28      0x24c c:/program files (x86)/gnu arm embedded toolchain/10 2021.10/bin/../lib/gcc/arm-none-eabi/10.3.1/../../../../arm-none-eabi/lib/thumb/v7e-m+fp/hard\libc_nano.a(lib_a-nano-vfprintf_i.o)
                0x08000b28                _printf_i
 .text._sbrk_r  0x08000d74       0x20 c:/program files (x86)/gnu arm embedded toolchain/10 2021.10/bin/../lib/gcc/arm-none-eabi/10.3.1/../../../../arm-none-eabi/lib/thumb/v7e-m+fp/hard\libc_nano.a(lib_a-sbrkr.o)
                0x08000d74                _sbrk_r
 .text.__sread  0x08000d94       0x22 c:/program files (x86)/gnu arm embedded toolchain/10 2021.10/bin/../lib/gcc/arm-none-eabi/10.3.1/../../../../arm-none-eabi/lib/thumb/v7e-m+fp/hard\libc_nano.a(lib_a-stdio.o)
                0x08000d94                __sread
 .text.__swrite
                0x08000db6       0x38 c:/program files (x86)/gnu arm embedded toolchain/10 2021.10/bin/../lib/gcc/arm-none-eabi/10.3.1/../../../../arm-none-eabi/lib/thumb/v7e-m+fp/hard\libc_nano.a(lib_a-stdio.o)
                0x08000db6                __swrite
 .text.__sseek  0x08000dee       0x24 c:/program files (x86)/gnu arm embedded toolchain/10 2021.10/bin/../lib/gcc/arm-none-eabi/10.3.1/../../../../arm-none-eabi/lib/thumb/v7e-m+fp/hard\libc_nano.a(lib_a-stdio.o)
                0x08000dee                __sseek
 .text.__sclose
                0x08000e12        0x8 c:/program files (x86)/gnu arm embedded toolchain/10 2021.10/bin/../lib/gcc/arm-none-eabi/10.3.1/../../../../arm-none-eabi/lib/thumb/v7e-m+fp/hard\libc_nano.a(lib_a-stdio.o)
                0x08000e12                __sclose
 *fill*         0x08000e1a        0x2 
 .text.__swbuf_r
                0x08000e1c       0xa4 c:/program files (x86)/gnu arm embedded toolchain/10 2021.10/bin/../lib/gcc/arm-none-eabi/10.3.1/../../../../arm-none-eabi/lib/thumb/v7e-m+fp/hard\libc_nano.a(lib_a-wbuf.o)
                0x08000e1c                __swbuf_r
 .text._write_r
                0x08000ec0       0x24 c:/program files (x86)/gnu arm embedded toolchain/10 2021.10/bin/../lib/gcc/arm-none-eabi/10.3.1/../../../../arm-none-eabi/lib/thumb/v7e-m+fp/hard\libc_nano.a(lib_a-writer.o)
                0x08000ec0                _write_r
 .text.__swsetup_r
                0x08000ee4       0xdc c:/program files (x86)/gnu arm embedded toolchain/10 2021.10/bin/../lib/gcc/arm-none-eabi/10.3.1/../../../../arm-none-eabi/lib/thumb/v7e-m+fp/hard\libc_nano.a(lib_a-wsetup.o)
                0x08000ee4                __swsetup_r
 .text._close_r
                0x08000fc0       0x20 c:/program files (x86)/gnu arm embedded toolchain/10 2021.10/bin/../lib/gcc/arm-none-eabi/10.3.1/../../../../arm-none-eabi/lib/thumb/v7e-m+fp/hard\libc_nano.a(lib_a-closer.o)
                0x08000fc0                _close_r
 .text.__sflush_r
                0x08000fe0      0x10c c:/program files (x86)/gnu arm embedded toolchain/10 2021.10/bin/../lib/gcc/arm-none-eabi/10.3.1/../../../../arm-none-eabi/lib/thumb/v7e-m+fp/hard\libc_nano.a(lib_a-fflush.o)
                0x08000fe0                __sflush_r
 .text._fflush_r
                0x080010ec       0x78 c:/program files (x86)/gnu arm embedded toolchain/10 2021.10/bin/../lib/gcc/arm-none-eabi/10.3.1/../../../../arm-none-eabi/lib/thumb/v7e-m+fp/hard\libc_nano.a(lib_a-fflush.o)
                0x080010ec                _fflush_r
 .text._lseek_r
                0x08001164       0x24 c:/program files (x86)/gnu arm embedded toolchain/10 2021.10/bin/../lib/gcc/arm-none-eabi/10.3.1/../../../../arm-none-eabi/lib/thumb/v7e-m+fp/hard\libc_nano.a(lib_a-lseekr.o)
                0x08001164                _lseek_r
 .text.__swhatbuf_r
                0x08001188       0x4a c:/program files (x86)/gnu arm embedded toolchain/10 2021.10/bin/../lib/gcc/arm-none-eabi/10.3.1/../../../../arm-none-eabi/lib/thumb/v7e-m+fp/hard\libc_nano.a(lib_a-makebuf.o)
                0x08001188                __swhatbuf_r
 *fill*         0x080011d2        0x2 
 .text.__smakebuf_r
                0x080011d4       0x80 c:/program files (x86)/gnu arm embedded toolchain/10 2021.10/bin/../lib/gcc/arm-none-eabi/10.3.1/../../../../arm-none-eabi/lib/thumb/v7e-m+fp/hard\libc_nano.a(lib_a-makebuf.o)
                0x080011d4                __smakebuf_r
 *fill*         0x08001254        0xc 
 .text          0x08001260       0xa0 c:/program files (x86)/gnu arm embedded toolchain/10 2021.10/bin/../lib/gcc/arm-none-eabi/10.3.1/../../../../arm-none-eabi/lib/thumb/v7e-m+fp/hard\libc_nano.a(lib_a-memchr.o)
                0x08001260                memchr
 .text.__malloc_lock
                0x08001300        0xc c:/program files (x86)/gnu arm embedded toolchain/10 2021.10/bin/../lib/gcc/arm-none-eabi/10.3.1/../../../../arm-none-eabi/lib/thumb/v7e-m+fp/hard\libc_nano.a(lib_a-mlock.o)
                0x08001300                __malloc_lock
 .text.__malloc_unlock
                0x0800130c        0xc c:/program files (x86)/gnu arm embedded toolchain/10 2021.10/bin/../lib/gcc/arm-none-eabi/10.3.1/../../../../arm-none-eabi/lib/thumb/v7e-m+fp/hard\libc_nano.a(lib_a-mlock.o)
                0x0800130c                __malloc_unlock
 .text._free_r  0x08001318       0x98 c:/program files (x86)/gnu arm embedded toolchain/10 2021.10/bin/../lib/gcc/arm-none-eabi/10.3.1/../../../../arm-none-eabi/lib/thumb/v7e-m+fp/hard\libc_nano.a(lib_a-nano-freer.o)
                0x08001318                _free_r
 .text._read_r  0x080013b0       0x24 c:/program files (x86)/gnu arm embedded toolchain/10 2021.10/bin/../lib/gcc/arm-none-eabi/10.3.1/../../../../arm-none-eabi/lib/thumb/v7e-m+fp/hard\libc_nano.a(lib_a-readr.o)
                0x080013b0                _read_r
 .text._fstat_r
                0x080013d4       0x24 c:/program files (x86)/gnu arm embedded toolchain/10 2021.10/bin/../lib/gcc/arm-none-eabi/10.3.1/../../../../arm-none-eabi/lib/thumb/v7e-m+fp/hard\libc_nano.a(lib_a-fstatr.o)
                0x080013d4                _fstat_r
 .text._isatty_r
                0x080013f8       0x20 c:/program files (x86)/gnu arm embedded toolchain/10 2021.10/bin/../lib/gcc/arm-none-eabi/10.3.1/../../../../arm-none-eabi/lib/thumb/v7e-m+fp/hard\libc_nano.a(lib_a-isattyr.o)
                0x080013f8                _isatty_r

.glue_7         0x08001418        0x0
 .glue_7        0x08001418        0x0 linker stubs

.glue_7t        0x08001418        0x0
 .glue_7t       0x08001418        0x0 linker stubs

.vfp11_veneer   0x08001418        0x0
 .vfp11_veneer  0x08001418        0x0 linker stubs

.v4_bx          0x08001418        0x0
 .v4_bx         0x08001418        0x0 linker stubs

.iplt           0x08001418        0x0
 .iplt          0x08001418        0x0 C:\Users\Jacob\AppData\Local\Temp\ccxjgE2d.o

.rodata         0x08001418       0xaf
 *(.rodata*)
 .rodata.main.str1.1
                0x08001418       0x16 C:\Users\Jacob\AppData\Local\Temp\ccxjgE2d.o
 *fill*         0x0800142e        0x2 
 .rodata.__sf_fake_stderr
                0x08001430       0x20 c:/program files (x86)/gnu arm embedded toolchain/10 2021.10/bin/../lib/gcc/arm-none-eabi/10.3.1/../../../../arm-none-eabi/lib/thumb/v7e-m+fp/hard\libc_nano.a(lib_a-findfp.o)
                0x08001430                __sf_fake_stderr
 .rodata.__sf_fake_stdin
                0x08001450       0x20 c:/program files (x86)/gnu arm embedded toolchain/10 2021.10/bin/../lib/gcc/arm-none-eabi/10.3.1/../../../../arm-none-eabi/lib/thumb/v7e-m+fp/hard\libc_nano.a(lib_a-findfp.o)
                0x08001450                __sf_fake_stdin
 .rodata.__sf_fake_stdout
                0x08001470       0x20 c:/program files (x86)/gnu arm embedded toolchain/10 2021.10/bin/../lib/gcc/arm-none-eabi/10.3.1/../../../../arm-none-eabi/lib/thumb/v7e-m+fp/hard\libc_nano.a(lib_a-findfp.o)
                0x08001470                __sf_fake_stdout
 .rodata._global_impure_ptr
                0x08001490        0x4 c:/program files (x86)/gnu arm embedded toolchain/10 2021.10/bin/../lib/gcc/arm-none-eabi/10.3.1/../../../../arm-none-eabi/lib/thumb/v7e-m+fp/hard\libc_nano.a(lib_a-impure.o)
                0x08001490                _global_impure_ptr
 .rodata._vfprintf_r.str1.1
                0x08001494       0x11 c:/program files (x86)/gnu arm embedded toolchain/10 2021.10/bin/../lib/gcc/arm-none-eabi/10.3.1/../../../../arm-none-eabi/lib/thumb/v7e-m+fp/hard\libc_nano.a(lib_a-nano-vfprintf.o)
 .rodata._printf_i.str1.1
                0x080014a5       0x22 c:/program files (x86)/gnu arm embedded toolchain/10 2021.10/bin/../lib/gcc/arm-none-eabi/10.3.1/../../../../arm-none-eabi/lib/thumb/v7e-m+fp/hard\libc_nano.a(lib_a-nano-vfprintf_i.o)

.rel.dyn        0x080014c8        0x0
 .rel.iplt      0x080014c8        0x0 C:\Users\Jacob\AppData\Local\Temp\ccxjgE2d.o

.data           0x20000000       0x65 load address 0x080014c7
                0x20000000                _sdata = .
 *(.first_data)
 *(.data SORT_BY_NAME(.data*))
 .data._impure_ptr
                0x20000000        0x4 c:/program files (x86)/gnu arm embedded toolchain/10 2021.10/bin/../lib/gcc/arm-none-eabi/10.3.1/../../../../arm-none-eabi/lib/thumb/v7e-m+fp/hard\libc_nano.a(lib_a-impure.o)
                0x20000000                _impure_ptr
 .data.impure_data
                0x20000004       0x60 c:/program files (x86)/gnu arm embedded toolchain/10 2021.10/bin/../lib/gcc/arm-none-eabi/10.3.1/../../../../arm-none-eabi/lib/thumb/v7e-m+fp/hard\libc_nano.a(lib_a-impure.o)
 .data.led_on   0x20000064        0x1 C:\Users\Jacob\AppData\Local\Temp\ccxjgE2d.o
                0x20000064                led_on
                0x20000065                _edata = .
                0x080014c7                _sidata = LOADADDR (.data)

.igot.plt       0x20000068        0x0 load address 0x0800152c
 .igot.plt      0x20000068        0x0 C:\Users\Jacob\AppData\Local\Temp\ccxjgE2d.o

.bss            0x20000068       0x18 load address 0x0800152c
                0x20000068                _sbss = .
 *(.bss SORT_BY_NAME(.bss.*) COMMON)
 .bss.__lock___malloc_recursive_mutex
                0x20000068        0x1 c:/program files (x86)/gnu arm embedded toolchain/10 2021.10/bin/../lib/gcc/arm-none-eabi/10.3.1/../../../../arm-none-eabi/lib/thumb/v7e-m+fp/hard\libc_nano.a(lib_a-lock.o)
                0x20000068                __lock___malloc_recursive_mutex
 .bss.__lock___sfp_recursive_mutex
                0x20000069        0x1 c:/program files (x86)/gnu arm embedded toolchain/10 2021.10/bin/../lib/gcc/arm-none-eabi/10.3.1/../../../../arm-none-eabi/lib/thumb/v7e-m+fp/hard\libc_nano.a(lib_a-lock.o)
                0x20000069                __lock___sfp_recursive_mutex
 .bss.__lock___sinit_recursive_mutex
                0x2000006a        0x1 c:/program files (x86)/gnu arm embedded toolchain/10 2021.10/bin/../lib/gcc/arm-none-eabi/10.3.1/../../../../arm-none-eabi/lib/thumb/v7e-m+fp/hard\libc_nano.a(lib_a-lock.o)
                0x2000006a                __lock___sinit_recursive_mutex
 *fill*         0x2000006b        0x1 
 .bss.__malloc_free_list
                0x2000006c        0x4 c:/program files (x86)/gnu arm embedded toolchain/10 2021.10/bin/../lib/gcc/arm-none-eabi/10.3.1/../../../../arm-none-eabi/lib/thumb/v7e-m+fp/hard\libc_nano.a(lib_a-nano-mallocr.o)
                0x2000006c                __malloc_free_list
 .bss.__malloc_sbrk_start
                0x20000070        0x4 c:/program files (x86)/gnu arm embedded toolchain/10 2021.10/bin/../lib/gcc/arm-none-eabi/10.3.1/../../../../arm-none-eabi/lib/thumb/v7e-m+fp/hard\libc_nano.a(lib_a-nano-mallocr.o)
                0x20000070                __malloc_sbrk_start
 .bss.errno     0x20000074        0x4 c:/program files (x86)/gnu arm embedded toolchain/10 2021.10/bin/../lib/gcc/arm-none-eabi/10.3.1/../../../../arm-none-eabi/lib/thumb/v7e-m+fp/hard\libc_nano.a(lib_a-reent.o)
                0x20000074                errno
 .bss.heap.0    0x20000078        0x4 C:\Users\Jacob\AppData\Local\Temp\ccAtiwQq.o
 .bss.s_ticks   0x2000007c        0x4 C:\Users\Jacob\AppData\Local\Temp\ccxjgE2d.o
                0x20000080                _ebss = .
                0x20000080                . = ALIGN (0x8)
                0x20000080                _end = .
OUTPUT(firmware.elf elf32-littlearm)
LOAD linker stubs

.debug_info     0x00000000     0x1691
 .debug_info    0x00000000      0xebb C:\Users\Jacob\AppData\Local\Temp\ccxjgE2d.o
 .debug_info    0x00000ebb      0x7b4 C:\Users\Jacob\AppData\Local\Temp\ccAtiwQq.o
 .debug_info    0x0000166f       0x22 C:\Users\Jacob\AppData\Local\Temp\ccjdmVqJ.o

.debug_abbrev   0x00000000      0x655
 .debug_abbrev  0x00000000      0x394 C:\Users\Jacob\AppData\Local\Temp\ccxjgE2d.o
 .debug_abbrev  0x00000394      0x2af C:\Users\Jacob\AppData\Local\Temp\ccAtiwQq.o
 .debug_abbrev  0x00000643       0x12 C:\Users\Jacob\AppData\Local\Temp\ccjdmVqJ.o

.debug_loc      0x00000000      0x5b0
 .debug_loc     0x00000000      0x2ba C:\Users\Jacob\AppData\Local\Temp\ccxjgE2d.o
 .debug_loc     0x000002ba      0x2f6 C:\Users\Jacob\AppData\Local\Temp\ccAtiwQq.o

.debug_aranges  0x00000000       0xf0
 .debug_aranges
                0x00000000       0x40 C:\Users\Jacob\AppData\Local\Temp\ccxjgE2d.o
 .debug_aranges
                0x00000040       0x88 C:\Users\Jacob\AppData\Local\Temp\ccAtiwQq.o
 .debug_aranges
                0x000000c8       0x28 C:\Users\Jacob\AppData\Local\Temp\ccjdmVqJ.o

.debug_ranges   0x00000000      0x150
 .debug_ranges  0x00000000       0x88 C:\Users\Jacob\AppData\Local\Temp\ccxjgE2d.o
 .debug_ranges  0x00000088       0xa8 C:\Users\Jacob\AppData\Local\Temp\ccAtiwQq.o
 .debug_ranges  0x00000130       0x20 C:\Users\Jacob\AppData\Local\Temp\ccjdmVqJ.o

.debug_macro    0x00000000    0x1a4e2
 .debug_macro   0x00000000      0x2ae C:\Users\Jacob\AppData\Local\Temp\ccxjgE2d.o
 .debug_macro   0x000002ae      0xa6c C:\Users\Jacob\AppData\Local\Temp\ccxjgE2d.o
 .debug_macro   0x00000d1a       0x22 C:\Users\Jacob\AppData\Local\Temp\ccxjgE2d.o
 .debug_macro   0x00000d3c       0x4c C:\Users\Jacob\AppData\Local\Temp\ccxjgE2d.o
 .debug_macro   0x00000d88       0x1e C:\Users\Jacob\AppData\Local\Temp\ccxjgE2d.o
 .debug_macro   0x00000da6       0x94 C:\Users\Jacob\AppData\Local\Temp\ccxjgE2d.o
 .debug_macro   0x00000e3a       0x3c C:\Users\Jacob\AppData\Local\Temp\ccxjgE2d.o
 .debug_macro   0x00000e76      0x103 C:\Users\Jacob\AppData\Local\Temp\ccxjgE2d.o
 .debug_macro   0x00000f79       0x3a C:\Users\Jacob\AppData\Local\Temp\ccxjgE2d.o
 .debug_macro   0x00000fb3       0x57 C:\Users\Jacob\AppData\Local\Temp\ccxjgE2d.o
 .debug_macro   0x0000100a       0x6a C:\Users\Jacob\AppData\Local\Temp\ccxjgE2d.o
 .debug_macro   0x00001074      0x1df C:\Users\Jacob\AppData\Local\Temp\ccxjgE2d.o
 .debug_macro   0x00001253       0x82 C:\Users\Jacob\AppData\Local\Temp\ccxjgE2d.o
 .debug_macro   0x000012d5      0x460 C:\Users\Jacob\AppData\Local\Temp\ccxjgE2d.o
 .debug_macro   0x00001735       0x22 C:\Users\Jacob\AppData\Local\Temp\ccxjgE2d.o
 .debug_macro   0x00001757       0x1c C:\Users\Jacob\AppData\Local\Temp\ccxjgE2d.o
 .debug_macro   0x00001773       0x97 C:\Users\Jacob\AppData\Local\Temp\ccxjgE2d.o
 .debug_macro   0x0000180a      0x341 C:\Users\Jacob\AppData\Local\Temp\ccxjgE2d.o
 .debug_macro   0x00001b4b       0x8d C:\Users\Jacob\AppData\Local\Temp\ccxjgE2d.o
 .debug_macro   0x00001bd8       0x10 C:\Users\Jacob\AppData\Local\Temp\ccxjgE2d.o
 .debug_macro   0x00001be8       0x16 C:\Users\Jacob\AppData\Local\Temp\ccxjgE2d.o
 .debug_macro   0x00001bfe       0x43 C:\Users\Jacob\AppData\Local\Temp\ccxjgE2d.o
 .debug_macro   0x00001c41       0x34 C:\Users\Jacob\AppData\Local\Temp\ccxjgE2d.o
 .debug_macro   0x00001c75       0x10 C:\Users\Jacob\AppData\Local\Temp\ccxjgE2d.o
 .debug_macro   0x00001c85       0x58 C:\Users\Jacob\AppData\Local\Temp\ccxjgE2d.o
 .debug_macro   0x00001cdd       0x71 C:\Users\Jacob\AppData\Local\Temp\ccxjgE2d.o
 .debug_macro   0x00001d4e       0x1c C:\Users\Jacob\AppData\Local\Temp\ccxjgE2d.o
 .debug_macro   0x00001d6a      0x12a C:\Users\Jacob\AppData\Local\Temp\ccxjgE2d.o
 .debug_macro   0x00001e94       0x10 C:\Users\Jacob\AppData\Local\Temp\ccxjgE2d.o
 .debug_macro   0x00001ea4       0x1c C:\Users\Jacob\AppData\Local\Temp\ccxjgE2d.o
 .debug_macro   0x00001ec0       0x52 C:\Users\Jacob\AppData\Local\Temp\ccxjgE2d.o
 .debug_macro   0x00001f12       0x22 C:\Users\Jacob\AppData\Local\Temp\ccxjgE2d.o
 .debug_macro   0x00001f34       0x10 C:\Users\Jacob\AppData\Local\Temp\ccxjgE2d.o
 .debug_macro   0x00001f44       0x52 C:\Users\Jacob\AppData\Local\Temp\ccxjgE2d.o
 .debug_macro   0x00001f96       0xd5 C:\Users\Jacob\AppData\Local\Temp\ccxjgE2d.o
 .debug_macro   0x0000206b       0x1c C:\Users\Jacob\AppData\Local\Temp\ccxjgE2d.o
 .debug_macro   0x00002087       0x3d C:\Users\Jacob\AppData\Local\Temp\ccxjgE2d.o
 .debug_macro   0x000020c4       0x16 C:\Users\Jacob\AppData\Local\Temp\ccxjgE2d.o
 .debug_macro   0x000020da      0x145 C:\Users\Jacob\AppData\Local\Temp\ccxjgE2d.o
 .debug_macro   0x0000221f       0x16 C:\Users\Jacob\AppData\Local\Temp\ccxjgE2d.o
 .debug_macro   0x00002235       0x35 C:\Users\Jacob\AppData\Local\Temp\ccxjgE2d.o
 .debug_macro   0x0000226a       0x16 C:\Users\Jacob\AppData\Local\Temp\ccxjgE2d.o
 .debug_macro   0x00002280       0x29 C:\Users\Jacob\AppData\Local\Temp\ccxjgE2d.o
 .debug_macro   0x000022a9       0x16 C:\Users\Jacob\AppData\Local\Temp\ccxjgE2d.o
 .debug_macro   0x000022bf       0x10 C:\Users\Jacob\AppData\Local\Temp\ccxjgE2d.o
 .debug_macro   0x000022cf       0x41 C:\Users\Jacob\AppData\Local\Temp\ccxjgE2d.o
 .debug_macro   0x00002310      0x12c C:\Users\Jacob\AppData\Local\Temp\ccxjgE2d.o
 .debug_macro   0x0000243c       0x28 C:\Users\Jacob\AppData\Local\Temp\ccxjgE2d.o
 .debug_macro   0x00002464       0x1c C:\Users\Jacob\AppData\Local\Temp\ccxjgE2d.o
 .debug_macro   0x00002480       0x22 C:\Users\Jacob\AppData\Local\Temp\ccxjgE2d.o
 .debug_macro   0x000024a2       0xfb C:\Users\Jacob\AppData\Local\Temp\ccxjgE2d.o
 .debug_macro   0x0000259d     0x1011 C:\Users\Jacob\AppData\Local\Temp\ccxjgE2d.o
 .debug_macro   0x000035ae      0x11f C:\Users\Jacob\AppData\Local\Temp\ccxjgE2d.o
 .debug_macro   0x000036cd    0x16749 C:\Users\Jacob\AppData\Local\Temp\ccxjgE2d.o
 .debug_macro   0x00019e16       0x28 C:\Users\Jacob\AppData\Local\Temp\ccxjgE2d.o
 .debug_macro   0x00019e3e      0x2b2 C:\Users\Jacob\AppData\Local\Temp\ccAtiwQq.o
 .debug_macro   0x0001a0f0       0x34 C:\Users\Jacob\AppData\Local\Temp\ccAtiwQq.o
 .debug_macro   0x0001a124      0x174 C:\Users\Jacob\AppData\Local\Temp\ccAtiwQq.o
 .debug_macro   0x0001a298       0x10 C:\Users\Jacob\AppData\Local\Temp\ccAtiwQq.o
 .debug_macro   0x0001a2a8       0x10 C:\Users\Jacob\AppData\Local\Temp\ccAtiwQq.o
 .debug_macro   0x0001a2b8       0x35 C:\Users\Jacob\AppData\Local\Temp\ccAtiwQq.o
 .debug_macro   0x0001a2ed      0x1e5 C:\Users\Jacob\AppData\Local\Temp\ccAtiwQq.o
 .debug_macro   0x0001a4d2       0x10 C:\Users\Jacob\AppData\Local\Temp\ccAtiwQq.o

.debug_line     0x00000000      0xe89
 .debug_line    0x00000000      0x717 C:\Users\Jacob\AppData\Local\Temp\ccxjgE2d.o
 .debug_line    0x00000717      0x6de C:\Users\Jacob\AppData\Local\Temp\ccAtiwQq.o
 .debug_line    0x00000df5       0x94 C:\Users\Jacob\AppData\Local\Temp\ccjdmVqJ.o

.debug_str      0x00000000    0x9081e
 .debug_str     0x00000000    0x9064c C:\Users\Jacob\AppData\Local\Temp\ccxjgE2d.o
                              0x908c9 (size before relaxing)
 .debug_str     0x0009064c      0x190 C:\Users\Jacob\AppData\Local\Temp\ccAtiwQq.o
                              0x9023e (size before relaxing)
 .debug_str     0x000907dc       0x42 C:\Users\Jacob\AppData\Local\Temp\ccjdmVqJ.o
                                 0x8b (size before relaxing)

.comment        0x00000000       0x49
 .comment       0x00000000       0x49 C:\Users\Jacob\AppData\Local\Temp\ccxjgE2d.o
                                 0x4a (size before relaxing)
 .comment       0x00000049       0x4a C:\Users\Jacob\AppData\Local\Temp\ccAtiwQq.o

.ARM.attributes
                0x00000000       0x32
 .ARM.attributes
                0x00000000       0x34 C:\Users\Jacob\AppData\Local\Temp\ccxjgE2d.o
 .ARM.attributes
                0x00000034       0x34 C:\Users\Jacob\AppData\Local\Temp\ccAtiwQq.o
 .ARM.attributes
                0x00000068       0x21 C:\Users\Jacob\AppData\Local\Temp\ccjdmVqJ.o
 .ARM.attributes
                0x00000089       0x34 c:/program files (x86)/gnu arm embedded toolchain/10 2021.10/bin/../lib/gcc/arm-none-eabi/10.3.1/../../../../arm-none-eabi/lib/thumb/v7e-m+fp/hard\libc_nano.a(lib_a-init.o)
 .ARM.attributes
                0x000000bd       0x34 c:/program files (x86)/gnu arm embedded toolchain/10 2021.10/bin/../lib/gcc/arm-none-eabi/10.3.1/../../../../arm-none-eabi/lib/thumb/v7e-m+fp/hard\libc_nano.a(lib_a-printf.o)
 .ARM.attributes
                0x000000f1       0x34 c:/program files (x86)/gnu arm embedded toolchain/10 2021.10/bin/../lib/gcc/arm-none-eabi/10.3.1/../../../../arm-none-eabi/lib/thumb/v7e-m+fp/hard\libc_nano.a(lib_a-findfp.o)
 .ARM.attributes
                0x00000125       0x34 c:/program files (x86)/gnu arm embedded toolchain/10 2021.10/bin/../lib/gcc/arm-none-eabi/10.3.1/../../../../arm-none-eabi/lib/thumb/v7e-m+fp/hard\libc_nano.a(lib_a-fwalk.o)
 .ARM.attributes
                0x00000159       0x34 c:/program files (x86)/gnu arm embedded toolchain/10 2021.10/bin/../lib/gcc/arm-none-eabi/10.3.1/../../../../arm-none-eabi/lib/thumb/v7e-m+fp/hard\libc_nano.a(lib_a-impure.o)
 .ARM.attributes
                0x0000018d       0x34 c:/program files (x86)/gnu arm embedded toolchain/10 2021.10/bin/../lib/gcc/arm-none-eabi/10.3.1/../../../../arm-none-eabi/lib/thumb/v7e-m+fp/hard\libc_nano.a(lib_a-lock.o)
 .ARM.attributes
                0x000001c1       0x34 c:/program files (x86)/gnu arm embedded toolchain/10 2021.10/bin/../lib/gcc/arm-none-eabi/10.3.1/../../../../arm-none-eabi/lib/thumb/v7e-m+fp/hard\libc_nano.a(lib_a-memset.o)
 .ARM.attributes
                0x000001f5       0x34 c:/program files (x86)/gnu arm embedded toolchain/10 2021.10/bin/../lib/gcc/arm-none-eabi/10.3.1/../../../../arm-none-eabi/lib/thumb/v7e-m+fp/hard\libc_nano.a(lib_a-nano-mallocr.o)
 .ARM.attributes
                0x00000229       0x34 c:/program files (x86)/gnu arm embedded toolchain/10 2021.10/bin/../lib/gcc/arm-none-eabi/10.3.1/../../../../arm-none-eabi/lib/thumb/v7e-m+fp/hard\libc_nano.a(lib_a-nano-vfprintf.o)
 .ARM.attributes
                0x0000025d       0x34 c:/program files (x86)/gnu arm embedded toolchain/10 2021.10/bin/../lib/gcc/arm-none-eabi/10.3.1/../../../../arm-none-eabi/lib/thumb/v7e-m+fp/hard\libc_nano.a(lib_a-nano-vfprintf_i.o)
 .ARM.attributes
                0x00000291       0x34 c:/program files (x86)/gnu arm embedded toolchain/10 2021.10/bin/../lib/gcc/arm-none-eabi/10.3.1/../../../../arm-none-eabi/lib/thumb/v7e-m+fp/hard\libc_nano.a(lib_a-sbrkr.o)
 .ARM.attributes
                0x000002c5       0x34 c:/program files (x86)/gnu arm embedded toolchain/10 2021.10/bin/../lib/gcc/arm-none-eabi/10.3.1/../../../../arm-none-eabi/lib/thumb/v7e-m+fp/hard\libc_nano.a(lib_a-stdio.o)
 .ARM.attributes
                0x000002f9       0x34 c:/program files (x86)/gnu arm embedded toolchain/10 2021.10/bin/../lib/gcc/arm-none-eabi/10.3.1/../../../../arm-none-eabi/lib/thumb/v7e-m+fp/hard\libc_nano.a(lib_a-wbuf.o)
 .ARM.attributes
                0x0000032d       0x34 c:/program files (x86)/gnu arm embedded toolchain/10 2021.10/bin/../lib/gcc/arm-none-eabi/10.3.1/../../../../arm-none-eabi/lib/thumb/v7e-m+fp/hard\libc_nano.a(lib_a-writer.o)
 .ARM.attributes
                0x00000361       0x34 c:/program files (x86)/gnu arm embedded toolchain/10 2021.10/bin/../lib/gcc/arm-none-eabi/10.3.1/../../../../arm-none-eabi/lib/thumb/v7e-m+fp/hard\libc_nano.a(lib_a-wsetup.o)
 .ARM.attributes
                0x00000395       0x34 c:/program files (x86)/gnu arm embedded toolchain/10 2021.10/bin/../lib/gcc/arm-none-eabi/10.3.1/../../../../arm-none-eabi/lib/thumb/v7e-m+fp/hard\libc_nano.a(lib_a-closer.o)
 .ARM.attributes
                0x000003c9       0x34 c:/program files (x86)/gnu arm embedded toolchain/10 2021.10/bin/../lib/gcc/arm-none-eabi/10.3.1/../../../../arm-none-eabi/lib/thumb/v7e-m+fp/hard\libc_nano.a(lib_a-fflush.o)
 .ARM.attributes
                0x000003fd       0x34 c:/program files (x86)/gnu arm embedded toolchain/10 2021.10/bin/../lib/gcc/arm-none-eabi/10.3.1/../../../../arm-none-eabi/lib/thumb/v7e-m+fp/hard\libc_nano.a(lib_a-lseekr.o)
 .ARM.attributes
                0x00000431       0x34 c:/program files (x86)/gnu arm embedded toolchain/10 2021.10/bin/../lib/gcc/arm-none-eabi/10.3.1/../../../../arm-none-eabi/lib/thumb/v7e-m+fp/hard\libc_nano.a(lib_a-makebuf.o)
 .ARM.attributes
                0x00000465       0x1c c:/program files (x86)/gnu arm embedded toolchain/10 2021.10/bin/../lib/gcc/arm-none-eabi/10.3.1/../../../../arm-none-eabi/lib/thumb/v7e-m+fp/hard\libc_nano.a(lib_a-memchr.o)
 .ARM.attributes
                0x00000481       0x34 c:/program files (x86)/gnu arm embedded toolchain/10 2021.10/bin/../lib/gcc/arm-none-eabi/10.3.1/../../../../arm-none-eabi/lib/thumb/v7e-m+fp/hard\libc_nano.a(lib_a-mlock.o)
 .ARM.attributes
                0x000004b5       0x34 c:/program files (x86)/gnu arm embedded toolchain/10 2021.10/bin/../lib/gcc/arm-none-eabi/10.3.1/../../../../arm-none-eabi/lib/thumb/v7e-m+fp/hard\libc_nano.a(lib_a-nano-freer.o)
 .ARM.attributes
                0x000004e9       0x34 c:/program files (x86)/gnu arm embedded toolchain/10 2021.10/bin/../lib/gcc/arm-none-eabi/10.3.1/../../../../arm-none-eabi/lib/thumb/v7e-m+fp/hard\libc_nano.a(lib_a-readr.o)
 .ARM.attributes
                0x0000051d       0x34 c:/program files (x86)/gnu arm embedded toolchain/10 2021.10/bin/../lib/gcc/arm-none-eabi/10.3.1/../../../../arm-none-eabi/lib/thumb/v7e-m+fp/hard\libc_nano.a(lib_a-reent.o)
 .ARM.attributes
                0x00000551       0x34 c:/program files (x86)/gnu arm embedded toolchain/10 2021.10/bin/../lib/gcc/arm-none-eabi/10.3.1/../../../../arm-none-eabi/lib/thumb/v7e-m+fp/hard\libc_nano.a(lib_a-fstatr.o)
 .ARM.attributes
                0x00000585       0x34 c:/program files (x86)/gnu arm embedded toolchain/10 2021.10/bin/../lib/gcc/arm-none-eabi/10.3.1/../../../../arm-none-eabi/lib/thumb/v7e-m+fp/hard\libc_nano.a(lib_a-isattyr.o)

.debug_frame    0x00000000      0x99c
 .debug_frame   0x00000000       0x7c C:\Users\Jacob\AppData\Local\Temp\ccxjgE2d.o
 .debug_frame   0x0000007c      0x118 C:\Users\Jacob\AppData\Local\Temp\ccAtiwQq.o
 .debug_frame   0x00000194       0x2c c:/program files (x86)/gnu arm embedded toolchain/10 2021.10/bin/../lib/gcc/arm-none-eabi/10.3.1/../../../../arm-none-eabi/lib/thumb/v7e-m+fp/hard\libc_nano.a(lib_a-init.o)
 .debug_frame   0x000001c0       0x74 c:/program files (x86)/gnu arm embedded toolchain/10 2021.10/bin/../lib/gcc/arm-none-eabi/10.3.1/../../../../arm-none-eabi/lib/thumb/v7e-m+fp/hard\libc_nano.a(lib_a-printf.o)
 .debug_frame   0x00000234      0x14c c:/program files (x86)/gnu arm embedded toolchain/10 2021.10/bin/../lib/gcc/arm-none-eabi/10.3.1/../../../../arm-none-eabi/lib/thumb/v7e-m+fp/hard\libc_nano.a(lib_a-findfp.o)
 .debug_frame   0x00000380       0x54 c:/program files (x86)/gnu arm embedded toolchain/10 2021.10/bin/../lib/gcc/arm-none-eabi/10.3.1/../../../../arm-none-eabi/lib/thumb/v7e-m+fp/hard\libc_nano.a(lib_a-fwalk.o)
 .debug_frame   0x000003d4       0xb0 c:/program files (x86)/gnu arm embedded toolchain/10 2021.10/bin/../lib/gcc/arm-none-eabi/10.3.1/../../../../arm-none-eabi/lib/thumb/v7e-m+fp/hard\libc_nano.a(lib_a-lock.o)
 .debug_frame   0x00000484       0x20 c:/program files (x86)/gnu arm embedded toolchain/10 2021.10/bin/../lib/gcc/arm-none-eabi/10.3.1/../../../../arm-none-eabi/lib/thumb/v7e-m+fp/hard\libc_nano.a(lib_a-memset.o)
 .debug_frame   0x000004a4       0x4c c:/program files (x86)/gnu arm embedded toolchain/10 2021.10/bin/../lib/gcc/arm-none-eabi/10.3.1/../../../../arm-none-eabi/lib/thumb/v7e-m+fp/hard\libc_nano.a(lib_a-nano-mallocr.o)
 .debug_frame   0x000004f0       0xac c:/program files (x86)/gnu arm embedded toolchain/10 2021.10/bin/../lib/gcc/arm-none-eabi/10.3.1/../../../../arm-none-eabi/lib/thumb/v7e-m+fp/hard\libc_nano.a(lib_a-nano-vfprintf.o)
 .debug_frame   0x0000059c       0x60 c:/program files (x86)/gnu arm embedded toolchain/10 2021.10/bin/../lib/gcc/arm-none-eabi/10.3.1/../../../../arm-none-eabi/lib/thumb/v7e-m+fp/hard\libc_nano.a(lib_a-nano-vfprintf_i.o)
 .debug_frame   0x000005fc       0x2c c:/program files (x86)/gnu arm embedded toolchain/10 2021.10/bin/../lib/gcc/arm-none-eabi/10.3.1/../../../../arm-none-eabi/lib/thumb/v7e-m+fp/hard\libc_nano.a(lib_a-sbrkr.o)
 .debug_frame   0x00000628       0x88 c:/program files (x86)/gnu arm embedded toolchain/10 2021.10/bin/../lib/gcc/arm-none-eabi/10.3.1/../../../../arm-none-eabi/lib/thumb/v7e-m+fp/hard\libc_nano.a(lib_a-stdio.o)
 .debug_frame   0x000006b0       0x40 c:/program files (x86)/gnu arm embedded toolchain/10 2021.10/bin/../lib/gcc/arm-none-eabi/10.3.1/../../../../arm-none-eabi/lib/thumb/v7e-m+fp/hard\libc_nano.a(lib_a-wbuf.o)
 .debug_frame   0x000006f0       0x2c c:/program files (x86)/gnu arm embedded toolchain/10 2021.10/bin/../lib/gcc/arm-none-eabi/10.3.1/../../../../arm-none-eabi/lib/thumb/v7e-m+fp/hard\libc_nano.a(lib_a-writer.o)
 .debug_frame   0x0000071c       0x2c c:/program files (x86)/gnu arm embedded toolchain/10 2021.10/bin/../lib/gcc/arm-none-eabi/10.3.1/../../../../arm-none-eabi/lib/thumb/v7e-m+fp/hard\libc_nano.a(lib_a-wsetup.o)
 .debug_frame   0x00000748       0x2c c:/program files (x86)/gnu arm embedded toolchain/10 2021.10/bin/../lib/gcc/arm-none-eabi/10.3.1/../../../../arm-none-eabi/lib/thumb/v7e-m+fp/hard\libc_nano.a(lib_a-closer.o)
 .debug_frame   0x00000774       0x5c c:/program files (x86)/gnu arm embedded toolchain/10 2021.10/bin/../lib/gcc/arm-none-eabi/10.3.1/../../../../arm-none-eabi/lib/thumb/v7e-m+fp/hard\libc_nano.a(lib_a-fflush.o)
 .debug_frame   0x000007d0       0x2c c:/program files (x86)/gnu arm embedded toolchain/10 2021.10/bin/../lib/gcc/arm-none-eabi/10.3.1/../../../../arm-none-eabi/lib/thumb/v7e-m+fp/hard\libc_nano.a(lib_a-lseekr.o)
 .debug_frame   0x000007fc       0x58 c:/program files (x86)/gnu arm embedded toolchain/10 2021.10/bin/../lib/gcc/arm-none-eabi/10.3.1/../../../../arm-none-eabi/lib/thumb/v7e-m+fp/hard\libc_nano.a(lib_a-makebuf.o)
 .debug_frame   0x00000854       0x30 c:/program files (x86)/gnu arm embedded toolchain/10 2021.10/bin/../lib/gcc/arm-none-eabi/10.3.1/../../../../arm-none-eabi/lib/thumb/v7e-m+fp/hard\libc_nano.a(lib_a-mlock.o)
 .debug_frame   0x00000884       0x38 c:/program files (x86)/gnu arm embedded toolchain/10 2021.10/bin/../lib/gcc/arm-none-eabi/10.3.1/../../../../arm-none-eabi/lib/thumb/v7e-m+fp/hard\libc_nano.a(lib_a-nano-freer.o)
 .debug_frame   0x000008bc       0x2c c:/program files (x86)/gnu arm embedded toolchain/10 2021.10/bin/../lib/gcc/arm-none-eabi/10.3.1/../../../../arm-none-eabi/lib/thumb/v7e-m+fp/hard\libc_nano.a(lib_a-readr.o)
 .debug_frame   0x000008e8       0x5c c:/program files (x86)/gnu arm embedded toolchain/10 2021.10/bin/../lib/gcc/arm-none-eabi/10.3.1/../../../../arm-none-eabi/lib/thumb/v7e-m+fp/hard\libc_nano.a(lib_a-reent.o)
 .debug_frame   0x00000944       0x2c c:/program files (x86)/gnu arm embedded toolchain/10 2021.10/bin/../lib/gcc/arm-none-eabi/10.3.1/../../../../arm-none-eabi/lib/thumb/v7e-m+fp/hard\libc_nano.a(lib_a-fstatr.o)
 .debug_frame   0x00000970       0x2c c:/program files (x86)/gnu arm embedded toolchain/10 2021.10/bin/../lib/gcc/arm-none-eabi/10.3.1/../../../../arm-none-eabi/lib/thumb/v7e-m+fp/hard\libc_nano.a(lib_a-isattyr.o)
