Archive member included to satisfy reference by file (symbol)

c:/program files (x86)/gnu arm embedded toolchain/10 2021.10/bin/../lib/gcc/arm-none-eabi/10.3.1/../../../../arm-none-eabi/lib/thumb/v7e-m+fp/hard\libc_nano.a(lib_a-memcpy-stub.o)
                              C:\Users\Jacob\AppData\Local\Temp\cca6tIzf.o (memcpy)
c:/program files (x86)/gnu arm embedded toolchain/10 2021.10/bin/../lib/gcc/arm-none-eabi/10.3.1/../../../../arm-none-eabi/lib/thumb/v7e-m+fp/hard\libc_nano.a(lib_a-memset.o)
                              C:\Users\Jacob\AppData\Local\Temp\cca6tIzf.o (memset)

Discarded input sections

 .group         0x00000000        0xc C:\Users\Jacob\AppData\Local\Temp\cca6tIzf.o
 .group         0x00000000        0xc C:\Users\Jacob\AppData\Local\Temp\cca6tIzf.o
 .group         0x00000000        0xc C:\Users\Jacob\AppData\Local\Temp\cca6tIzf.o
 .group         0x00000000        0xc C:\Users\Jacob\AppData\Local\Temp\cca6tIzf.o
 .group         0x00000000        0xc C:\Users\Jacob\AppData\Local\Temp\cca6tIzf.o
 .group         0x00000000        0xc C:\Users\Jacob\AppData\Local\Temp\cca6tIzf.o
 .group         0x00000000        0xc C:\Users\Jacob\AppData\Local\Temp\cca6tIzf.o
 .group         0x00000000        0xc C:\Users\Jacob\AppData\Local\Temp\cca6tIzf.o
 .group         0x00000000        0xc C:\Users\Jacob\AppData\Local\Temp\cca6tIzf.o
 .group         0x00000000        0xc C:\Users\Jacob\AppData\Local\Temp\cca6tIzf.o
 .group         0x00000000        0xc C:\Users\Jacob\AppData\Local\Temp\cca6tIzf.o
 .group         0x00000000        0xc C:\Users\Jacob\AppData\Local\Temp\cca6tIzf.o
 .group         0x00000000        0xc C:\Users\Jacob\AppData\Local\Temp\cca6tIzf.o
 .group         0x00000000        0xc C:\Users\Jacob\AppData\Local\Temp\cca6tIzf.o
 .text          0x00000000        0x0 C:\Users\Jacob\AppData\Local\Temp\cca6tIzf.o
 .data          0x00000000        0x0 C:\Users\Jacob\AppData\Local\Temp\cca6tIzf.o
 .bss           0x00000000        0x0 C:\Users\Jacob\AppData\Local\Temp\cca6tIzf.o
 .text          0x00000000        0x0 c:/program files (x86)/gnu arm embedded toolchain/10 2021.10/bin/../lib/gcc/arm-none-eabi/10.3.1/../../../../arm-none-eabi/lib/thumb/v7e-m+fp/hard\libc_nano.a(lib_a-memcpy-stub.o)
 .data          0x00000000        0x0 c:/program files (x86)/gnu arm embedded toolchain/10 2021.10/bin/../lib/gcc/arm-none-eabi/10.3.1/../../../../arm-none-eabi/lib/thumb/v7e-m+fp/hard\libc_nano.a(lib_a-memcpy-stub.o)
 .bss           0x00000000        0x0 c:/program files (x86)/gnu arm embedded toolchain/10 2021.10/bin/../lib/gcc/arm-none-eabi/10.3.1/../../../../arm-none-eabi/lib/thumb/v7e-m+fp/hard\libc_nano.a(lib_a-memcpy-stub.o)
 .text          0x00000000        0x0 c:/program files (x86)/gnu arm embedded toolchain/10 2021.10/bin/../lib/gcc/arm-none-eabi/10.3.1/../../../../arm-none-eabi/lib/thumb/v7e-m+fp/hard\libc_nano.a(lib_a-memset.o)
 .data          0x00000000        0x0 c:/program files (x86)/gnu arm embedded toolchain/10 2021.10/bin/../lib/gcc/arm-none-eabi/10.3.1/../../../../arm-none-eabi/lib/thumb/v7e-m+fp/hard\libc_nano.a(lib_a-memset.o)
 .bss           0x00000000        0x0 c:/program files (x86)/gnu arm embedded toolchain/10 2021.10/bin/../lib/gcc/arm-none-eabi/10.3.1/../../../../arm-none-eabi/lib/thumb/v7e-m+fp/hard\libc_nano.a(lib_a-memset.o)

Memory Configuration

Name             Origin             Length             Attributes
flash            0x08000000         0x00080000         xr
sram             0x20000000         0x00020000         xrw
*default*        0x00000000         0xffffffff

Linker script and memory map

LOAD C:\Users\Jacob\AppData\Local\Temp\cca6tIzf.o
LOAD c:/program files (x86)/gnu arm embedded toolchain/10 2021.10/bin/../lib/gcc/arm-none-eabi/10.3.1/../../../../arm-none-eabi/lib/thumb/v7e-m+fp/hard\libc_nano.a
LOAD c:/program files (x86)/gnu arm embedded toolchain/10 2021.10/bin/../lib/gcc/arm-none-eabi/10.3.1/thumb/v7e-m+fp/hard\libgcc.a
                0x20020000                _estack = (ORIGIN (sram) + LENGTH (sram))

.vectors        0x08000000      0x1c4
 *(.vectors)
 .vectors       0x08000000      0x1c4 C:\Users\Jacob\AppData\Local\Temp\cca6tIzf.o
                0x08000000                tab

.text           0x080001c4       0xc4
 *(.text*)
 .text.startup.main
                0x080001c4       0x4c C:\Users\Jacob\AppData\Local\Temp\cca6tIzf.o
                0x080001c4                main
 .text._reset   0x08000210       0x4c C:\Users\Jacob\AppData\Local\Temp\cca6tIzf.o
                0x08000210                _reset
 .text.memcpy   0x0800025c       0x1c c:/program files (x86)/gnu arm embedded toolchain/10 2021.10/bin/../lib/gcc/arm-none-eabi/10.3.1/../../../../arm-none-eabi/lib/thumb/v7e-m+fp/hard\libc_nano.a(lib_a-memcpy-stub.o)
                0x0800025c                memcpy
 .text.memset   0x08000278       0x10 c:/program files (x86)/gnu arm embedded toolchain/10 2021.10/bin/../lib/gcc/arm-none-eabi/10.3.1/../../../../arm-none-eabi/lib/thumb/v7e-m+fp/hard\libc_nano.a(lib_a-memset.o)
                0x08000278                memset

.glue_7         0x08000288        0x0
 .glue_7        0x08000288        0x0 linker stubs

.glue_7t        0x08000288        0x0
 .glue_7t       0x08000288        0x0 linker stubs

.vfp11_veneer   0x08000288        0x0
 .vfp11_veneer  0x08000288        0x0 linker stubs

.v4_bx          0x08000288        0x0
 .v4_bx         0x08000288        0x0 linker stubs

.iplt           0x08000288        0x0
 .iplt          0x08000288        0x0 C:\Users\Jacob\AppData\Local\Temp\cca6tIzf.o

.rel.dyn        0x08000288        0x0
 .rel.iplt      0x08000288        0x0 C:\Users\Jacob\AppData\Local\Temp\cca6tIzf.o

.rodata
 *(.rodata*)

.data           0x20000000        0x0 load address 0x08000288
                0x20000000                _sdata = .
 *(.first_data)
 *(.data SORT_BY_NAME(.data*))
                0x20000000                _edata = .
                0x08000288                _sidata = LOADADDR (.data)

.igot.plt       0x20000000        0x0 load address 0x08000288
 .igot.plt      0x20000000        0x0 C:\Users\Jacob\AppData\Local\Temp\cca6tIzf.o

.bss            0x20000000        0x0 load address 0x08000288
                0x20000000                _sbss = .
 *(.bss SORT_BY_NAME(.bss.*) COMMON)
                0x20000000                _ebss = .
OUTPUT(firmware.elf elf32-littlearm)
LOAD linker stubs

.debug_info     0x00000000      0x5ed
 .debug_info    0x00000000      0x5ed C:\Users\Jacob\AppData\Local\Temp\cca6tIzf.o

.debug_abbrev   0x00000000      0x244
 .debug_abbrev  0x00000000      0x244 C:\Users\Jacob\AppData\Local\Temp\cca6tIzf.o

.debug_loc      0x00000000      0x108
 .debug_loc     0x00000000      0x108 C:\Users\Jacob\AppData\Local\Temp\cca6tIzf.o

.debug_aranges  0x00000000       0x28
 .debug_aranges
                0x00000000       0x28 C:\Users\Jacob\AppData\Local\Temp\cca6tIzf.o

.debug_ranges   0x00000000       0x48
 .debug_ranges  0x00000000       0x48 C:\Users\Jacob\AppData\Local\Temp\cca6tIzf.o

.debug_macro    0x00000000     0x1585
 .debug_macro   0x00000000       0xdc C:\Users\Jacob\AppData\Local\Temp\cca6tIzf.o
 .debug_macro   0x000000dc      0xa6c C:\Users\Jacob\AppData\Local\Temp\cca6tIzf.o
 .debug_macro   0x00000b48       0x22 C:\Users\Jacob\AppData\Local\Temp\cca6tIzf.o
 .debug_macro   0x00000b6a       0x4c C:\Users\Jacob\AppData\Local\Temp\cca6tIzf.o
 .debug_macro   0x00000bb6       0x1e C:\Users\Jacob\AppData\Local\Temp\cca6tIzf.o
 .debug_macro   0x00000bd4       0x94 C:\Users\Jacob\AppData\Local\Temp\cca6tIzf.o
 .debug_macro   0x00000c68       0x3c C:\Users\Jacob\AppData\Local\Temp\cca6tIzf.o
 .debug_macro   0x00000ca4      0x103 C:\Users\Jacob\AppData\Local\Temp\cca6tIzf.o
 .debug_macro   0x00000da7       0x3a C:\Users\Jacob\AppData\Local\Temp\cca6tIzf.o
 .debug_macro   0x00000de1       0x57 C:\Users\Jacob\AppData\Local\Temp\cca6tIzf.o
 .debug_macro   0x00000e38       0x6a C:\Users\Jacob\AppData\Local\Temp\cca6tIzf.o
 .debug_macro   0x00000ea2      0x1df C:\Users\Jacob\AppData\Local\Temp\cca6tIzf.o
 .debug_macro   0x00001081       0x82 C:\Users\Jacob\AppData\Local\Temp\cca6tIzf.o
 .debug_macro   0x00001103      0x460 C:\Users\Jacob\AppData\Local\Temp\cca6tIzf.o
 .debug_macro   0x00001563       0x22 C:\Users\Jacob\AppData\Local\Temp\cca6tIzf.o

.debug_line     0x00000000      0x3a8
 .debug_line    0x00000000      0x3a8 C:\Users\Jacob\AppData\Local\Temp\cca6tIzf.o

.debug_str      0x00000000     0x5182
 .debug_str     0x00000000     0x5182 C:\Users\Jacob\AppData\Local\Temp\cca6tIzf.o
                               0x533b (size before relaxing)

.comment        0x00000000       0x49
 .comment       0x00000000       0x49 C:\Users\Jacob\AppData\Local\Temp\cca6tIzf.o
                                 0x4a (size before relaxing)

.ARM.attributes
                0x00000000       0x34
 .ARM.attributes
                0x00000000       0x34 C:\Users\Jacob\AppData\Local\Temp\cca6tIzf.o
 .ARM.attributes
                0x00000034       0x34 c:/program files (x86)/gnu arm embedded toolchain/10 2021.10/bin/../lib/gcc/arm-none-eabi/10.3.1/../../../../arm-none-eabi/lib/thumb/v7e-m+fp/hard\libc_nano.a(lib_a-memcpy-stub.o)
 .ARM.attributes
                0x00000068       0x34 c:/program files (x86)/gnu arm embedded toolchain/10 2021.10/bin/../lib/gcc/arm-none-eabi/10.3.1/../../../../arm-none-eabi/lib/thumb/v7e-m+fp/hard\libc_nano.a(lib_a-memset.o)

.debug_frame    0x00000000       0x80
 .debug_frame   0x00000000       0x38 C:\Users\Jacob\AppData\Local\Temp\cca6tIzf.o
 .debug_frame   0x00000038       0x28 c:/program files (x86)/gnu arm embedded toolchain/10 2021.10/bin/../lib/gcc/arm-none-eabi/10.3.1/../../../../arm-none-eabi/lib/thumb/v7e-m+fp/hard\libc_nano.a(lib_a-memcpy-stub.o)
 .debug_frame   0x00000060       0x20 c:/program files (x86)/gnu arm embedded toolchain/10 2021.10/bin/../lib/gcc/arm-none-eabi/10.3.1/../../../../arm-none-eabi/lib/thumb/v7e-m+fp/hard\libc_nano.a(lib_a-memset.o)
