Archive member included to satisfy reference by file (symbol)

c:/program files (x86)/gnu arm embedded toolchain/10 2021.10/bin/../lib/gcc/arm-none-eabi/10.3.1/../../../../arm-none-eabi/lib/thumb/v7e-m+fp/hard\libc_nano.a(lib_a-memcpy-stub.o)
                              C:\Users\Jacob\AppData\Local\Temp\ccISMHko.o (memcpy)
c:/program files (x86)/gnu arm embedded toolchain/10 2021.10/bin/../lib/gcc/arm-none-eabi/10.3.1/../../../../arm-none-eabi/lib/thumb/v7e-m+fp/hard\libc_nano.a(lib_a-memset.o)
                              C:\Users\Jacob\AppData\Local\Temp\ccISMHko.o (memset)
c:/program files (x86)/gnu arm embedded toolchain/10 2021.10/bin/../lib/gcc/arm-none-eabi/10.3.1/../../../../arm-none-eabi/lib/thumb/v7e-m+fp/hard\libc_nano.a(lib_a-printf.o)
                              C:\Users\Jacob\AppData\Local\Temp\ccWetNKS.o (printf)
c:/program files (x86)/gnu arm embedded toolchain/10 2021.10/bin/../lib/gcc/arm-none-eabi/10.3.1/../../../../arm-none-eabi/lib/thumb/v7e-m+fp/hard\libc_nano.a(lib_a-findfp.o)
                              c:/program files (x86)/gnu arm embedded toolchain/10 2021.10/bin/../lib/gcc/arm-none-eabi/10.3.1/../../../../arm-none-eabi/lib/thumb/v7e-m+fp/hard\libc_nano.a(lib_a-printf.o) (__sinit)
c:/program files (x86)/gnu arm embedded toolchain/10 2021.10/bin/../lib/gcc/arm-none-eabi/10.3.1/../../../../arm-none-eabi/lib/thumb/v7e-m+fp/hard\libc_nano.a(lib_a-fwalk.o)
                              c:/program files (x86)/gnu arm embedded toolchain/10 2021.10/bin/../lib/gcc/arm-none-eabi/10.3.1/../../../../arm-none-eabi/lib/thumb/v7e-m+fp/hard\libc_nano.a(lib_a-findfp.o) (_fwalk)
c:/program files (x86)/gnu arm embedded toolchain/10 2021.10/bin/../lib/gcc/arm-none-eabi/10.3.1/../../../../arm-none-eabi/lib/thumb/v7e-m+fp/hard\libc_nano.a(lib_a-impure.o)
                              c:/program files (x86)/gnu arm embedded toolchain/10 2021.10/bin/../lib/gcc/arm-none-eabi/10.3.1/../../../../arm-none-eabi/lib/thumb/v7e-m+fp/hard\libc_nano.a(lib_a-findfp.o) (_global_impure_ptr)
c:/program files (x86)/gnu arm embedded toolchain/10 2021.10/bin/../lib/gcc/arm-none-eabi/10.3.1/../../../../arm-none-eabi/lib/thumb/v7e-m+fp/hard\libc_nano.a(lib_a-lock.o)
                              c:/program files (x86)/gnu arm embedded toolchain/10 2021.10/bin/../lib/gcc/arm-none-eabi/10.3.1/../../../../arm-none-eabi/lib/thumb/v7e-m+fp/hard\libc_nano.a(lib_a-findfp.o) (__retarget_lock_init_recursive)
c:/program files (x86)/gnu arm embedded toolchain/10 2021.10/bin/../lib/gcc/arm-none-eabi/10.3.1/../../../../arm-none-eabi/lib/thumb/v7e-m+fp/hard\libc_nano.a(lib_a-nano-mallocr.o)
                              c:/program files (x86)/gnu arm embedded toolchain/10 2021.10/bin/../lib/gcc/arm-none-eabi/10.3.1/../../../../arm-none-eabi/lib/thumb/v7e-m+fp/hard\libc_nano.a(lib_a-findfp.o) (_malloc_r)
c:/program files (x86)/gnu arm embedded toolchain/10 2021.10/bin/../lib/gcc/arm-none-eabi/10.3.1/../../../../arm-none-eabi/lib/thumb/v7e-m+fp/hard\libc_nano.a(lib_a-nano-vfprintf.o)
                              c:/program files (x86)/gnu arm embedded toolchain/10 2021.10/bin/../lib/gcc/arm-none-eabi/10.3.1/../../../../arm-none-eabi/lib/thumb/v7e-m+fp/hard\libc_nano.a(lib_a-printf.o) (_vfprintf_r)
c:/program files (x86)/gnu arm embedded toolchain/10 2021.10/bin/../lib/gcc/arm-none-eabi/10.3.1/../../../../arm-none-eabi/lib/thumb/v7e-m+fp/hard\libc_nano.a(lib_a-nano-vfprintf_i.o)
                              c:/program files (x86)/gnu arm embedded toolchain/10 2021.10/bin/../lib/gcc/arm-none-eabi/10.3.1/../../../../arm-none-eabi/lib/thumb/v7e-m+fp/hard\libc_nano.a(lib_a-nano-vfprintf.o) (_printf_i)
c:/program files (x86)/gnu arm embedded toolchain/10 2021.10/bin/../lib/gcc/arm-none-eabi/10.3.1/../../../../arm-none-eabi/lib/thumb/v7e-m+fp/hard\libc_nano.a(lib_a-sbrkr.o)
                              c:/program files (x86)/gnu arm embedded toolchain/10 2021.10/bin/../lib/gcc/arm-none-eabi/10.3.1/../../../../arm-none-eabi/lib/thumb/v7e-m+fp/hard\libc_nano.a(lib_a-nano-mallocr.o) (_sbrk_r)
c:/program files (x86)/gnu arm embedded toolchain/10 2021.10/bin/../lib/gcc/arm-none-eabi/10.3.1/../../../../arm-none-eabi/lib/thumb/v7e-m+fp/hard\libc_nano.a(lib_a-stdio.o)
                              c:/program files (x86)/gnu arm embedded toolchain/10 2021.10/bin/../lib/gcc/arm-none-eabi/10.3.1/../../../../arm-none-eabi/lib/thumb/v7e-m+fp/hard\libc_nano.a(lib_a-findfp.o) (__sread)
c:/program files (x86)/gnu arm embedded toolchain/10 2021.10/bin/../lib/gcc/arm-none-eabi/10.3.1/../../../../arm-none-eabi/lib/thumb/v7e-m+fp/hard\libc_nano.a(lib_a-wbuf.o)
                              c:/program files (x86)/gnu arm embedded toolchain/10 2021.10/bin/../lib/gcc/arm-none-eabi/10.3.1/../../../../arm-none-eabi/lib/thumb/v7e-m+fp/hard\libc_nano.a(lib_a-nano-vfprintf.o) (__swbuf_r)
c:/program files (x86)/gnu arm embedded toolchain/10 2021.10/bin/../lib/gcc/arm-none-eabi/10.3.1/../../../../arm-none-eabi/lib/thumb/v7e-m+fp/hard\libc_nano.a(lib_a-writer.o)
                              c:/program files (x86)/gnu arm embedded toolchain/10 2021.10/bin/../lib/gcc/arm-none-eabi/10.3.1/../../../../arm-none-eabi/lib/thumb/v7e-m+fp/hard\libc_nano.a(lib_a-stdio.o) (_write_r)
c:/program files (x86)/gnu arm embedded toolchain/10 2021.10/bin/../lib/gcc/arm-none-eabi/10.3.1/../../../../arm-none-eabi/lib/thumb/v7e-m+fp/hard\libc_nano.a(lib_a-wsetup.o)
                              c:/program files (x86)/gnu arm embedded toolchain/10 2021.10/bin/../lib/gcc/arm-none-eabi/10.3.1/../../../../arm-none-eabi/lib/thumb/v7e-m+fp/hard\libc_nano.a(lib_a-nano-vfprintf.o) (__swsetup_r)
c:/program files (x86)/gnu arm embedded toolchain/10 2021.10/bin/../lib/gcc/arm-none-eabi/10.3.1/../../../../arm-none-eabi/lib/thumb/v7e-m+fp/hard\libc_nano.a(lib_a-closer.o)
                              c:/program files (x86)/gnu arm embedded toolchain/10 2021.10/bin/../lib/gcc/arm-none-eabi/10.3.1/../../../../arm-none-eabi/lib/thumb/v7e-m+fp/hard\libc_nano.a(lib_a-stdio.o) (_close_r)
c:/program files (x86)/gnu arm embedded toolchain/10 2021.10/bin/../lib/gcc/arm-none-eabi/10.3.1/../../../../arm-none-eabi/lib/thumb/v7e-m+fp/hard\libc_nano.a(lib_a-fflush.o)
                              c:/program files (x86)/gnu arm embedded toolchain/10 2021.10/bin/../lib/gcc/arm-none-eabi/10.3.1/../../../../arm-none-eabi/lib/thumb/v7e-m+fp/hard\libc_nano.a(lib_a-findfp.o) (_fflush_r)
c:/program files (x86)/gnu arm embedded toolchain/10 2021.10/bin/../lib/gcc/arm-none-eabi/10.3.1/../../../../arm-none-eabi/lib/thumb/v7e-m+fp/hard\libc_nano.a(lib_a-fvwrite.o)
                              c:/program files (x86)/gnu arm embedded toolchain/10 2021.10/bin/../lib/gcc/arm-none-eabi/10.3.1/../../../../arm-none-eabi/lib/thumb/v7e-m+fp/hard\libc_nano.a(lib_a-nano-vfprintf.o) (__sfvwrite_r)
c:/program files (x86)/gnu arm embedded toolchain/10 2021.10/bin/../lib/gcc/arm-none-eabi/10.3.1/../../../../arm-none-eabi/lib/thumb/v7e-m+fp/hard\libc_nano.a(lib_a-lseekr.o)
                              c:/program files (x86)/gnu arm embedded toolchain/10 2021.10/bin/../lib/gcc/arm-none-eabi/10.3.1/../../../../arm-none-eabi/lib/thumb/v7e-m+fp/hard\libc_nano.a(lib_a-stdio.o) (_lseek_r)
c:/program files (x86)/gnu arm embedded toolchain/10 2021.10/bin/../lib/gcc/arm-none-eabi/10.3.1/../../../../arm-none-eabi/lib/thumb/v7e-m+fp/hard\libc_nano.a(lib_a-makebuf.o)
                              c:/program files (x86)/gnu arm embedded toolchain/10 2021.10/bin/../lib/gcc/arm-none-eabi/10.3.1/../../../../arm-none-eabi/lib/thumb/v7e-m+fp/hard\libc_nano.a(lib_a-wsetup.o) (__smakebuf_r)
c:/program files (x86)/gnu arm embedded toolchain/10 2021.10/bin/../lib/gcc/arm-none-eabi/10.3.1/../../../../arm-none-eabi/lib/thumb/v7e-m+fp/hard\libc_nano.a(lib_a-memchr.o)
                              c:/program files (x86)/gnu arm embedded toolchain/10 2021.10/bin/../lib/gcc/arm-none-eabi/10.3.1/../../../../arm-none-eabi/lib/thumb/v7e-m+fp/hard\libc_nano.a(lib_a-nano-vfprintf.o) (memchr)
c:/program files (x86)/gnu arm embedded toolchain/10 2021.10/bin/../lib/gcc/arm-none-eabi/10.3.1/../../../../arm-none-eabi/lib/thumb/v7e-m+fp/hard\libc_nano.a(lib_a-memmove.o)
                              c:/program files (x86)/gnu arm embedded toolchain/10 2021.10/bin/../lib/gcc/arm-none-eabi/10.3.1/../../../../arm-none-eabi/lib/thumb/v7e-m+fp/hard\libc_nano.a(lib_a-fvwrite.o) (memmove)
c:/program files (x86)/gnu arm embedded toolchain/10 2021.10/bin/../lib/gcc/arm-none-eabi/10.3.1/../../../../arm-none-eabi/lib/thumb/v7e-m+fp/hard\libc_nano.a(lib_a-mlock.o)
                              c:/program files (x86)/gnu arm embedded toolchain/10 2021.10/bin/../lib/gcc/arm-none-eabi/10.3.1/../../../../arm-none-eabi/lib/thumb/v7e-m+fp/hard\libc_nano.a(lib_a-nano-mallocr.o) (__malloc_lock)
c:/program files (x86)/gnu arm embedded toolchain/10 2021.10/bin/../lib/gcc/arm-none-eabi/10.3.1/../../../../arm-none-eabi/lib/thumb/v7e-m+fp/hard\libc_nano.a(lib_a-nano-freer.o)
                              c:/program files (x86)/gnu arm embedded toolchain/10 2021.10/bin/../lib/gcc/arm-none-eabi/10.3.1/../../../../arm-none-eabi/lib/thumb/v7e-m+fp/hard\libc_nano.a(lib_a-wsetup.o) (_free_r)
c:/program files (x86)/gnu arm embedded toolchain/10 2021.10/bin/../lib/gcc/arm-none-eabi/10.3.1/../../../../arm-none-eabi/lib/thumb/v7e-m+fp/hard\libc_nano.a(lib_a-nano-reallocr.o)
                              c:/program files (x86)/gnu arm embedded toolchain/10 2021.10/bin/../lib/gcc/arm-none-eabi/10.3.1/../../../../arm-none-eabi/lib/thumb/v7e-m+fp/hard\libc_nano.a(lib_a-fvwrite.o) (_realloc_r)
c:/program files (x86)/gnu arm embedded toolchain/10 2021.10/bin/../lib/gcc/arm-none-eabi/10.3.1/../../../../arm-none-eabi/lib/thumb/v7e-m+fp/hard\libc_nano.a(lib_a-readr.o)
                              c:/program files (x86)/gnu arm embedded toolchain/10 2021.10/bin/../lib/gcc/arm-none-eabi/10.3.1/../../../../arm-none-eabi/lib/thumb/v7e-m+fp/hard\libc_nano.a(lib_a-stdio.o) (_read_r)
c:/program files (x86)/gnu arm embedded toolchain/10 2021.10/bin/../lib/gcc/arm-none-eabi/10.3.1/../../../../arm-none-eabi/lib/thumb/v7e-m+fp/hard\libc_nano.a(lib_a-reent.o)
                              c:/program files (x86)/gnu arm embedded toolchain/10 2021.10/bin/../lib/gcc/arm-none-eabi/10.3.1/../../../../arm-none-eabi/lib/thumb/v7e-m+fp/hard\libc_nano.a(lib_a-sbrkr.o) (errno)
c:/program files (x86)/gnu arm embedded toolchain/10 2021.10/bin/../lib/gcc/arm-none-eabi/10.3.1/../../../../arm-none-eabi/lib/thumb/v7e-m+fp/hard\libc_nano.a(lib_a-fstatr.o)
                              c:/program files (x86)/gnu arm embedded toolchain/10 2021.10/bin/../lib/gcc/arm-none-eabi/10.3.1/../../../../arm-none-eabi/lib/thumb/v7e-m+fp/hard\libc_nano.a(lib_a-makebuf.o) (_fstat_r)
c:/program files (x86)/gnu arm embedded toolchain/10 2021.10/bin/../lib/gcc/arm-none-eabi/10.3.1/../../../../arm-none-eabi/lib/thumb/v7e-m+fp/hard\libc_nano.a(lib_a-isattyr.o)
                              c:/program files (x86)/gnu arm embedded toolchain/10 2021.10/bin/../lib/gcc/arm-none-eabi/10.3.1/../../../../arm-none-eabi/lib/thumb/v7e-m+fp/hard\libc_nano.a(lib_a-makebuf.o) (_isatty_r)
c:/program files (x86)/gnu arm embedded toolchain/10 2021.10/bin/../lib/gcc/arm-none-eabi/10.3.1/../../../../arm-none-eabi/lib/thumb/v7e-m+fp/hard\libc_nano.a(lib_a-nano-msizer.o)
                              c:/program files (x86)/gnu arm embedded toolchain/10 2021.10/bin/../lib/gcc/arm-none-eabi/10.3.1/../../../../arm-none-eabi/lib/thumb/v7e-m+fp/hard\libc_nano.a(lib_a-nano-reallocr.o) (_malloc_usable_size_r)

Discarded input sections

 .group         0x00000000        0xc C:\Users\Jacob\AppData\Local\Temp\ccWetNKS.o
 .group         0x00000000        0xc C:\Users\Jacob\AppData\Local\Temp\ccWetNKS.o
 .group         0x00000000        0xc C:\Users\Jacob\AppData\Local\Temp\ccWetNKS.o
 .group         0x00000000        0xc C:\Users\Jacob\AppData\Local\Temp\ccWetNKS.o
 .group         0x00000000        0xc C:\Users\Jacob\AppData\Local\Temp\ccWetNKS.o
 .group         0x00000000        0xc C:\Users\Jacob\AppData\Local\Temp\ccWetNKS.o
 .group         0x00000000        0xc C:\Users\Jacob\AppData\Local\Temp\ccWetNKS.o
 .group         0x00000000        0xc C:\Users\Jacob\AppData\Local\Temp\ccWetNKS.o
 .group         0x00000000        0xc C:\Users\Jacob\AppData\Local\Temp\ccWetNKS.o
 .group         0x00000000        0xc C:\Users\Jacob\AppData\Local\Temp\ccWetNKS.o
 .group         0x00000000        0xc C:\Users\Jacob\AppData\Local\Temp\ccWetNKS.o
 .group         0x00000000        0xc C:\Users\Jacob\AppData\Local\Temp\ccWetNKS.o
 .group         0x00000000        0xc C:\Users\Jacob\AppData\Local\Temp\ccWetNKS.o
 .group         0x00000000        0xc C:\Users\Jacob\AppData\Local\Temp\ccWetNKS.o
 .group         0x00000000        0xc C:\Users\Jacob\AppData\Local\Temp\ccWetNKS.o
 .group         0x00000000        0xc C:\Users\Jacob\AppData\Local\Temp\ccWetNKS.o
 .group         0x00000000        0xc C:\Users\Jacob\AppData\Local\Temp\ccWetNKS.o
 .group         0x00000000        0xc C:\Users\Jacob\AppData\Local\Temp\ccWetNKS.o
 .group         0x00000000        0xc C:\Users\Jacob\AppData\Local\Temp\ccWetNKS.o
 .group         0x00000000        0xc C:\Users\Jacob\AppData\Local\Temp\ccWetNKS.o
 .group         0x00000000        0xc C:\Users\Jacob\AppData\Local\Temp\ccWetNKS.o
 .group         0x00000000        0xc C:\Users\Jacob\AppData\Local\Temp\ccWetNKS.o
 .group         0x00000000        0xc C:\Users\Jacob\AppData\Local\Temp\ccWetNKS.o
 .group         0x00000000        0xc C:\Users\Jacob\AppData\Local\Temp\ccWetNKS.o
 .group         0x00000000        0xc C:\Users\Jacob\AppData\Local\Temp\ccWetNKS.o
 .group         0x00000000        0xc C:\Users\Jacob\AppData\Local\Temp\ccWetNKS.o
 .group         0x00000000        0xc C:\Users\Jacob\AppData\Local\Temp\ccWetNKS.o
 .group         0x00000000        0xc C:\Users\Jacob\AppData\Local\Temp\ccWetNKS.o
 .group         0x00000000        0xc C:\Users\Jacob\AppData\Local\Temp\ccWetNKS.o
 .group         0x00000000        0xc C:\Users\Jacob\AppData\Local\Temp\ccWetNKS.o
 .group         0x00000000        0xc C:\Users\Jacob\AppData\Local\Temp\ccWetNKS.o
 .group         0x00000000        0xc C:\Users\Jacob\AppData\Local\Temp\ccWetNKS.o
 .group         0x00000000        0xc C:\Users\Jacob\AppData\Local\Temp\ccWetNKS.o
 .group         0x00000000        0xc C:\Users\Jacob\AppData\Local\Temp\ccWetNKS.o
 .group         0x00000000        0xc C:\Users\Jacob\AppData\Local\Temp\ccWetNKS.o
 .group         0x00000000        0xc C:\Users\Jacob\AppData\Local\Temp\ccWetNKS.o
 .group         0x00000000        0xc C:\Users\Jacob\AppData\Local\Temp\ccWetNKS.o
 .group         0x00000000        0xc C:\Users\Jacob\AppData\Local\Temp\ccWetNKS.o
 .group         0x00000000        0xc C:\Users\Jacob\AppData\Local\Temp\ccWetNKS.o
 .group         0x00000000        0xc C:\Users\Jacob\AppData\Local\Temp\ccWetNKS.o
 .group         0x00000000        0xc C:\Users\Jacob\AppData\Local\Temp\ccWetNKS.o
 .group         0x00000000        0xc C:\Users\Jacob\AppData\Local\Temp\ccWetNKS.o
 .group         0x00000000        0xc C:\Users\Jacob\AppData\Local\Temp\ccWetNKS.o
 .group         0x00000000        0xc C:\Users\Jacob\AppData\Local\Temp\ccWetNKS.o
 .group         0x00000000        0xc C:\Users\Jacob\AppData\Local\Temp\ccWetNKS.o
 .group         0x00000000        0xc C:\Users\Jacob\AppData\Local\Temp\ccWetNKS.o
 .group         0x00000000        0xc C:\Users\Jacob\AppData\Local\Temp\ccWetNKS.o
 .text          0x00000000        0x0 C:\Users\Jacob\AppData\Local\Temp\ccWetNKS.o
 .data          0x00000000        0x0 C:\Users\Jacob\AppData\Local\Temp\ccWetNKS.o
 .bss           0x00000000        0x0 C:\Users\Jacob\AppData\Local\Temp\ccWetNKS.o
 .bss.increment
                0x00000000        0x8 C:\Users\Jacob\AppData\Local\Temp\ccWetNKS.o
 .group         0x00000000        0xc C:\Users\Jacob\AppData\Local\Temp\ccISMHko.o
 .text          0x00000000        0x0 C:\Users\Jacob\AppData\Local\Temp\ccISMHko.o
 .data          0x00000000        0x0 C:\Users\Jacob\AppData\Local\Temp\ccISMHko.o
 .bss           0x00000000        0x0 C:\Users\Jacob\AppData\Local\Temp\ccISMHko.o
 .debug_macro   0x00000000      0xa6c C:\Users\Jacob\AppData\Local\Temp\ccISMHko.o
 .group         0x00000000        0xc C:\Users\Jacob\AppData\Local\Temp\ccsvAde4.o
 .group         0x00000000        0xc C:\Users\Jacob\AppData\Local\Temp\ccsvAde4.o
 .group         0x00000000        0xc C:\Users\Jacob\AppData\Local\Temp\ccsvAde4.o
 .group         0x00000000        0xc C:\Users\Jacob\AppData\Local\Temp\ccsvAde4.o
 .group         0x00000000        0xc C:\Users\Jacob\AppData\Local\Temp\ccsvAde4.o
 .group         0x00000000        0xc C:\Users\Jacob\AppData\Local\Temp\ccsvAde4.o
 .group         0x00000000        0xc C:\Users\Jacob\AppData\Local\Temp\ccsvAde4.o
 .group         0x00000000        0xc C:\Users\Jacob\AppData\Local\Temp\ccsvAde4.o
 .group         0x00000000        0xc C:\Users\Jacob\AppData\Local\Temp\ccsvAde4.o
 .group         0x00000000        0xc C:\Users\Jacob\AppData\Local\Temp\ccsvAde4.o
 .group         0x00000000        0xc C:\Users\Jacob\AppData\Local\Temp\ccsvAde4.o
 .group         0x00000000        0xc C:\Users\Jacob\AppData\Local\Temp\ccsvAde4.o
 .group         0x00000000        0xc C:\Users\Jacob\AppData\Local\Temp\ccsvAde4.o
 .group         0x00000000        0xc C:\Users\Jacob\AppData\Local\Temp\ccsvAde4.o
 .group         0x00000000        0xc C:\Users\Jacob\AppData\Local\Temp\ccsvAde4.o
 .group         0x00000000        0xc C:\Users\Jacob\AppData\Local\Temp\ccsvAde4.o
 .group         0x00000000        0xc C:\Users\Jacob\AppData\Local\Temp\ccsvAde4.o
 .group         0x00000000        0xc C:\Users\Jacob\AppData\Local\Temp\ccsvAde4.o
 .group         0x00000000        0xc C:\Users\Jacob\AppData\Local\Temp\ccsvAde4.o
 .group         0x00000000        0xc C:\Users\Jacob\AppData\Local\Temp\ccsvAde4.o
 .group         0x00000000        0xc C:\Users\Jacob\AppData\Local\Temp\ccsvAde4.o
 .group         0x00000000        0xc C:\Users\Jacob\AppData\Local\Temp\ccsvAde4.o
 .group         0x00000000        0xc C:\Users\Jacob\AppData\Local\Temp\ccsvAde4.o
 .group         0x00000000        0xc C:\Users\Jacob\AppData\Local\Temp\ccsvAde4.o
 .group         0x00000000        0xc C:\Users\Jacob\AppData\Local\Temp\ccsvAde4.o
 .group         0x00000000        0xc C:\Users\Jacob\AppData\Local\Temp\ccsvAde4.o
 .group         0x00000000        0xc C:\Users\Jacob\AppData\Local\Temp\ccsvAde4.o
 .group         0x00000000        0xc C:\Users\Jacob\AppData\Local\Temp\ccsvAde4.o
 .group         0x00000000        0xc C:\Users\Jacob\AppData\Local\Temp\ccsvAde4.o
 .group         0x00000000        0xc C:\Users\Jacob\AppData\Local\Temp\ccsvAde4.o
 .group         0x00000000        0xc C:\Users\Jacob\AppData\Local\Temp\ccsvAde4.o
 .group         0x00000000        0xc C:\Users\Jacob\AppData\Local\Temp\ccsvAde4.o
 .group         0x00000000        0xc C:\Users\Jacob\AppData\Local\Temp\ccsvAde4.o
 .group         0x00000000        0xc C:\Users\Jacob\AppData\Local\Temp\ccsvAde4.o
 .group         0x00000000        0xc C:\Users\Jacob\AppData\Local\Temp\ccsvAde4.o
 .group         0x00000000        0xc C:\Users\Jacob\AppData\Local\Temp\ccsvAde4.o
 .group         0x00000000        0xc C:\Users\Jacob\AppData\Local\Temp\ccsvAde4.o
 .group         0x00000000        0xc C:\Users\Jacob\AppData\Local\Temp\ccsvAde4.o
 .group         0x00000000        0xc C:\Users\Jacob\AppData\Local\Temp\ccsvAde4.o
 .group         0x00000000        0xc C:\Users\Jacob\AppData\Local\Temp\ccsvAde4.o
 .group         0x00000000        0xc C:\Users\Jacob\AppData\Local\Temp\ccsvAde4.o
 .group         0x00000000        0xc C:\Users\Jacob\AppData\Local\Temp\ccsvAde4.o
 .group         0x00000000        0xc C:\Users\Jacob\AppData\Local\Temp\ccsvAde4.o
 .group         0x00000000        0xc C:\Users\Jacob\AppData\Local\Temp\ccsvAde4.o
 .group         0x00000000        0xc C:\Users\Jacob\AppData\Local\Temp\ccsvAde4.o
 .group         0x00000000        0xc C:\Users\Jacob\AppData\Local\Temp\ccsvAde4.o
 .group         0x00000000        0xc C:\Users\Jacob\AppData\Local\Temp\ccsvAde4.o
 .text          0x00000000        0x0 C:\Users\Jacob\AppData\Local\Temp\ccsvAde4.o
 .data          0x00000000        0x0 C:\Users\Jacob\AppData\Local\Temp\ccsvAde4.o
 .bss           0x00000000        0x0 C:\Users\Jacob\AppData\Local\Temp\ccsvAde4.o
 .text._open    0x00000000        0x6 C:\Users\Jacob\AppData\Local\Temp\ccsvAde4.o
 .text._exit    0x00000000        0x4 C:\Users\Jacob\AppData\Local\Temp\ccsvAde4.o
 .text._kill    0x00000000        0x2 C:\Users\Jacob\AppData\Local\Temp\ccsvAde4.o
 .text._getpid  0x00000000        0x6 C:\Users\Jacob\AppData\Local\Temp\ccsvAde4.o
 .text._link    0x00000000        0x6 C:\Users\Jacob\AppData\Local\Temp\ccsvAde4.o
 .text._unlink  0x00000000        0x6 C:\Users\Jacob\AppData\Local\Temp\ccsvAde4.o
 .text._stat    0x00000000        0x6 C:\Users\Jacob\AppData\Local\Temp\ccsvAde4.o
 .text.mkdir    0x00000000        0x6 C:\Users\Jacob\AppData\Local\Temp\ccsvAde4.o
 .debug_macro   0x00000000      0xa6c C:\Users\Jacob\AppData\Local\Temp\ccsvAde4.o
 .debug_macro   0x00000000       0x22 C:\Users\Jacob\AppData\Local\Temp\ccsvAde4.o
 .debug_macro   0x00000000       0x4c C:\Users\Jacob\AppData\Local\Temp\ccsvAde4.o
 .debug_macro   0x00000000       0x1e C:\Users\Jacob\AppData\Local\Temp\ccsvAde4.o
 .debug_macro   0x00000000       0x94 C:\Users\Jacob\AppData\Local\Temp\ccsvAde4.o
 .debug_macro   0x00000000       0x3c C:\Users\Jacob\AppData\Local\Temp\ccsvAde4.o
 .debug_macro   0x00000000       0x57 C:\Users\Jacob\AppData\Local\Temp\ccsvAde4.o
 .debug_macro   0x00000000      0x341 C:\Users\Jacob\AppData\Local\Temp\ccsvAde4.o
 .debug_macro   0x00000000       0x16 C:\Users\Jacob\AppData\Local\Temp\ccsvAde4.o
 .debug_macro   0x00000000       0x43 C:\Users\Jacob\AppData\Local\Temp\ccsvAde4.o
 .debug_macro   0x00000000       0x34 C:\Users\Jacob\AppData\Local\Temp\ccsvAde4.o
 .debug_macro   0x00000000       0x10 C:\Users\Jacob\AppData\Local\Temp\ccsvAde4.o
 .debug_macro   0x00000000       0x58 C:\Users\Jacob\AppData\Local\Temp\ccsvAde4.o
 .debug_macro   0x00000000       0x71 C:\Users\Jacob\AppData\Local\Temp\ccsvAde4.o
 .debug_macro   0x00000000       0x1c C:\Users\Jacob\AppData\Local\Temp\ccsvAde4.o
 .debug_macro   0x00000000      0x12a C:\Users\Jacob\AppData\Local\Temp\ccsvAde4.o
 .debug_macro   0x00000000       0x35 C:\Users\Jacob\AppData\Local\Temp\ccsvAde4.o
 .debug_macro   0x00000000       0x10 C:\Users\Jacob\AppData\Local\Temp\ccsvAde4.o
 .debug_macro   0x00000000       0x10 C:\Users\Jacob\AppData\Local\Temp\ccsvAde4.o
 .debug_macro   0x00000000       0x6a C:\Users\Jacob\AppData\Local\Temp\ccsvAde4.o
 .debug_macro   0x00000000       0x1c C:\Users\Jacob\AppData\Local\Temp\ccsvAde4.o
 .debug_macro   0x00000000       0x52 C:\Users\Jacob\AppData\Local\Temp\ccsvAde4.o
 .debug_macro   0x00000000       0x22 C:\Users\Jacob\AppData\Local\Temp\ccsvAde4.o
 .debug_macro   0x00000000       0x10 C:\Users\Jacob\AppData\Local\Temp\ccsvAde4.o
 .debug_macro   0x00000000       0x52 C:\Users\Jacob\AppData\Local\Temp\ccsvAde4.o
 .debug_macro   0x00000000       0xd5 C:\Users\Jacob\AppData\Local\Temp\ccsvAde4.o
 .debug_macro   0x00000000       0x1c C:\Users\Jacob\AppData\Local\Temp\ccsvAde4.o
 .debug_macro   0x00000000       0x3d C:\Users\Jacob\AppData\Local\Temp\ccsvAde4.o
 .debug_macro   0x00000000      0x12c C:\Users\Jacob\AppData\Local\Temp\ccsvAde4.o
 .debug_macro   0x00000000      0x103 C:\Users\Jacob\AppData\Local\Temp\ccsvAde4.o
 .debug_macro   0x00000000      0x460 C:\Users\Jacob\AppData\Local\Temp\ccsvAde4.o
 .debug_macro   0x00000000       0x22 C:\Users\Jacob\AppData\Local\Temp\ccsvAde4.o
 .debug_macro   0x00000000       0x1c C:\Users\Jacob\AppData\Local\Temp\ccsvAde4.o
 .debug_macro   0x00000000       0x10 C:\Users\Jacob\AppData\Local\Temp\ccsvAde4.o
 .debug_macro   0x00000000       0x16 C:\Users\Jacob\AppData\Local\Temp\ccsvAde4.o
 .debug_macro   0x00000000      0x145 C:\Users\Jacob\AppData\Local\Temp\ccsvAde4.o
 .debug_macro   0x00000000       0x16 C:\Users\Jacob\AppData\Local\Temp\ccsvAde4.o
 .debug_macro   0x00000000       0x16 C:\Users\Jacob\AppData\Local\Temp\ccsvAde4.o
 .debug_macro   0x00000000       0x29 C:\Users\Jacob\AppData\Local\Temp\ccsvAde4.o
 .debug_macro   0x00000000       0x46 C:\Users\Jacob\AppData\Local\Temp\ccsvAde4.o
 .text          0x00000000        0x0 c:/program files (x86)/gnu arm embedded toolchain/10 2021.10/bin/../lib/gcc/arm-none-eabi/10.3.1/../../../../arm-none-eabi/lib/thumb/v7e-m+fp/hard\libc_nano.a(lib_a-memcpy-stub.o)
 .data          0x00000000        0x0 c:/program files (x86)/gnu arm embedded toolchain/10 2021.10/bin/../lib/gcc/arm-none-eabi/10.3.1/../../../../arm-none-eabi/lib/thumb/v7e-m+fp/hard\libc_nano.a(lib_a-memcpy-stub.o)
 .bss           0x00000000        0x0 c:/program files (x86)/gnu arm embedded toolchain/10 2021.10/bin/../lib/gcc/arm-none-eabi/10.3.1/../../../../arm-none-eabi/lib/thumb/v7e-m+fp/hard\libc_nano.a(lib_a-memcpy-stub.o)
 .text          0x00000000        0x0 c:/program files (x86)/gnu arm embedded toolchain/10 2021.10/bin/../lib/gcc/arm-none-eabi/10.3.1/../../../../arm-none-eabi/lib/thumb/v7e-m+fp/hard\libc_nano.a(lib_a-memset.o)
 .data          0x00000000        0x0 c:/program files (x86)/gnu arm embedded toolchain/10 2021.10/bin/../lib/gcc/arm-none-eabi/10.3.1/../../../../arm-none-eabi/lib/thumb/v7e-m+fp/hard\libc_nano.a(lib_a-memset.o)
 .bss           0x00000000        0x0 c:/program files (x86)/gnu arm embedded toolchain/10 2021.10/bin/../lib/gcc/arm-none-eabi/10.3.1/../../../../arm-none-eabi/lib/thumb/v7e-m+fp/hard\libc_nano.a(lib_a-memset.o)
 .text          0x00000000        0x0 c:/program files (x86)/gnu arm embedded toolchain/10 2021.10/bin/../lib/gcc/arm-none-eabi/10.3.1/../../../../arm-none-eabi/lib/thumb/v7e-m+fp/hard\libc_nano.a(lib_a-printf.o)
 .data          0x00000000        0x0 c:/program files (x86)/gnu arm embedded toolchain/10 2021.10/bin/../lib/gcc/arm-none-eabi/10.3.1/../../../../arm-none-eabi/lib/thumb/v7e-m+fp/hard\libc_nano.a(lib_a-printf.o)
 .bss           0x00000000        0x0 c:/program files (x86)/gnu arm embedded toolchain/10 2021.10/bin/../lib/gcc/arm-none-eabi/10.3.1/../../../../arm-none-eabi/lib/thumb/v7e-m+fp/hard\libc_nano.a(lib_a-printf.o)
 .text._printf_r
                0x00000000       0x28 c:/program files (x86)/gnu arm embedded toolchain/10 2021.10/bin/../lib/gcc/arm-none-eabi/10.3.1/../../../../arm-none-eabi/lib/thumb/v7e-m+fp/hard\libc_nano.a(lib_a-printf.o)
 .text          0x00000000        0x0 c:/program files (x86)/gnu arm embedded toolchain/10 2021.10/bin/../lib/gcc/arm-none-eabi/10.3.1/../../../../arm-none-eabi/lib/thumb/v7e-m+fp/hard\libc_nano.a(lib_a-findfp.o)
 .data          0x00000000        0x0 c:/program files (x86)/gnu arm embedded toolchain/10 2021.10/bin/../lib/gcc/arm-none-eabi/10.3.1/../../../../arm-none-eabi/lib/thumb/v7e-m+fp/hard\libc_nano.a(lib_a-findfp.o)
 .bss           0x00000000        0x0 c:/program files (x86)/gnu arm embedded toolchain/10 2021.10/bin/../lib/gcc/arm-none-eabi/10.3.1/../../../../arm-none-eabi/lib/thumb/v7e-m+fp/hard\libc_nano.a(lib_a-findfp.o)
 .text.__fp_lock
                0x00000000       0x18 c:/program files (x86)/gnu arm embedded toolchain/10 2021.10/bin/../lib/gcc/arm-none-eabi/10.3.1/../../../../arm-none-eabi/lib/thumb/v7e-m+fp/hard\libc_nano.a(lib_a-findfp.o)
 .text.__fp_unlock
                0x00000000       0x18 c:/program files (x86)/gnu arm embedded toolchain/10 2021.10/bin/../lib/gcc/arm-none-eabi/10.3.1/../../../../arm-none-eabi/lib/thumb/v7e-m+fp/hard\libc_nano.a(lib_a-findfp.o)
 .text._cleanup
                0x00000000        0xc c:/program files (x86)/gnu arm embedded toolchain/10 2021.10/bin/../lib/gcc/arm-none-eabi/10.3.1/../../../../arm-none-eabi/lib/thumb/v7e-m+fp/hard\libc_nano.a(lib_a-findfp.o)
 .text.__fp_lock_all
                0x00000000       0x1c c:/program files (x86)/gnu arm embedded toolchain/10 2021.10/bin/../lib/gcc/arm-none-eabi/10.3.1/../../../../arm-none-eabi/lib/thumb/v7e-m+fp/hard\libc_nano.a(lib_a-findfp.o)
 .text.__fp_unlock_all
                0x00000000       0x1c c:/program files (x86)/gnu arm embedded toolchain/10 2021.10/bin/../lib/gcc/arm-none-eabi/10.3.1/../../../../arm-none-eabi/lib/thumb/v7e-m+fp/hard\libc_nano.a(lib_a-findfp.o)
 .text          0x00000000        0x0 c:/program files (x86)/gnu arm embedded toolchain/10 2021.10/bin/../lib/gcc/arm-none-eabi/10.3.1/../../../../arm-none-eabi/lib/thumb/v7e-m+fp/hard\libc_nano.a(lib_a-fwalk.o)
 .data          0x00000000        0x0 c:/program files (x86)/gnu arm embedded toolchain/10 2021.10/bin/../lib/gcc/arm-none-eabi/10.3.1/../../../../arm-none-eabi/lib/thumb/v7e-m+fp/hard\libc_nano.a(lib_a-fwalk.o)
 .bss           0x00000000        0x0 c:/program files (x86)/gnu arm embedded toolchain/10 2021.10/bin/../lib/gcc/arm-none-eabi/10.3.1/../../../../arm-none-eabi/lib/thumb/v7e-m+fp/hard\libc_nano.a(lib_a-fwalk.o)
 .text._fwalk   0x00000000       0x3a c:/program files (x86)/gnu arm embedded toolchain/10 2021.10/bin/../lib/gcc/arm-none-eabi/10.3.1/../../../../arm-none-eabi/lib/thumb/v7e-m+fp/hard\libc_nano.a(lib_a-fwalk.o)
 .text          0x00000000        0x0 c:/program files (x86)/gnu arm embedded toolchain/10 2021.10/bin/../lib/gcc/arm-none-eabi/10.3.1/../../../../arm-none-eabi/lib/thumb/v7e-m+fp/hard\libc_nano.a(lib_a-impure.o)
 .data          0x00000000        0x0 c:/program files (x86)/gnu arm embedded toolchain/10 2021.10/bin/../lib/gcc/arm-none-eabi/10.3.1/../../../../arm-none-eabi/lib/thumb/v7e-m+fp/hard\libc_nano.a(lib_a-impure.o)
 .bss           0x00000000        0x0 c:/program files (x86)/gnu arm embedded toolchain/10 2021.10/bin/../lib/gcc/arm-none-eabi/10.3.1/../../../../arm-none-eabi/lib/thumb/v7e-m+fp/hard\libc_nano.a(lib_a-impure.o)
 .text          0x00000000        0x0 c:/program files (x86)/gnu arm embedded toolchain/10 2021.10/bin/../lib/gcc/arm-none-eabi/10.3.1/../../../../arm-none-eabi/lib/thumb/v7e-m+fp/hard\libc_nano.a(lib_a-lock.o)
 .data          0x00000000        0x0 c:/program files (x86)/gnu arm embedded toolchain/10 2021.10/bin/../lib/gcc/arm-none-eabi/10.3.1/../../../../arm-none-eabi/lib/thumb/v7e-m+fp/hard\libc_nano.a(lib_a-lock.o)
 .bss           0x00000000        0x0 c:/program files (x86)/gnu arm embedded toolchain/10 2021.10/bin/../lib/gcc/arm-none-eabi/10.3.1/../../../../arm-none-eabi/lib/thumb/v7e-m+fp/hard\libc_nano.a(lib_a-lock.o)
 .text.__retarget_lock_init
                0x00000000        0x2 c:/program files (x86)/gnu arm embedded toolchain/10 2021.10/bin/../lib/gcc/arm-none-eabi/10.3.1/../../../../arm-none-eabi/lib/thumb/v7e-m+fp/hard\libc_nano.a(lib_a-lock.o)
 .text.__retarget_lock_close
                0x00000000        0x2 c:/program files (x86)/gnu arm embedded toolchain/10 2021.10/bin/../lib/gcc/arm-none-eabi/10.3.1/../../../../arm-none-eabi/lib/thumb/v7e-m+fp/hard\libc_nano.a(lib_a-lock.o)
 .text.__retarget_lock_close_recursive
                0x00000000        0x2 c:/program files (x86)/gnu arm embedded toolchain/10 2021.10/bin/../lib/gcc/arm-none-eabi/10.3.1/../../../../arm-none-eabi/lib/thumb/v7e-m+fp/hard\libc_nano.a(lib_a-lock.o)
 .text.__retarget_lock_acquire
                0x00000000        0x2 c:/program files (x86)/gnu arm embedded toolchain/10 2021.10/bin/../lib/gcc/arm-none-eabi/10.3.1/../../../../arm-none-eabi/lib/thumb/v7e-m+fp/hard\libc_nano.a(lib_a-lock.o)
 .text.__retarget_lock_try_acquire
                0x00000000        0x4 c:/program files (x86)/gnu arm embedded toolchain/10 2021.10/bin/../lib/gcc/arm-none-eabi/10.3.1/../../../../arm-none-eabi/lib/thumb/v7e-m+fp/hard\libc_nano.a(lib_a-lock.o)
 .text.__retarget_lock_try_acquire_recursive
                0x00000000        0x4 c:/program files (x86)/gnu arm embedded toolchain/10 2021.10/bin/../lib/gcc/arm-none-eabi/10.3.1/../../../../arm-none-eabi/lib/thumb/v7e-m+fp/hard\libc_nano.a(lib_a-lock.o)
 .text.__retarget_lock_release
                0x00000000        0x2 c:/program files (x86)/gnu arm embedded toolchain/10 2021.10/bin/../lib/gcc/arm-none-eabi/10.3.1/../../../../arm-none-eabi/lib/thumb/v7e-m+fp/hard\libc_nano.a(lib_a-lock.o)
 .bss.__lock___arc4random_mutex
                0x00000000        0x1 c:/program files (x86)/gnu arm embedded toolchain/10 2021.10/bin/../lib/gcc/arm-none-eabi/10.3.1/../../../../arm-none-eabi/lib/thumb/v7e-m+fp/hard\libc_nano.a(lib_a-lock.o)
 .bss.__lock___at_quick_exit_mutex
                0x00000000        0x1 c:/program files (x86)/gnu arm embedded toolchain/10 2021.10/bin/../lib/gcc/arm-none-eabi/10.3.1/../../../../arm-none-eabi/lib/thumb/v7e-m+fp/hard\libc_nano.a(lib_a-lock.o)
 .bss.__lock___atexit_recursive_mutex
                0x00000000        0x1 c:/program files (x86)/gnu arm embedded toolchain/10 2021.10/bin/../lib/gcc/arm-none-eabi/10.3.1/../../../../arm-none-eabi/lib/thumb/v7e-m+fp/hard\libc_nano.a(lib_a-lock.o)
 .bss.__lock___dd_hash_mutex
                0x00000000        0x1 c:/program files (x86)/gnu arm embedded toolchain/10 2021.10/bin/../lib/gcc/arm-none-eabi/10.3.1/../../../../arm-none-eabi/lib/thumb/v7e-m+fp/hard\libc_nano.a(lib_a-lock.o)
 .bss.__lock___env_recursive_mutex
                0x00000000        0x1 c:/program files (x86)/gnu arm embedded toolchain/10 2021.10/bin/../lib/gcc/arm-none-eabi/10.3.1/../../../../arm-none-eabi/lib/thumb/v7e-m+fp/hard\libc_nano.a(lib_a-lock.o)
 .bss.__lock___tz_mutex
                0x00000000        0x1 c:/program files (x86)/gnu arm embedded toolchain/10 2021.10/bin/../lib/gcc/arm-none-eabi/10.3.1/../../../../arm-none-eabi/lib/thumb/v7e-m+fp/hard\libc_nano.a(lib_a-lock.o)
 .text          0x00000000        0x0 c:/program files (x86)/gnu arm embedded toolchain/10 2021.10/bin/../lib/gcc/arm-none-eabi/10.3.1/../../../../arm-none-eabi/lib/thumb/v7e-m+fp/hard\libc_nano.a(lib_a-nano-mallocr.o)
 .data          0x00000000        0x0 c:/program files (x86)/gnu arm embedded toolchain/10 2021.10/bin/../lib/gcc/arm-none-eabi/10.3.1/../../../../arm-none-eabi/lib/thumb/v7e-m+fp/hard\libc_nano.a(lib_a-nano-mallocr.o)
 .bss           0x00000000        0x0 c:/program files (x86)/gnu arm embedded toolchain/10 2021.10/bin/../lib/gcc/arm-none-eabi/10.3.1/../../../../arm-none-eabi/lib/thumb/v7e-m+fp/hard\libc_nano.a(lib_a-nano-mallocr.o)
 .text          0x00000000        0x0 c:/program files (x86)/gnu arm embedded toolchain/10 2021.10/bin/../lib/gcc/arm-none-eabi/10.3.1/../../../../arm-none-eabi/lib/thumb/v7e-m+fp/hard\libc_nano.a(lib_a-nano-vfprintf.o)
 .data          0x00000000        0x0 c:/program files (x86)/gnu arm embedded toolchain/10 2021.10/bin/../lib/gcc/arm-none-eabi/10.3.1/../../../../arm-none-eabi/lib/thumb/v7e-m+fp/hard\libc_nano.a(lib_a-nano-vfprintf.o)
 .bss           0x00000000        0x0 c:/program files (x86)/gnu arm embedded toolchain/10 2021.10/bin/../lib/gcc/arm-none-eabi/10.3.1/../../../../arm-none-eabi/lib/thumb/v7e-m+fp/hard\libc_nano.a(lib_a-nano-vfprintf.o)
 .text.__sprint_r
                0x00000000       0x1a c:/program files (x86)/gnu arm embedded toolchain/10 2021.10/bin/../lib/gcc/arm-none-eabi/10.3.1/../../../../arm-none-eabi/lib/thumb/v7e-m+fp/hard\libc_nano.a(lib_a-nano-vfprintf.o)
 .text.vfprintf
                0x00000000       0x14 c:/program files (x86)/gnu arm embedded toolchain/10 2021.10/bin/../lib/gcc/arm-none-eabi/10.3.1/../../../../arm-none-eabi/lib/thumb/v7e-m+fp/hard\libc_nano.a(lib_a-nano-vfprintf.o)
 .text          0x00000000        0x0 c:/program files (x86)/gnu arm embedded toolchain/10 2021.10/bin/../lib/gcc/arm-none-eabi/10.3.1/../../../../arm-none-eabi/lib/thumb/v7e-m+fp/hard\libc_nano.a(lib_a-nano-vfprintf_i.o)
 .data          0x00000000        0x0 c:/program files (x86)/gnu arm embedded toolchain/10 2021.10/bin/../lib/gcc/arm-none-eabi/10.3.1/../../../../arm-none-eabi/lib/thumb/v7e-m+fp/hard\libc_nano.a(lib_a-nano-vfprintf_i.o)
 .bss           0x00000000        0x0 c:/program files (x86)/gnu arm embedded toolchain/10 2021.10/bin/../lib/gcc/arm-none-eabi/10.3.1/../../../../arm-none-eabi/lib/thumb/v7e-m+fp/hard\libc_nano.a(lib_a-nano-vfprintf_i.o)
 .text          0x00000000        0x0 c:/program files (x86)/gnu arm embedded toolchain/10 2021.10/bin/../lib/gcc/arm-none-eabi/10.3.1/../../../../arm-none-eabi/lib/thumb/v7e-m+fp/hard\libc_nano.a(lib_a-sbrkr.o)
 .data          0x00000000        0x0 c:/program files (x86)/gnu arm embedded toolchain/10 2021.10/bin/../lib/gcc/arm-none-eabi/10.3.1/../../../../arm-none-eabi/lib/thumb/v7e-m+fp/hard\libc_nano.a(lib_a-sbrkr.o)
 .bss           0x00000000        0x0 c:/program files (x86)/gnu arm embedded toolchain/10 2021.10/bin/../lib/gcc/arm-none-eabi/10.3.1/../../../../arm-none-eabi/lib/thumb/v7e-m+fp/hard\libc_nano.a(lib_a-sbrkr.o)
 .text          0x00000000        0x0 c:/program files (x86)/gnu arm embedded toolchain/10 2021.10/bin/../lib/gcc/arm-none-eabi/10.3.1/../../../../arm-none-eabi/lib/thumb/v7e-m+fp/hard\libc_nano.a(lib_a-stdio.o)
 .data          0x00000000        0x0 c:/program files (x86)/gnu arm embedded toolchain/10 2021.10/bin/../lib/gcc/arm-none-eabi/10.3.1/../../../../arm-none-eabi/lib/thumb/v7e-m+fp/hard\libc_nano.a(lib_a-stdio.o)
 .bss           0x00000000        0x0 c:/program files (x86)/gnu arm embedded toolchain/10 2021.10/bin/../lib/gcc/arm-none-eabi/10.3.1/../../../../arm-none-eabi/lib/thumb/v7e-m+fp/hard\libc_nano.a(lib_a-stdio.o)
 .text.__seofread
                0x00000000        0x4 c:/program files (x86)/gnu arm embedded toolchain/10 2021.10/bin/../lib/gcc/arm-none-eabi/10.3.1/../../../../arm-none-eabi/lib/thumb/v7e-m+fp/hard\libc_nano.a(lib_a-stdio.o)
 .text          0x00000000        0x0 c:/program files (x86)/gnu arm embedded toolchain/10 2021.10/bin/../lib/gcc/arm-none-eabi/10.3.1/../../../../arm-none-eabi/lib/thumb/v7e-m+fp/hard\libc_nano.a(lib_a-wbuf.o)
 .data          0x00000000        0x0 c:/program files (x86)/gnu arm embedded toolchain/10 2021.10/bin/../lib/gcc/arm-none-eabi/10.3.1/../../../../arm-none-eabi/lib/thumb/v7e-m+fp/hard\libc_nano.a(lib_a-wbuf.o)
 .bss           0x00000000        0x0 c:/program files (x86)/gnu arm embedded toolchain/10 2021.10/bin/../lib/gcc/arm-none-eabi/10.3.1/../../../../arm-none-eabi/lib/thumb/v7e-m+fp/hard\libc_nano.a(lib_a-wbuf.o)
 .text.__swbuf  0x00000000       0x10 c:/program files (x86)/gnu arm embedded toolchain/10 2021.10/bin/../lib/gcc/arm-none-eabi/10.3.1/../../../../arm-none-eabi/lib/thumb/v7e-m+fp/hard\libc_nano.a(lib_a-wbuf.o)
 .text          0x00000000        0x0 c:/program files (x86)/gnu arm embedded toolchain/10 2021.10/bin/../lib/gcc/arm-none-eabi/10.3.1/../../../../arm-none-eabi/lib/thumb/v7e-m+fp/hard\libc_nano.a(lib_a-writer.o)
 .data          0x00000000        0x0 c:/program files (x86)/gnu arm embedded toolchain/10 2021.10/bin/../lib/gcc/arm-none-eabi/10.3.1/../../../../arm-none-eabi/lib/thumb/v7e-m+fp/hard\libc_nano.a(lib_a-writer.o)
 .bss           0x00000000        0x0 c:/program files (x86)/gnu arm embedded toolchain/10 2021.10/bin/../lib/gcc/arm-none-eabi/10.3.1/../../../../arm-none-eabi/lib/thumb/v7e-m+fp/hard\libc_nano.a(lib_a-writer.o)
 .text          0x00000000        0x0 c:/program files (x86)/gnu arm embedded toolchain/10 2021.10/bin/../lib/gcc/arm-none-eabi/10.3.1/../../../../arm-none-eabi/lib/thumb/v7e-m+fp/hard\libc_nano.a(lib_a-wsetup.o)
 .data          0x00000000        0x0 c:/program files (x86)/gnu arm embedded toolchain/10 2021.10/bin/../lib/gcc/arm-none-eabi/10.3.1/../../../../arm-none-eabi/lib/thumb/v7e-m+fp/hard\libc_nano.a(lib_a-wsetup.o)
 .bss           0x00000000        0x0 c:/program files (x86)/gnu arm embedded toolchain/10 2021.10/bin/../lib/gcc/arm-none-eabi/10.3.1/../../../../arm-none-eabi/lib/thumb/v7e-m+fp/hard\libc_nano.a(lib_a-wsetup.o)
 .text          0x00000000        0x0 c:/program files (x86)/gnu arm embedded toolchain/10 2021.10/bin/../lib/gcc/arm-none-eabi/10.3.1/../../../../arm-none-eabi/lib/thumb/v7e-m+fp/hard\libc_nano.a(lib_a-closer.o)
 .data          0x00000000        0x0 c:/program files (x86)/gnu arm embedded toolchain/10 2021.10/bin/../lib/gcc/arm-none-eabi/10.3.1/../../../../arm-none-eabi/lib/thumb/v7e-m+fp/hard\libc_nano.a(lib_a-closer.o)
 .bss           0x00000000        0x0 c:/program files (x86)/gnu arm embedded toolchain/10 2021.10/bin/../lib/gcc/arm-none-eabi/10.3.1/../../../../arm-none-eabi/lib/thumb/v7e-m+fp/hard\libc_nano.a(lib_a-closer.o)
 .text          0x00000000        0x0 c:/program files (x86)/gnu arm embedded toolchain/10 2021.10/bin/../lib/gcc/arm-none-eabi/10.3.1/../../../../arm-none-eabi/lib/thumb/v7e-m+fp/hard\libc_nano.a(lib_a-fflush.o)
 .data          0x00000000        0x0 c:/program files (x86)/gnu arm embedded toolchain/10 2021.10/bin/../lib/gcc/arm-none-eabi/10.3.1/../../../../arm-none-eabi/lib/thumb/v7e-m+fp/hard\libc_nano.a(lib_a-fflush.o)
 .bss           0x00000000        0x0 c:/program files (x86)/gnu arm embedded toolchain/10 2021.10/bin/../lib/gcc/arm-none-eabi/10.3.1/../../../../arm-none-eabi/lib/thumb/v7e-m+fp/hard\libc_nano.a(lib_a-fflush.o)
 .text.fflush   0x00000000       0x24 c:/program files (x86)/gnu arm embedded toolchain/10 2021.10/bin/../lib/gcc/arm-none-eabi/10.3.1/../../../../arm-none-eabi/lib/thumb/v7e-m+fp/hard\libc_nano.a(lib_a-fflush.o)
 .text          0x00000000        0x0 c:/program files (x86)/gnu arm embedded toolchain/10 2021.10/bin/../lib/gcc/arm-none-eabi/10.3.1/../../../../arm-none-eabi/lib/thumb/v7e-m+fp/hard\libc_nano.a(lib_a-fvwrite.o)
 .data          0x00000000        0x0 c:/program files (x86)/gnu arm embedded toolchain/10 2021.10/bin/../lib/gcc/arm-none-eabi/10.3.1/../../../../arm-none-eabi/lib/thumb/v7e-m+fp/hard\libc_nano.a(lib_a-fvwrite.o)
 .bss           0x00000000        0x0 c:/program files (x86)/gnu arm embedded toolchain/10 2021.10/bin/../lib/gcc/arm-none-eabi/10.3.1/../../../../arm-none-eabi/lib/thumb/v7e-m+fp/hard\libc_nano.a(lib_a-fvwrite.o)
 .text.__sfvwrite_r
                0x00000000      0x294 c:/program files (x86)/gnu arm embedded toolchain/10 2021.10/bin/../lib/gcc/arm-none-eabi/10.3.1/../../../../arm-none-eabi/lib/thumb/v7e-m+fp/hard\libc_nano.a(lib_a-fvwrite.o)
 .debug_frame   0x00000000       0x3c c:/program files (x86)/gnu arm embedded toolchain/10 2021.10/bin/../lib/gcc/arm-none-eabi/10.3.1/../../../../arm-none-eabi/lib/thumb/v7e-m+fp/hard\libc_nano.a(lib_a-fvwrite.o)
 .ARM.attributes
                0x00000000       0x34 c:/program files (x86)/gnu arm embedded toolchain/10 2021.10/bin/../lib/gcc/arm-none-eabi/10.3.1/../../../../arm-none-eabi/lib/thumb/v7e-m+fp/hard\libc_nano.a(lib_a-fvwrite.o)
 .text          0x00000000        0x0 c:/program files (x86)/gnu arm embedded toolchain/10 2021.10/bin/../lib/gcc/arm-none-eabi/10.3.1/../../../../arm-none-eabi/lib/thumb/v7e-m+fp/hard\libc_nano.a(lib_a-lseekr.o)
 .data          0x00000000        0x0 c:/program files (x86)/gnu arm embedded toolchain/10 2021.10/bin/../lib/gcc/arm-none-eabi/10.3.1/../../../../arm-none-eabi/lib/thumb/v7e-m+fp/hard\libc_nano.a(lib_a-lseekr.o)
 .bss           0x00000000        0x0 c:/program files (x86)/gnu arm embedded toolchain/10 2021.10/bin/../lib/gcc/arm-none-eabi/10.3.1/../../../../arm-none-eabi/lib/thumb/v7e-m+fp/hard\libc_nano.a(lib_a-lseekr.o)
 .text          0x00000000        0x0 c:/program files (x86)/gnu arm embedded toolchain/10 2021.10/bin/../lib/gcc/arm-none-eabi/10.3.1/../../../../arm-none-eabi/lib/thumb/v7e-m+fp/hard\libc_nano.a(lib_a-makebuf.o)
 .data          0x00000000        0x0 c:/program files (x86)/gnu arm embedded toolchain/10 2021.10/bin/../lib/gcc/arm-none-eabi/10.3.1/../../../../arm-none-eabi/lib/thumb/v7e-m+fp/hard\libc_nano.a(lib_a-makebuf.o)
 .bss           0x00000000        0x0 c:/program files (x86)/gnu arm embedded toolchain/10 2021.10/bin/../lib/gcc/arm-none-eabi/10.3.1/../../../../arm-none-eabi/lib/thumb/v7e-m+fp/hard\libc_nano.a(lib_a-makebuf.o)
 .data          0x00000000        0x0 c:/program files (x86)/gnu arm embedded toolchain/10 2021.10/bin/../lib/gcc/arm-none-eabi/10.3.1/../../../../arm-none-eabi/lib/thumb/v7e-m+fp/hard\libc_nano.a(lib_a-memchr.o)
 .bss           0x00000000        0x0 c:/program files (x86)/gnu arm embedded toolchain/10 2021.10/bin/../lib/gcc/arm-none-eabi/10.3.1/../../../../arm-none-eabi/lib/thumb/v7e-m+fp/hard\libc_nano.a(lib_a-memchr.o)
 .text          0x00000000        0x0 c:/program files (x86)/gnu arm embedded toolchain/10 2021.10/bin/../lib/gcc/arm-none-eabi/10.3.1/../../../../arm-none-eabi/lib/thumb/v7e-m+fp/hard\libc_nano.a(lib_a-memmove.o)
 .data          0x00000000        0x0 c:/program files (x86)/gnu arm embedded toolchain/10 2021.10/bin/../lib/gcc/arm-none-eabi/10.3.1/../../../../arm-none-eabi/lib/thumb/v7e-m+fp/hard\libc_nano.a(lib_a-memmove.o)
 .bss           0x00000000        0x0 c:/program files (x86)/gnu arm embedded toolchain/10 2021.10/bin/../lib/gcc/arm-none-eabi/10.3.1/../../../../arm-none-eabi/lib/thumb/v7e-m+fp/hard\libc_nano.a(lib_a-memmove.o)
 .text.memmove  0x00000000       0x34 c:/program files (x86)/gnu arm embedded toolchain/10 2021.10/bin/../lib/gcc/arm-none-eabi/10.3.1/../../../../arm-none-eabi/lib/thumb/v7e-m+fp/hard\libc_nano.a(lib_a-memmove.o)
 .debug_frame   0x00000000       0x28 c:/program files (x86)/gnu arm embedded toolchain/10 2021.10/bin/../lib/gcc/arm-none-eabi/10.3.1/../../../../arm-none-eabi/lib/thumb/v7e-m+fp/hard\libc_nano.a(lib_a-memmove.o)
 .ARM.attributes
                0x00000000       0x34 c:/program files (x86)/gnu arm embedded toolchain/10 2021.10/bin/../lib/gcc/arm-none-eabi/10.3.1/../../../../arm-none-eabi/lib/thumb/v7e-m+fp/hard\libc_nano.a(lib_a-memmove.o)
 .text          0x00000000        0x0 c:/program files (x86)/gnu arm embedded toolchain/10 2021.10/bin/../lib/gcc/arm-none-eabi/10.3.1/../../../../arm-none-eabi/lib/thumb/v7e-m+fp/hard\libc_nano.a(lib_a-mlock.o)
 .data          0x00000000        0x0 c:/program files (x86)/gnu arm embedded toolchain/10 2021.10/bin/../lib/gcc/arm-none-eabi/10.3.1/../../../../arm-none-eabi/lib/thumb/v7e-m+fp/hard\libc_nano.a(lib_a-mlock.o)
 .bss           0x00000000        0x0 c:/program files (x86)/gnu arm embedded toolchain/10 2021.10/bin/../lib/gcc/arm-none-eabi/10.3.1/../../../../arm-none-eabi/lib/thumb/v7e-m+fp/hard\libc_nano.a(lib_a-mlock.o)
 .text          0x00000000        0x0 c:/program files (x86)/gnu arm embedded toolchain/10 2021.10/bin/../lib/gcc/arm-none-eabi/10.3.1/../../../../arm-none-eabi/lib/thumb/v7e-m+fp/hard\libc_nano.a(lib_a-nano-freer.o)
 .data          0x00000000        0x0 c:/program files (x86)/gnu arm embedded toolchain/10 2021.10/bin/../lib/gcc/arm-none-eabi/10.3.1/../../../../arm-none-eabi/lib/thumb/v7e-m+fp/hard\libc_nano.a(lib_a-nano-freer.o)
 .bss           0x00000000        0x0 c:/program files (x86)/gnu arm embedded toolchain/10 2021.10/bin/../lib/gcc/arm-none-eabi/10.3.1/../../../../arm-none-eabi/lib/thumb/v7e-m+fp/hard\libc_nano.a(lib_a-nano-freer.o)
 .text          0x00000000        0x0 c:/program files (x86)/gnu arm embedded toolchain/10 2021.10/bin/../lib/gcc/arm-none-eabi/10.3.1/../../../../arm-none-eabi/lib/thumb/v7e-m+fp/hard\libc_nano.a(lib_a-nano-reallocr.o)
 .data          0x00000000        0x0 c:/program files (x86)/gnu arm embedded toolchain/10 2021.10/bin/../lib/gcc/arm-none-eabi/10.3.1/../../../../arm-none-eabi/lib/thumb/v7e-m+fp/hard\libc_nano.a(lib_a-nano-reallocr.o)
 .bss           0x00000000        0x0 c:/program files (x86)/gnu arm embedded toolchain/10 2021.10/bin/../lib/gcc/arm-none-eabi/10.3.1/../../../../arm-none-eabi/lib/thumb/v7e-m+fp/hard\libc_nano.a(lib_a-nano-reallocr.o)
 .text._realloc_r
                0x00000000       0x5e c:/program files (x86)/gnu arm embedded toolchain/10 2021.10/bin/../lib/gcc/arm-none-eabi/10.3.1/../../../../arm-none-eabi/lib/thumb/v7e-m+fp/hard\libc_nano.a(lib_a-nano-reallocr.o)
 .debug_frame   0x00000000       0x3c c:/program files (x86)/gnu arm embedded toolchain/10 2021.10/bin/../lib/gcc/arm-none-eabi/10.3.1/../../../../arm-none-eabi/lib/thumb/v7e-m+fp/hard\libc_nano.a(lib_a-nano-reallocr.o)
 .ARM.attributes
                0x00000000       0x34 c:/program files (x86)/gnu arm embedded toolchain/10 2021.10/bin/../lib/gcc/arm-none-eabi/10.3.1/../../../../arm-none-eabi/lib/thumb/v7e-m+fp/hard\libc_nano.a(lib_a-nano-reallocr.o)
 .text          0x00000000        0x0 c:/program files (x86)/gnu arm embedded toolchain/10 2021.10/bin/../lib/gcc/arm-none-eabi/10.3.1/../../../../arm-none-eabi/lib/thumb/v7e-m+fp/hard\libc_nano.a(lib_a-readr.o)
 .data          0x00000000        0x0 c:/program files (x86)/gnu arm embedded toolchain/10 2021.10/bin/../lib/gcc/arm-none-eabi/10.3.1/../../../../arm-none-eabi/lib/thumb/v7e-m+fp/hard\libc_nano.a(lib_a-readr.o)
 .bss           0x00000000        0x0 c:/program files (x86)/gnu arm embedded toolchain/10 2021.10/bin/../lib/gcc/arm-none-eabi/10.3.1/../../../../arm-none-eabi/lib/thumb/v7e-m+fp/hard\libc_nano.a(lib_a-readr.o)
 .text          0x00000000        0x0 c:/program files (x86)/gnu arm embedded toolchain/10 2021.10/bin/../lib/gcc/arm-none-eabi/10.3.1/../../../../arm-none-eabi/lib/thumb/v7e-m+fp/hard\libc_nano.a(lib_a-reent.o)
 .data          0x00000000        0x0 c:/program files (x86)/gnu arm embedded toolchain/10 2021.10/bin/../lib/gcc/arm-none-eabi/10.3.1/../../../../arm-none-eabi/lib/thumb/v7e-m+fp/hard\libc_nano.a(lib_a-reent.o)
 .bss           0x00000000        0x0 c:/program files (x86)/gnu arm embedded toolchain/10 2021.10/bin/../lib/gcc/arm-none-eabi/10.3.1/../../../../arm-none-eabi/lib/thumb/v7e-m+fp/hard\libc_nano.a(lib_a-reent.o)
 .text.cleanup_glue
                0x00000000       0x1a c:/program files (x86)/gnu arm embedded toolchain/10 2021.10/bin/../lib/gcc/arm-none-eabi/10.3.1/../../../../arm-none-eabi/lib/thumb/v7e-m+fp/hard\libc_nano.a(lib_a-reent.o)
 .text._reclaim_reent
                0x00000000       0xb8 c:/program files (x86)/gnu arm embedded toolchain/10 2021.10/bin/../lib/gcc/arm-none-eabi/10.3.1/../../../../arm-none-eabi/lib/thumb/v7e-m+fp/hard\libc_nano.a(lib_a-reent.o)
 .text          0x00000000        0x0 c:/program files (x86)/gnu arm embedded toolchain/10 2021.10/bin/../lib/gcc/arm-none-eabi/10.3.1/../../../../arm-none-eabi/lib/thumb/v7e-m+fp/hard\libc_nano.a(lib_a-fstatr.o)
 .data          0x00000000        0x0 c:/program files (x86)/gnu arm embedded toolchain/10 2021.10/bin/../lib/gcc/arm-none-eabi/10.3.1/../../../../arm-none-eabi/lib/thumb/v7e-m+fp/hard\libc_nano.a(lib_a-fstatr.o)
 .bss           0x00000000        0x0 c:/program files (x86)/gnu arm embedded toolchain/10 2021.10/bin/../lib/gcc/arm-none-eabi/10.3.1/../../../../arm-none-eabi/lib/thumb/v7e-m+fp/hard\libc_nano.a(lib_a-fstatr.o)
 .text          0x00000000        0x0 c:/program files (x86)/gnu arm embedded toolchain/10 2021.10/bin/../lib/gcc/arm-none-eabi/10.3.1/../../../../arm-none-eabi/lib/thumb/v7e-m+fp/hard\libc_nano.a(lib_a-isattyr.o)
 .data          0x00000000        0x0 c:/program files (x86)/gnu arm embedded toolchain/10 2021.10/bin/../lib/gcc/arm-none-eabi/10.3.1/../../../../arm-none-eabi/lib/thumb/v7e-m+fp/hard\libc_nano.a(lib_a-isattyr.o)
 .bss           0x00000000        0x0 c:/program files (x86)/gnu arm embedded toolchain/10 2021.10/bin/../lib/gcc/arm-none-eabi/10.3.1/../../../../arm-none-eabi/lib/thumb/v7e-m+fp/hard\libc_nano.a(lib_a-isattyr.o)
 .text          0x00000000        0x0 c:/program files (x86)/gnu arm embedded toolchain/10 2021.10/bin/../lib/gcc/arm-none-eabi/10.3.1/../../../../arm-none-eabi/lib/thumb/v7e-m+fp/hard\libc_nano.a(lib_a-nano-msizer.o)
 .data          0x00000000        0x0 c:/program files (x86)/gnu arm embedded toolchain/10 2021.10/bin/../lib/gcc/arm-none-eabi/10.3.1/../../../../arm-none-eabi/lib/thumb/v7e-m+fp/hard\libc_nano.a(lib_a-nano-msizer.o)
 .bss           0x00000000        0x0 c:/program files (x86)/gnu arm embedded toolchain/10 2021.10/bin/../lib/gcc/arm-none-eabi/10.3.1/../../../../arm-none-eabi/lib/thumb/v7e-m+fp/hard\libc_nano.a(lib_a-nano-msizer.o)
 .text._malloc_usable_size_r
                0x00000000       0x10 c:/program files (x86)/gnu arm embedded toolchain/10 2021.10/bin/../lib/gcc/arm-none-eabi/10.3.1/../../../../arm-none-eabi/lib/thumb/v7e-m+fp/hard\libc_nano.a(lib_a-nano-msizer.o)
 .debug_frame   0x00000000       0x20 c:/program files (x86)/gnu arm embedded toolchain/10 2021.10/bin/../lib/gcc/arm-none-eabi/10.3.1/../../../../arm-none-eabi/lib/thumb/v7e-m+fp/hard\libc_nano.a(lib_a-nano-msizer.o)
 .ARM.attributes
                0x00000000       0x34 c:/program files (x86)/gnu arm embedded toolchain/10 2021.10/bin/../lib/gcc/arm-none-eabi/10.3.1/../../../../arm-none-eabi/lib/thumb/v7e-m+fp/hard\libc_nano.a(lib_a-nano-msizer.o)

Memory Configuration

Name             Origin             Length             Attributes
flash            0x08000000         0x00080000         xr
sram             0x20000000         0x00020000         xrw
*default*        0x00000000         0xffffffff

Linker script and memory map

LOAD C:\Users\Jacob\AppData\Local\Temp\ccWetNKS.o
LOAD C:\Users\Jacob\AppData\Local\Temp\ccISMHko.o
LOAD C:\Users\Jacob\AppData\Local\Temp\ccsvAde4.o
LOAD c:/program files (x86)/gnu arm embedded toolchain/10 2021.10/bin/../lib/gcc/arm-none-eabi/10.3.1/../../../../arm-none-eabi/lib/thumb/v7e-m+fp/hard\libc_nano.a
LOAD c:/program files (x86)/gnu arm embedded toolchain/10 2021.10/bin/../lib/gcc/arm-none-eabi/10.3.1/thumb/v7e-m+fp/hard\libgcc.a
                0x20020000                _estack = (ORIGIN (sram) + LENGTH (sram))

.vectors        0x08000000      0x1c4
 *(.vectors)
 .vectors       0x08000000      0x1c4 C:\Users\Jacob\AppData\Local\Temp\ccISMHko.o
                0x08000000                tab

.text           0x080001d0     0x1208
 *(.text*)
 .text.gpio_set_mode
                0x080001d0       0x38 C:\Users\Jacob\AppData\Local\Temp\ccWetNKS.o
 .text.gpio_set_af.constprop.0
                0x08000208       0x32 C:\Users\Jacob\AppData\Local\Temp\ccWetNKS.o
 *fill*         0x0800023a        0x2 
 .text.SysTick_Handler
                0x0800023c       0x10 C:\Users\Jacob\AppData\Local\Temp\ccWetNKS.o
                0x0800023c                SysTick_Handler
 .text.startup.main
                0x0800024c       0xd8 C:\Users\Jacob\AppData\Local\Temp\ccWetNKS.o
                0x0800024c                main
 .text._reset   0x08000324       0x50 C:\Users\Jacob\AppData\Local\Temp\ccISMHko.o
                0x08000324                _reset
 .text._fstat   0x08000374       0x12 C:\Users\Jacob\AppData\Local\Temp\ccsvAde4.o
                0x08000374                _fstat
 *fill*         0x08000386        0x2 
 .text._sbrk    0x08000388       0x1c C:\Users\Jacob\AppData\Local\Temp\ccsvAde4.o
                0x08000388                _sbrk
 .text._close   0x080003a4        0x6 C:\Users\Jacob\AppData\Local\Temp\ccsvAde4.o
                0x080003a4                _close
 .text._isatty  0x080003aa        0x4 C:\Users\Jacob\AppData\Local\Temp\ccsvAde4.o
                0x080003aa                _isatty
 .text._lseek   0x080003ae        0x4 C:\Users\Jacob\AppData\Local\Temp\ccsvAde4.o
                0x080003ae                _lseek
 *fill*         0x080003b2        0x2 
 .text._write   0x080003b4       0x34 C:\Users\Jacob\AppData\Local\Temp\ccsvAde4.o
                0x080003b4                _write
 .text._read    0x080003e8        0x6 C:\Users\Jacob\AppData\Local\Temp\ccsvAde4.o
                0x080003e8                _read
 .text.memcpy   0x080003ee       0x1c c:/program files (x86)/gnu arm embedded toolchain/10 2021.10/bin/../lib/gcc/arm-none-eabi/10.3.1/../../../../arm-none-eabi/lib/thumb/v7e-m+fp/hard\libc_nano.a(lib_a-memcpy-stub.o)
                0x080003ee                memcpy
 .text.memset   0x0800040a       0x10 c:/program files (x86)/gnu arm embedded toolchain/10 2021.10/bin/../lib/gcc/arm-none-eabi/10.3.1/../../../../arm-none-eabi/lib/thumb/v7e-m+fp/hard\libc_nano.a(lib_a-memset.o)
                0x0800040a                memset
 *fill*         0x0800041a        0x2 
 .text.printf   0x0800041c       0x30 c:/program files (x86)/gnu arm embedded toolchain/10 2021.10/bin/../lib/gcc/arm-none-eabi/10.3.1/../../../../arm-none-eabi/lib/thumb/v7e-m+fp/hard\libc_nano.a(lib_a-printf.o)
                0x0800041c                iprintf
                0x0800041c                printf
 .text.std      0x0800044c       0x48 c:/program files (x86)/gnu arm embedded toolchain/10 2021.10/bin/../lib/gcc/arm-none-eabi/10.3.1/../../../../arm-none-eabi/lib/thumb/v7e-m+fp/hard\libc_nano.a(lib_a-findfp.o)
 .text._cleanup_r
                0x08000494        0xc c:/program files (x86)/gnu arm embedded toolchain/10 2021.10/bin/../lib/gcc/arm-none-eabi/10.3.1/../../../../arm-none-eabi/lib/thumb/v7e-m+fp/hard\libc_nano.a(lib_a-findfp.o)
                0x08000494                _cleanup_r
 .text.__sfmoreglue
                0x080004a0       0x2c c:/program files (x86)/gnu arm embedded toolchain/10 2021.10/bin/../lib/gcc/arm-none-eabi/10.3.1/../../../../arm-none-eabi/lib/thumb/v7e-m+fp/hard\libc_nano.a(lib_a-findfp.o)
                0x080004a0                __sfmoreglue
 .text.__sfp_lock_acquire
                0x080004cc        0xc c:/program files (x86)/gnu arm embedded toolchain/10 2021.10/bin/../lib/gcc/arm-none-eabi/10.3.1/../../../../arm-none-eabi/lib/thumb/v7e-m+fp/hard\libc_nano.a(lib_a-findfp.o)
                0x080004cc                __sfp_lock_acquire
 .text.__sfp_lock_release
                0x080004d8        0xc c:/program files (x86)/gnu arm embedded toolchain/10 2021.10/bin/../lib/gcc/arm-none-eabi/10.3.1/../../../../arm-none-eabi/lib/thumb/v7e-m+fp/hard\libc_nano.a(lib_a-findfp.o)
                0x080004d8                __sfp_lock_release
 .text.__sinit_lock_acquire
                0x080004e4        0xc c:/program files (x86)/gnu arm embedded toolchain/10 2021.10/bin/../lib/gcc/arm-none-eabi/10.3.1/../../../../arm-none-eabi/lib/thumb/v7e-m+fp/hard\libc_nano.a(lib_a-findfp.o)
                0x080004e4                __sinit_lock_acquire
 .text.__sinit_lock_release
                0x080004f0        0xc c:/program files (x86)/gnu arm embedded toolchain/10 2021.10/bin/../lib/gcc/arm-none-eabi/10.3.1/../../../../arm-none-eabi/lib/thumb/v7e-m+fp/hard\libc_nano.a(lib_a-findfp.o)
                0x080004f0                __sinit_lock_release
 .text.__sinit  0x080004fc       0x70 c:/program files (x86)/gnu arm embedded toolchain/10 2021.10/bin/../lib/gcc/arm-none-eabi/10.3.1/../../../../arm-none-eabi/lib/thumb/v7e-m+fp/hard\libc_nano.a(lib_a-findfp.o)
                0x080004fc                __sinit
 .text.__sfp    0x0800056c       0x8c c:/program files (x86)/gnu arm embedded toolchain/10 2021.10/bin/../lib/gcc/arm-none-eabi/10.3.1/../../../../arm-none-eabi/lib/thumb/v7e-m+fp/hard\libc_nano.a(lib_a-findfp.o)
                0x0800056c                __sfp
 .text._fwalk_reent
                0x080005f8       0x3e c:/program files (x86)/gnu arm embedded toolchain/10 2021.10/bin/../lib/gcc/arm-none-eabi/10.3.1/../../../../arm-none-eabi/lib/thumb/v7e-m+fp/hard\libc_nano.a(lib_a-fwalk.o)
                0x080005f8                _fwalk_reent
 .text.__retarget_lock_init_recursive
                0x08000636        0x2 c:/program files (x86)/gnu arm embedded toolchain/10 2021.10/bin/../lib/gcc/arm-none-eabi/10.3.1/../../../../arm-none-eabi/lib/thumb/v7e-m+fp/hard\libc_nano.a(lib_a-lock.o)
                0x08000636                __retarget_lock_init_recursive
 .text.__retarget_lock_acquire_recursive
                0x08000638        0x2 c:/program files (x86)/gnu arm embedded toolchain/10 2021.10/bin/../lib/gcc/arm-none-eabi/10.3.1/../../../../arm-none-eabi/lib/thumb/v7e-m+fp/hard\libc_nano.a(lib_a-lock.o)
                0x08000638                __retarget_lock_acquire_recursive
 .text.__retarget_lock_release_recursive
                0x0800063a        0x2 c:/program files (x86)/gnu arm embedded toolchain/10 2021.10/bin/../lib/gcc/arm-none-eabi/10.3.1/../../../../arm-none-eabi/lib/thumb/v7e-m+fp/hard\libc_nano.a(lib_a-lock.o)
                0x0800063a                __retarget_lock_release_recursive
 .text.sbrk_aligned
                0x0800063c       0x40 c:/program files (x86)/gnu arm embedded toolchain/10 2021.10/bin/../lib/gcc/arm-none-eabi/10.3.1/../../../../arm-none-eabi/lib/thumb/v7e-m+fp/hard\libc_nano.a(lib_a-nano-mallocr.o)
 .text._malloc_r
                0x0800067c       0xe8 c:/program files (x86)/gnu arm embedded toolchain/10 2021.10/bin/../lib/gcc/arm-none-eabi/10.3.1/../../../../arm-none-eabi/lib/thumb/v7e-m+fp/hard\libc_nano.a(lib_a-nano-mallocr.o)
                0x0800067c                _malloc_r
 .text.__sfputc_r
                0x08000764       0x2e c:/program files (x86)/gnu arm embedded toolchain/10 2021.10/bin/../lib/gcc/arm-none-eabi/10.3.1/../../../../arm-none-eabi/lib/thumb/v7e-m+fp/hard\libc_nano.a(lib_a-nano-vfprintf.o)
 .text.__sfputs_r
                0x08000792       0x24 c:/program files (x86)/gnu arm embedded toolchain/10 2021.10/bin/../lib/gcc/arm-none-eabi/10.3.1/../../../../arm-none-eabi/lib/thumb/v7e-m+fp/hard\libc_nano.a(lib_a-nano-vfprintf.o)
                0x08000792                __sfputs_r
 *fill*         0x080007b6        0x2 
 .text._vfprintf_r
                0x080007b8      0x260 c:/program files (x86)/gnu arm embedded toolchain/10 2021.10/bin/../lib/gcc/arm-none-eabi/10.3.1/../../../../arm-none-eabi/lib/thumb/v7e-m+fp/hard\libc_nano.a(lib_a-nano-vfprintf.o)
                0x080007b8                _vfprintf_r
                0x080007b8                _vfiprintf_r
 .text._printf_common
                0x08000a18       0xda c:/program files (x86)/gnu arm embedded toolchain/10 2021.10/bin/../lib/gcc/arm-none-eabi/10.3.1/../../../../arm-none-eabi/lib/thumb/v7e-m+fp/hard\libc_nano.a(lib_a-nano-vfprintf_i.o)
                0x08000a18                _printf_common
 *fill*         0x08000af2        0x2 
 .text._printf_i
                0x08000af4      0x24c c:/program files (x86)/gnu arm embedded toolchain/10 2021.10/bin/../lib/gcc/arm-none-eabi/10.3.1/../../../../arm-none-eabi/lib/thumb/v7e-m+fp/hard\libc_nano.a(lib_a-nano-vfprintf_i.o)
                0x08000af4                _printf_i
 .text._sbrk_r  0x08000d40       0x20 c:/program files (x86)/gnu arm embedded toolchain/10 2021.10/bin/../lib/gcc/arm-none-eabi/10.3.1/../../../../arm-none-eabi/lib/thumb/v7e-m+fp/hard\libc_nano.a(lib_a-sbrkr.o)
                0x08000d40                _sbrk_r
 .text.__sread  0x08000d60       0x22 c:/program files (x86)/gnu arm embedded toolchain/10 2021.10/bin/../lib/gcc/arm-none-eabi/10.3.1/../../../../arm-none-eabi/lib/thumb/v7e-m+fp/hard\libc_nano.a(lib_a-stdio.o)
                0x08000d60                __sread
 .text.__swrite
                0x08000d82       0x38 c:/program files (x86)/gnu arm embedded toolchain/10 2021.10/bin/../lib/gcc/arm-none-eabi/10.3.1/../../../../arm-none-eabi/lib/thumb/v7e-m+fp/hard\libc_nano.a(lib_a-stdio.o)
                0x08000d82                __swrite
 .text.__sseek  0x08000dba       0x24 c:/program files (x86)/gnu arm embedded toolchain/10 2021.10/bin/../lib/gcc/arm-none-eabi/10.3.1/../../../../arm-none-eabi/lib/thumb/v7e-m+fp/hard\libc_nano.a(lib_a-stdio.o)
                0x08000dba                __sseek
 .text.__sclose
                0x08000dde        0x8 c:/program files (x86)/gnu arm embedded toolchain/10 2021.10/bin/../lib/gcc/arm-none-eabi/10.3.1/../../../../arm-none-eabi/lib/thumb/v7e-m+fp/hard\libc_nano.a(lib_a-stdio.o)
                0x08000dde                __sclose
 *fill*         0x08000de6        0x2 
 .text.__swbuf_r
                0x08000de8       0xa4 c:/program files (x86)/gnu arm embedded toolchain/10 2021.10/bin/../lib/gcc/arm-none-eabi/10.3.1/../../../../arm-none-eabi/lib/thumb/v7e-m+fp/hard\libc_nano.a(lib_a-wbuf.o)
                0x08000de8                __swbuf_r
 .text._write_r
                0x08000e8c       0x24 c:/program files (x86)/gnu arm embedded toolchain/10 2021.10/bin/../lib/gcc/arm-none-eabi/10.3.1/../../../../arm-none-eabi/lib/thumb/v7e-m+fp/hard\libc_nano.a(lib_a-writer.o)
                0x08000e8c                _write_r
 .text.__swsetup_r
                0x08000eb0       0xdc c:/program files (x86)/gnu arm embedded toolchain/10 2021.10/bin/../lib/gcc/arm-none-eabi/10.3.1/../../../../arm-none-eabi/lib/thumb/v7e-m+fp/hard\libc_nano.a(lib_a-wsetup.o)
                0x08000eb0                __swsetup_r
 .text._close_r
                0x08000f8c       0x20 c:/program files (x86)/gnu arm embedded toolchain/10 2021.10/bin/../lib/gcc/arm-none-eabi/10.3.1/../../../../arm-none-eabi/lib/thumb/v7e-m+fp/hard\libc_nano.a(lib_a-closer.o)
                0x08000f8c                _close_r
 .text.__sflush_r
                0x08000fac      0x10c c:/program files (x86)/gnu arm embedded toolchain/10 2021.10/bin/../lib/gcc/arm-none-eabi/10.3.1/../../../../arm-none-eabi/lib/thumb/v7e-m+fp/hard\libc_nano.a(lib_a-fflush.o)
                0x08000fac                __sflush_r
 .text._fflush_r
                0x080010b8       0x78 c:/program files (x86)/gnu arm embedded toolchain/10 2021.10/bin/../lib/gcc/arm-none-eabi/10.3.1/../../../../arm-none-eabi/lib/thumb/v7e-m+fp/hard\libc_nano.a(lib_a-fflush.o)
                0x080010b8                _fflush_r
 .text._lseek_r
                0x08001130       0x24 c:/program files (x86)/gnu arm embedded toolchain/10 2021.10/bin/../lib/gcc/arm-none-eabi/10.3.1/../../../../arm-none-eabi/lib/thumb/v7e-m+fp/hard\libc_nano.a(lib_a-lseekr.o)
                0x08001130                _lseek_r
 .text.__swhatbuf_r
                0x08001154       0x4a c:/program files (x86)/gnu arm embedded toolchain/10 2021.10/bin/../lib/gcc/arm-none-eabi/10.3.1/../../../../arm-none-eabi/lib/thumb/v7e-m+fp/hard\libc_nano.a(lib_a-makebuf.o)
                0x08001154                __swhatbuf_r
 *fill*         0x0800119e        0x2 
 .text.__smakebuf_r
                0x080011a0       0x80 c:/program files (x86)/gnu arm embedded toolchain/10 2021.10/bin/../lib/gcc/arm-none-eabi/10.3.1/../../../../arm-none-eabi/lib/thumb/v7e-m+fp/hard\libc_nano.a(lib_a-makebuf.o)
                0x080011a0                __smakebuf_r
 .text          0x08001220       0xa0 c:/program files (x86)/gnu arm embedded toolchain/10 2021.10/bin/../lib/gcc/arm-none-eabi/10.3.1/../../../../arm-none-eabi/lib/thumb/v7e-m+fp/hard\libc_nano.a(lib_a-memchr.o)
                0x08001220                memchr
 .text.__malloc_lock
                0x080012c0        0xc c:/program files (x86)/gnu arm embedded toolchain/10 2021.10/bin/../lib/gcc/arm-none-eabi/10.3.1/../../../../arm-none-eabi/lib/thumb/v7e-m+fp/hard\libc_nano.a(lib_a-mlock.o)
                0x080012c0                __malloc_lock
 .text.__malloc_unlock
                0x080012cc        0xc c:/program files (x86)/gnu arm embedded toolchain/10 2021.10/bin/../lib/gcc/arm-none-eabi/10.3.1/../../../../arm-none-eabi/lib/thumb/v7e-m+fp/hard\libc_nano.a(lib_a-mlock.o)
                0x080012cc                __malloc_unlock
 .text._free_r  0x080012d8       0x98 c:/program files (x86)/gnu arm embedded toolchain/10 2021.10/bin/../lib/gcc/arm-none-eabi/10.3.1/../../../../arm-none-eabi/lib/thumb/v7e-m+fp/hard\libc_nano.a(lib_a-nano-freer.o)
                0x080012d8                _free_r
 .text._read_r  0x08001370       0x24 c:/program files (x86)/gnu arm embedded toolchain/10 2021.10/bin/../lib/gcc/arm-none-eabi/10.3.1/../../../../arm-none-eabi/lib/thumb/v7e-m+fp/hard\libc_nano.a(lib_a-readr.o)
                0x08001370                _read_r
 .text._fstat_r
                0x08001394       0x24 c:/program files (x86)/gnu arm embedded toolchain/10 2021.10/bin/../lib/gcc/arm-none-eabi/10.3.1/../../../../arm-none-eabi/lib/thumb/v7e-m+fp/hard\libc_nano.a(lib_a-fstatr.o)
                0x08001394                _fstat_r
 .text._isatty_r
                0x080013b8       0x20 c:/program files (x86)/gnu arm embedded toolchain/10 2021.10/bin/../lib/gcc/arm-none-eabi/10.3.1/../../../../arm-none-eabi/lib/thumb/v7e-m+fp/hard\libc_nano.a(lib_a-isattyr.o)
                0x080013b8                _isatty_r

.glue_7         0x080013d8        0x0
 .glue_7        0x080013d8        0x0 linker stubs

.glue_7t        0x080013d8        0x0
 .glue_7t       0x080013d8        0x0 linker stubs

.vfp11_veneer   0x080013d8        0x0
 .vfp11_veneer  0x080013d8        0x0 linker stubs

.v4_bx          0x080013d8        0x0
 .v4_bx         0x080013d8        0x0 linker stubs

.iplt           0x080013d8        0x0
 .iplt          0x080013d8        0x0 C:\Users\Jacob\AppData\Local\Temp\ccWetNKS.o

.rodata         0x080013d8       0xaf
 *(.rodata*)
 .rodata.main.str1.1
                0x080013d8       0x16 C:\Users\Jacob\AppData\Local\Temp\ccWetNKS.o
 *fill*         0x080013ee        0x2 
 .rodata.__sf_fake_stderr
                0x080013f0       0x20 c:/program files (x86)/gnu arm embedded toolchain/10 2021.10/bin/../lib/gcc/arm-none-eabi/10.3.1/../../../../arm-none-eabi/lib/thumb/v7e-m+fp/hard\libc_nano.a(lib_a-findfp.o)
                0x080013f0                __sf_fake_stderr
 .rodata.__sf_fake_stdin
                0x08001410       0x20 c:/program files (x86)/gnu arm embedded toolchain/10 2021.10/bin/../lib/gcc/arm-none-eabi/10.3.1/../../../../arm-none-eabi/lib/thumb/v7e-m+fp/hard\libc_nano.a(lib_a-findfp.o)
                0x08001410                __sf_fake_stdin
 .rodata.__sf_fake_stdout
                0x08001430       0x20 c:/program files (x86)/gnu arm embedded toolchain/10 2021.10/bin/../lib/gcc/arm-none-eabi/10.3.1/../../../../arm-none-eabi/lib/thumb/v7e-m+fp/hard\libc_nano.a(lib_a-findfp.o)
                0x08001430                __sf_fake_stdout
 .rodata._global_impure_ptr
                0x08001450        0x4 c:/program files (x86)/gnu arm embedded toolchain/10 2021.10/bin/../lib/gcc/arm-none-eabi/10.3.1/../../../../arm-none-eabi/lib/thumb/v7e-m+fp/hard\libc_nano.a(lib_a-impure.o)
                0x08001450                _global_impure_ptr
 .rodata._vfprintf_r.str1.1
                0x08001454       0x11 c:/program files (x86)/gnu arm embedded toolchain/10 2021.10/bin/../lib/gcc/arm-none-eabi/10.3.1/../../../../arm-none-eabi/lib/thumb/v7e-m+fp/hard\libc_nano.a(lib_a-nano-vfprintf.o)
 .rodata._printf_i.str1.1
                0x08001465       0x22 c:/program files (x86)/gnu arm embedded toolchain/10 2021.10/bin/../lib/gcc/arm-none-eabi/10.3.1/../../../../arm-none-eabi/lib/thumb/v7e-m+fp/hard\libc_nano.a(lib_a-nano-vfprintf_i.o)

.rel.dyn        0x08001488        0x0
 .rel.iplt      0x08001488        0x0 C:\Users\Jacob\AppData\Local\Temp\ccWetNKS.o

.data           0x20000000       0x65 load address 0x08001487
                0x20000000                _sdata = .
 *(.first_data)
 *(.data SORT_BY_NAME(.data*))
 .data._impure_ptr
                0x20000000        0x4 c:/program files (x86)/gnu arm embedded toolchain/10 2021.10/bin/../lib/gcc/arm-none-eabi/10.3.1/../../../../arm-none-eabi/lib/thumb/v7e-m+fp/hard\libc_nano.a(lib_a-impure.o)
                0x20000000                _impure_ptr
 .data.impure_data
                0x20000004       0x60 c:/program files (x86)/gnu arm embedded toolchain/10 2021.10/bin/../lib/gcc/arm-none-eabi/10.3.1/../../../../arm-none-eabi/lib/thumb/v7e-m+fp/hard\libc_nano.a(lib_a-impure.o)
 .data.led_on   0x20000064        0x1 C:\Users\Jacob\AppData\Local\Temp\ccWetNKS.o
                0x20000064                led_on
                0x20000065                _edata = .
                0x08001487                _sidata = LOADADDR (.data)

.igot.plt       0x20000068        0x0 load address 0x080014ec
 .igot.plt      0x20000068        0x0 C:\Users\Jacob\AppData\Local\Temp\ccWetNKS.o

.bss            0x20000068       0x18 load address 0x080014ec
                0x20000068                _sbss = .
 *(.bss SORT_BY_NAME(.bss.*) COMMON)
 .bss.__lock___malloc_recursive_mutex
                0x20000068        0x1 c:/program files (x86)/gnu arm embedded toolchain/10 2021.10/bin/../lib/gcc/arm-none-eabi/10.3.1/../../../../arm-none-eabi/lib/thumb/v7e-m+fp/hard\libc_nano.a(lib_a-lock.o)
                0x20000068                __lock___malloc_recursive_mutex
 .bss.__lock___sfp_recursive_mutex
                0x20000069        0x1 c:/program files (x86)/gnu arm embedded toolchain/10 2021.10/bin/../lib/gcc/arm-none-eabi/10.3.1/../../../../arm-none-eabi/lib/thumb/v7e-m+fp/hard\libc_nano.a(lib_a-lock.o)
                0x20000069                __lock___sfp_recursive_mutex
 .bss.__lock___sinit_recursive_mutex
                0x2000006a        0x1 c:/program files (x86)/gnu arm embedded toolchain/10 2021.10/bin/../lib/gcc/arm-none-eabi/10.3.1/../../../../arm-none-eabi/lib/thumb/v7e-m+fp/hard\libc_nano.a(lib_a-lock.o)
                0x2000006a                __lock___sinit_recursive_mutex
 *fill*         0x2000006b        0x1 
 .bss.__malloc_free_list
                0x2000006c        0x4 c:/program files (x86)/gnu arm embedded toolchain/10 2021.10/bin/../lib/gcc/arm-none-eabi/10.3.1/../../../../arm-none-eabi/lib/thumb/v7e-m+fp/hard\libc_nano.a(lib_a-nano-mallocr.o)
                0x2000006c                __malloc_free_list
 .bss.__malloc_sbrk_start
                0x20000070        0x4 c:/program files (x86)/gnu arm embedded toolchain/10 2021.10/bin/../lib/gcc/arm-none-eabi/10.3.1/../../../../arm-none-eabi/lib/thumb/v7e-m+fp/hard\libc_nano.a(lib_a-nano-mallocr.o)
                0x20000070                __malloc_sbrk_start
 .bss.errno     0x20000074        0x4 c:/program files (x86)/gnu arm embedded toolchain/10 2021.10/bin/../lib/gcc/arm-none-eabi/10.3.1/../../../../arm-none-eabi/lib/thumb/v7e-m+fp/hard\libc_nano.a(lib_a-reent.o)
                0x20000074                errno
 .bss.heap.0    0x20000078        0x4 C:\Users\Jacob\AppData\Local\Temp\ccsvAde4.o
 .bss.s_ticks   0x2000007c        0x4 C:\Users\Jacob\AppData\Local\Temp\ccWetNKS.o
                0x20000080                _ebss = .
                0x20000080                . = ALIGN (0x8)
                0x20000080                _end = .
OUTPUT(firmware.elf elf32-littlearm)
LOAD linker stubs

.debug_info     0x00000000     0x110b
 .debug_info    0x00000000      0x82b C:\Users\Jacob\AppData\Local\Temp\ccWetNKS.o
 .debug_info    0x0000082b      0x14f C:\Users\Jacob\AppData\Local\Temp\ccISMHko.o
 .debug_info    0x0000097a      0x791 C:\Users\Jacob\AppData\Local\Temp\ccsvAde4.o

.debug_abbrev   0x00000000      0x62c
 .debug_abbrev  0x00000000      0x2c3 C:\Users\Jacob\AppData\Local\Temp\ccWetNKS.o
 .debug_abbrev  0x000002c3      0x103 C:\Users\Jacob\AppData\Local\Temp\ccISMHko.o
 .debug_abbrev  0x000003c6      0x266 C:\Users\Jacob\AppData\Local\Temp\ccsvAde4.o

.debug_loc      0x00000000      0x5b0
 .debug_loc     0x00000000      0x2ba C:\Users\Jacob\AppData\Local\Temp\ccWetNKS.o
 .debug_loc     0x000002ba      0x2f6 C:\Users\Jacob\AppData\Local\Temp\ccsvAde4.o

.debug_aranges  0x00000000       0xd8
 .debug_aranges
                0x00000000       0x38 C:\Users\Jacob\AppData\Local\Temp\ccWetNKS.o
 .debug_aranges
                0x00000038       0x20 C:\Users\Jacob\AppData\Local\Temp\ccISMHko.o
 .debug_aranges
                0x00000058       0x80 C:\Users\Jacob\AppData\Local\Temp\ccsvAde4.o

.debug_ranges   0x00000000      0x158
 .debug_ranges  0x00000000       0xa8 C:\Users\Jacob\AppData\Local\Temp\ccWetNKS.o
 .debug_ranges  0x000000a8       0x10 C:\Users\Jacob\AppData\Local\Temp\ccISMHko.o
 .debug_ranges  0x000000b8       0xa0 C:\Users\Jacob\AppData\Local\Temp\ccsvAde4.o

.debug_macro    0x00000000     0x2a7f
 .debug_macro   0x00000000      0x252 C:\Users\Jacob\AppData\Local\Temp\ccWetNKS.o
 .debug_macro   0x00000252      0xa6c C:\Users\Jacob\AppData\Local\Temp\ccWetNKS.o
 .debug_macro   0x00000cbe       0x22 C:\Users\Jacob\AppData\Local\Temp\ccWetNKS.o
 .debug_macro   0x00000ce0       0x4c C:\Users\Jacob\AppData\Local\Temp\ccWetNKS.o
 .debug_macro   0x00000d2c       0x1e C:\Users\Jacob\AppData\Local\Temp\ccWetNKS.o
 .debug_macro   0x00000d4a       0x94 C:\Users\Jacob\AppData\Local\Temp\ccWetNKS.o
 .debug_macro   0x00000dde       0x3c C:\Users\Jacob\AppData\Local\Temp\ccWetNKS.o
 .debug_macro   0x00000e1a      0x103 C:\Users\Jacob\AppData\Local\Temp\ccWetNKS.o
 .debug_macro   0x00000f1d       0x3a C:\Users\Jacob\AppData\Local\Temp\ccWetNKS.o
 .debug_macro   0x00000f57       0x57 C:\Users\Jacob\AppData\Local\Temp\ccWetNKS.o
 .debug_macro   0x00000fae       0x6a C:\Users\Jacob\AppData\Local\Temp\ccWetNKS.o
 .debug_macro   0x00001018      0x1df C:\Users\Jacob\AppData\Local\Temp\ccWetNKS.o
 .debug_macro   0x000011f7       0x82 C:\Users\Jacob\AppData\Local\Temp\ccWetNKS.o
 .debug_macro   0x00001279      0x460 C:\Users\Jacob\AppData\Local\Temp\ccWetNKS.o
 .debug_macro   0x000016d9       0x22 C:\Users\Jacob\AppData\Local\Temp\ccWetNKS.o
 .debug_macro   0x000016fb       0x1c C:\Users\Jacob\AppData\Local\Temp\ccWetNKS.o
 .debug_macro   0x00001717       0x97 C:\Users\Jacob\AppData\Local\Temp\ccWetNKS.o
 .debug_macro   0x000017ae      0x341 C:\Users\Jacob\AppData\Local\Temp\ccWetNKS.o
 .debug_macro   0x00001aef       0x8d C:\Users\Jacob\AppData\Local\Temp\ccWetNKS.o
 .debug_macro   0x00001b7c       0x10 C:\Users\Jacob\AppData\Local\Temp\ccWetNKS.o
 .debug_macro   0x00001b8c       0x16 C:\Users\Jacob\AppData\Local\Temp\ccWetNKS.o
 .debug_macro   0x00001ba2       0x43 C:\Users\Jacob\AppData\Local\Temp\ccWetNKS.o
 .debug_macro   0x00001be5       0x34 C:\Users\Jacob\AppData\Local\Temp\ccWetNKS.o
 .debug_macro   0x00001c19       0x10 C:\Users\Jacob\AppData\Local\Temp\ccWetNKS.o
 .debug_macro   0x00001c29       0x58 C:\Users\Jacob\AppData\Local\Temp\ccWetNKS.o
 .debug_macro   0x00001c81       0x71 C:\Users\Jacob\AppData\Local\Temp\ccWetNKS.o
 .debug_macro   0x00001cf2       0x1c C:\Users\Jacob\AppData\Local\Temp\ccWetNKS.o
 .debug_macro   0x00001d0e      0x12a C:\Users\Jacob\AppData\Local\Temp\ccWetNKS.o
 .debug_macro   0x00001e38       0x10 C:\Users\Jacob\AppData\Local\Temp\ccWetNKS.o
 .debug_macro   0x00001e48       0x1c C:\Users\Jacob\AppData\Local\Temp\ccWetNKS.o
 .debug_macro   0x00001e64       0x52 C:\Users\Jacob\AppData\Local\Temp\ccWetNKS.o
 .debug_macro   0x00001eb6       0x22 C:\Users\Jacob\AppData\Local\Temp\ccWetNKS.o
 .debug_macro   0x00001ed8       0x10 C:\Users\Jacob\AppData\Local\Temp\ccWetNKS.o
 .debug_macro   0x00001ee8       0x52 C:\Users\Jacob\AppData\Local\Temp\ccWetNKS.o
 .debug_macro   0x00001f3a       0xd5 C:\Users\Jacob\AppData\Local\Temp\ccWetNKS.o
 .debug_macro   0x0000200f       0x1c C:\Users\Jacob\AppData\Local\Temp\ccWetNKS.o
 .debug_macro   0x0000202b       0x3d C:\Users\Jacob\AppData\Local\Temp\ccWetNKS.o
 .debug_macro   0x00002068       0x16 C:\Users\Jacob\AppData\Local\Temp\ccWetNKS.o
 .debug_macro   0x0000207e      0x145 C:\Users\Jacob\AppData\Local\Temp\ccWetNKS.o
 .debug_macro   0x000021c3       0x16 C:\Users\Jacob\AppData\Local\Temp\ccWetNKS.o
 .debug_macro   0x000021d9       0x35 C:\Users\Jacob\AppData\Local\Temp\ccWetNKS.o
 .debug_macro   0x0000220e       0x16 C:\Users\Jacob\AppData\Local\Temp\ccWetNKS.o
 .debug_macro   0x00002224       0x29 C:\Users\Jacob\AppData\Local\Temp\ccWetNKS.o
 .debug_macro   0x0000224d       0x16 C:\Users\Jacob\AppData\Local\Temp\ccWetNKS.o
 .debug_macro   0x00002263       0x10 C:\Users\Jacob\AppData\Local\Temp\ccWetNKS.o
 .debug_macro   0x00002273       0x41 C:\Users\Jacob\AppData\Local\Temp\ccWetNKS.o
 .debug_macro   0x000022b4      0x12c C:\Users\Jacob\AppData\Local\Temp\ccWetNKS.o
 .debug_macro   0x000023e0       0x46 C:\Users\Jacob\AppData\Local\Temp\ccWetNKS.o
 .debug_macro   0x00002426       0x11 C:\Users\Jacob\AppData\Local\Temp\ccISMHko.o
 .debug_macro   0x00002437      0x256 C:\Users\Jacob\AppData\Local\Temp\ccsvAde4.o
 .debug_macro   0x0000268d       0x34 C:\Users\Jacob\AppData\Local\Temp\ccsvAde4.o
 .debug_macro   0x000026c1      0x174 C:\Users\Jacob\AppData\Local\Temp\ccsvAde4.o
 .debug_macro   0x00002835       0x10 C:\Users\Jacob\AppData\Local\Temp\ccsvAde4.o
 .debug_macro   0x00002845       0x10 C:\Users\Jacob\AppData\Local\Temp\ccsvAde4.o
 .debug_macro   0x00002855       0x35 C:\Users\Jacob\AppData\Local\Temp\ccsvAde4.o
 .debug_macro   0x0000288a      0x1e5 C:\Users\Jacob\AppData\Local\Temp\ccsvAde4.o
 .debug_macro   0x00002a6f       0x10 C:\Users\Jacob\AppData\Local\Temp\ccsvAde4.o

.debug_line     0x00000000      0xca1
 .debug_line    0x00000000      0x610 C:\Users\Jacob\AppData\Local\Temp\ccWetNKS.o
 .debug_line    0x00000610       0x6e C:\Users\Jacob\AppData\Local\Temp\ccISMHko.o
 .debug_line    0x0000067e      0x623 C:\Users\Jacob\AppData\Local\Temp\ccsvAde4.o

.debug_str      0x00000000     0x96ba
 .debug_str     0x00000000     0x94d5 C:\Users\Jacob\AppData\Local\Temp\ccWetNKS.o
                               0x96fb (size before relaxing)
 .debug_str     0x000094d5       0x55 C:\Users\Jacob\AppData\Local\Temp\ccISMHko.o
                               0x2d2f (size before relaxing)
 .debug_str     0x0000952a      0x190 C:\Users\Jacob\AppData\Local\Temp\ccsvAde4.o
                               0x96d8 (size before relaxing)

.comment        0x00000000       0x49
 .comment       0x00000000       0x49 C:\Users\Jacob\AppData\Local\Temp\ccWetNKS.o
                                 0x4a (size before relaxing)
 .comment       0x00000049       0x4a C:\Users\Jacob\AppData\Local\Temp\ccISMHko.o
 .comment       0x00000049       0x4a C:\Users\Jacob\AppData\Local\Temp\ccsvAde4.o

.ARM.attributes
                0x00000000       0x32
 .ARM.attributes
                0x00000000       0x34 C:\Users\Jacob\AppData\Local\Temp\ccWetNKS.o
 .ARM.attributes
                0x00000034       0x34 C:\Users\Jacob\AppData\Local\Temp\ccISMHko.o
 .ARM.attributes
                0x00000068       0x34 C:\Users\Jacob\AppData\Local\Temp\ccsvAde4.o
 .ARM.attributes
                0x0000009c       0x34 c:/program files (x86)/gnu arm embedded toolchain/10 2021.10/bin/../lib/gcc/arm-none-eabi/10.3.1/../../../../arm-none-eabi/lib/thumb/v7e-m+fp/hard\libc_nano.a(lib_a-memcpy-stub.o)
 .ARM.attributes
                0x000000d0       0x34 c:/program files (x86)/gnu arm embedded toolchain/10 2021.10/bin/../lib/gcc/arm-none-eabi/10.3.1/../../../../arm-none-eabi/lib/thumb/v7e-m+fp/hard\libc_nano.a(lib_a-memset.o)
 .ARM.attributes
                0x00000104       0x34 c:/program files (x86)/gnu arm embedded toolchain/10 2021.10/bin/../lib/gcc/arm-none-eabi/10.3.1/../../../../arm-none-eabi/lib/thumb/v7e-m+fp/hard\libc_nano.a(lib_a-printf.o)
 .ARM.attributes
                0x00000138       0x34 c:/program files (x86)/gnu arm embedded toolchain/10 2021.10/bin/../lib/gcc/arm-none-eabi/10.3.1/../../../../arm-none-eabi/lib/thumb/v7e-m+fp/hard\libc_nano.a(lib_a-findfp.o)
 .ARM.attributes
                0x0000016c       0x34 c:/program files (x86)/gnu arm embedded toolchain/10 2021.10/bin/../lib/gcc/arm-none-eabi/10.3.1/../../../../arm-none-eabi/lib/thumb/v7e-m+fp/hard\libc_nano.a(lib_a-fwalk.o)
 .ARM.attributes
                0x000001a0       0x34 c:/program files (x86)/gnu arm embedded toolchain/10 2021.10/bin/../lib/gcc/arm-none-eabi/10.3.1/../../../../arm-none-eabi/lib/thumb/v7e-m+fp/hard\libc_nano.a(lib_a-impure.o)
 .ARM.attributes
                0x000001d4       0x34 c:/program files (x86)/gnu arm embedded toolchain/10 2021.10/bin/../lib/gcc/arm-none-eabi/10.3.1/../../../../arm-none-eabi/lib/thumb/v7e-m+fp/hard\libc_nano.a(lib_a-lock.o)
 .ARM.attributes
                0x00000208       0x34 c:/program files (x86)/gnu arm embedded toolchain/10 2021.10/bin/../lib/gcc/arm-none-eabi/10.3.1/../../../../arm-none-eabi/lib/thumb/v7e-m+fp/hard\libc_nano.a(lib_a-nano-mallocr.o)
 .ARM.attributes
                0x0000023c       0x34 c:/program files (x86)/gnu arm embedded toolchain/10 2021.10/bin/../lib/gcc/arm-none-eabi/10.3.1/../../../../arm-none-eabi/lib/thumb/v7e-m+fp/hard\libc_nano.a(lib_a-nano-vfprintf.o)
 .ARM.attributes
                0x00000270       0x34 c:/program files (x86)/gnu arm embedded toolchain/10 2021.10/bin/../lib/gcc/arm-none-eabi/10.3.1/../../../../arm-none-eabi/lib/thumb/v7e-m+fp/hard\libc_nano.a(lib_a-nano-vfprintf_i.o)
 .ARM.attributes
                0x000002a4       0x34 c:/program files (x86)/gnu arm embedded toolchain/10 2021.10/bin/../lib/gcc/arm-none-eabi/10.3.1/../../../../arm-none-eabi/lib/thumb/v7e-m+fp/hard\libc_nano.a(lib_a-sbrkr.o)
 .ARM.attributes
                0x000002d8       0x34 c:/program files (x86)/gnu arm embedded toolchain/10 2021.10/bin/../lib/gcc/arm-none-eabi/10.3.1/../../../../arm-none-eabi/lib/thumb/v7e-m+fp/hard\libc_nano.a(lib_a-stdio.o)
 .ARM.attributes
                0x0000030c       0x34 c:/program files (x86)/gnu arm embedded toolchain/10 2021.10/bin/../lib/gcc/arm-none-eabi/10.3.1/../../../../arm-none-eabi/lib/thumb/v7e-m+fp/hard\libc_nano.a(lib_a-wbuf.o)
 .ARM.attributes
                0x00000340       0x34 c:/program files (x86)/gnu arm embedded toolchain/10 2021.10/bin/../lib/gcc/arm-none-eabi/10.3.1/../../../../arm-none-eabi/lib/thumb/v7e-m+fp/hard\libc_nano.a(lib_a-writer.o)
 .ARM.attributes
                0x00000374       0x34 c:/program files (x86)/gnu arm embedded toolchain/10 2021.10/bin/../lib/gcc/arm-none-eabi/10.3.1/../../../../arm-none-eabi/lib/thumb/v7e-m+fp/hard\libc_nano.a(lib_a-wsetup.o)
 .ARM.attributes
                0x000003a8       0x34 c:/program files (x86)/gnu arm embedded toolchain/10 2021.10/bin/../lib/gcc/arm-none-eabi/10.3.1/../../../../arm-none-eabi/lib/thumb/v7e-m+fp/hard\libc_nano.a(lib_a-closer.o)
 .ARM.attributes
                0x000003dc       0x34 c:/program files (x86)/gnu arm embedded toolchain/10 2021.10/bin/../lib/gcc/arm-none-eabi/10.3.1/../../../../arm-none-eabi/lib/thumb/v7e-m+fp/hard\libc_nano.a(lib_a-fflush.o)
 .ARM.attributes
                0x00000410       0x34 c:/program files (x86)/gnu arm embedded toolchain/10 2021.10/bin/../lib/gcc/arm-none-eabi/10.3.1/../../../../arm-none-eabi/lib/thumb/v7e-m+fp/hard\libc_nano.a(lib_a-lseekr.o)
 .ARM.attributes
                0x00000444       0x34 c:/program files (x86)/gnu arm embedded toolchain/10 2021.10/bin/../lib/gcc/arm-none-eabi/10.3.1/../../../../arm-none-eabi/lib/thumb/v7e-m+fp/hard\libc_nano.a(lib_a-makebuf.o)
 .ARM.attributes
                0x00000478       0x1c c:/program files (x86)/gnu arm embedded toolchain/10 2021.10/bin/../lib/gcc/arm-none-eabi/10.3.1/../../../../arm-none-eabi/lib/thumb/v7e-m+fp/hard\libc_nano.a(lib_a-memchr.o)
 .ARM.attributes
                0x00000494       0x34 c:/program files (x86)/gnu arm embedded toolchain/10 2021.10/bin/../lib/gcc/arm-none-eabi/10.3.1/../../../../arm-none-eabi/lib/thumb/v7e-m+fp/hard\libc_nano.a(lib_a-mlock.o)
 .ARM.attributes
                0x000004c8       0x34 c:/program files (x86)/gnu arm embedded toolchain/10 2021.10/bin/../lib/gcc/arm-none-eabi/10.3.1/../../../../arm-none-eabi/lib/thumb/v7e-m+fp/hard\libc_nano.a(lib_a-nano-freer.o)
 .ARM.attributes
                0x000004fc       0x34 c:/program files (x86)/gnu arm embedded toolchain/10 2021.10/bin/../lib/gcc/arm-none-eabi/10.3.1/../../../../arm-none-eabi/lib/thumb/v7e-m+fp/hard\libc_nano.a(lib_a-readr.o)
 .ARM.attributes
                0x00000530       0x34 c:/program files (x86)/gnu arm embedded toolchain/10 2021.10/bin/../lib/gcc/arm-none-eabi/10.3.1/../../../../arm-none-eabi/lib/thumb/v7e-m+fp/hard\libc_nano.a(lib_a-reent.o)
 .ARM.attributes
                0x00000564       0x34 c:/program files (x86)/gnu arm embedded toolchain/10 2021.10/bin/../lib/gcc/arm-none-eabi/10.3.1/../../../../arm-none-eabi/lib/thumb/v7e-m+fp/hard\libc_nano.a(lib_a-fstatr.o)
 .ARM.attributes
                0x00000598       0x34 c:/program files (x86)/gnu arm embedded toolchain/10 2021.10/bin/../lib/gcc/arm-none-eabi/10.3.1/../../../../arm-none-eabi/lib/thumb/v7e-m+fp/hard\libc_nano.a(lib_a-isattyr.o)

.debug_frame    0x00000000      0x998
 .debug_frame   0x00000000       0x6c C:\Users\Jacob\AppData\Local\Temp\ccWetNKS.o
 .debug_frame   0x0000006c       0x20 C:\Users\Jacob\AppData\Local\Temp\ccISMHko.o
 .debug_frame   0x0000008c      0x108 C:\Users\Jacob\AppData\Local\Temp\ccsvAde4.o
 .debug_frame   0x00000194       0x28 c:/program files (x86)/gnu arm embedded toolchain/10 2021.10/bin/../lib/gcc/arm-none-eabi/10.3.1/../../../../arm-none-eabi/lib/thumb/v7e-m+fp/hard\libc_nano.a(lib_a-memcpy-stub.o)
 .debug_frame   0x000001bc       0x20 c:/program files (x86)/gnu arm embedded toolchain/10 2021.10/bin/../lib/gcc/arm-none-eabi/10.3.1/../../../../arm-none-eabi/lib/thumb/v7e-m+fp/hard\libc_nano.a(lib_a-memset.o)
 .debug_frame   0x000001dc       0x74 c:/program files (x86)/gnu arm embedded toolchain/10 2021.10/bin/../lib/gcc/arm-none-eabi/10.3.1/../../../../arm-none-eabi/lib/thumb/v7e-m+fp/hard\libc_nano.a(lib_a-printf.o)
 .debug_frame   0x00000250      0x14c c:/program files (x86)/gnu arm embedded toolchain/10 2021.10/bin/../lib/gcc/arm-none-eabi/10.3.1/../../../../arm-none-eabi/lib/thumb/v7e-m+fp/hard\libc_nano.a(lib_a-findfp.o)
 .debug_frame   0x0000039c       0x54 c:/program files (x86)/gnu arm embedded toolchain/10 2021.10/bin/../lib/gcc/arm-none-eabi/10.3.1/../../../../arm-none-eabi/lib/thumb/v7e-m+fp/hard\libc_nano.a(lib_a-fwalk.o)
 .debug_frame   0x000003f0       0xb0 c:/program files (x86)/gnu arm embedded toolchain/10 2021.10/bin/../lib/gcc/arm-none-eabi/10.3.1/../../../../arm-none-eabi/lib/thumb/v7e-m+fp/hard\libc_nano.a(lib_a-lock.o)
 .debug_frame   0x000004a0       0x4c c:/program files (x86)/gnu arm embedded toolchain/10 2021.10/bin/../lib/gcc/arm-none-eabi/10.3.1/../../../../arm-none-eabi/lib/thumb/v7e-m+fp/hard\libc_nano.a(lib_a-nano-mallocr.o)
 .debug_frame   0x000004ec       0xac c:/program files (x86)/gnu arm embedded toolchain/10 2021.10/bin/../lib/gcc/arm-none-eabi/10.3.1/../../../../arm-none-eabi/lib/thumb/v7e-m+fp/hard\libc_nano.a(lib_a-nano-vfprintf.o)
 .debug_frame   0x00000598       0x60 c:/program files (x86)/gnu arm embedded toolchain/10 2021.10/bin/../lib/gcc/arm-none-eabi/10.3.1/../../../../arm-none-eabi/lib/thumb/v7e-m+fp/hard\libc_nano.a(lib_a-nano-vfprintf_i.o)
 .debug_frame   0x000005f8       0x2c c:/program files (x86)/gnu arm embedded toolchain/10 2021.10/bin/../lib/gcc/arm-none-eabi/10.3.1/../../../../arm-none-eabi/lib/thumb/v7e-m+fp/hard\libc_nano.a(lib_a-sbrkr.o)
 .debug_frame   0x00000624       0x88 c:/program files (x86)/gnu arm embedded toolchain/10 2021.10/bin/../lib/gcc/arm-none-eabi/10.3.1/../../../../arm-none-eabi/lib/thumb/v7e-m+fp/hard\libc_nano.a(lib_a-stdio.o)
 .debug_frame   0x000006ac       0x40 c:/program files (x86)/gnu arm embedded toolchain/10 2021.10/bin/../lib/gcc/arm-none-eabi/10.3.1/../../../../arm-none-eabi/lib/thumb/v7e-m+fp/hard\libc_nano.a(lib_a-wbuf.o)
 .debug_frame   0x000006ec       0x2c c:/program files (x86)/gnu arm embedded toolchain/10 2021.10/bin/../lib/gcc/arm-none-eabi/10.3.1/../../../../arm-none-eabi/lib/thumb/v7e-m+fp/hard\libc_nano.a(lib_a-writer.o)
 .debug_frame   0x00000718       0x2c c:/program files (x86)/gnu arm embedded toolchain/10 2021.10/bin/../lib/gcc/arm-none-eabi/10.3.1/../../../../arm-none-eabi/lib/thumb/v7e-m+fp/hard\libc_nano.a(lib_a-wsetup.o)
 .debug_frame   0x00000744       0x2c c:/program files (x86)/gnu arm embedded toolchain/10 2021.10/bin/../lib/gcc/arm-none-eabi/10.3.1/../../../../arm-none-eabi/lib/thumb/v7e-m+fp/hard\libc_nano.a(lib_a-closer.o)
 .debug_frame   0x00000770       0x5c c:/program files (x86)/gnu arm embedded toolchain/10 2021.10/bin/../lib/gcc/arm-none-eabi/10.3.1/../../../../arm-none-eabi/lib/thumb/v7e-m+fp/hard\libc_nano.a(lib_a-fflush.o)
 .debug_frame   0x000007cc       0x2c c:/program files (x86)/gnu arm embedded toolchain/10 2021.10/bin/../lib/gcc/arm-none-eabi/10.3.1/../../../../arm-none-eabi/lib/thumb/v7e-m+fp/hard\libc_nano.a(lib_a-lseekr.o)
 .debug_frame   0x000007f8       0x58 c:/program files (x86)/gnu arm embedded toolchain/10 2021.10/bin/../lib/gcc/arm-none-eabi/10.3.1/../../../../arm-none-eabi/lib/thumb/v7e-m+fp/hard\libc_nano.a(lib_a-makebuf.o)
 .debug_frame   0x00000850       0x30 c:/program files (x86)/gnu arm embedded toolchain/10 2021.10/bin/../lib/gcc/arm-none-eabi/10.3.1/../../../../arm-none-eabi/lib/thumb/v7e-m+fp/hard\libc_nano.a(lib_a-mlock.o)
 .debug_frame   0x00000880       0x38 c:/program files (x86)/gnu arm embedded toolchain/10 2021.10/bin/../lib/gcc/arm-none-eabi/10.3.1/../../../../arm-none-eabi/lib/thumb/v7e-m+fp/hard\libc_nano.a(lib_a-nano-freer.o)
 .debug_frame   0x000008b8       0x2c c:/program files (x86)/gnu arm embedded toolchain/10 2021.10/bin/../lib/gcc/arm-none-eabi/10.3.1/../../../../arm-none-eabi/lib/thumb/v7e-m+fp/hard\libc_nano.a(lib_a-readr.o)
 .debug_frame   0x000008e4       0x5c c:/program files (x86)/gnu arm embedded toolchain/10 2021.10/bin/../lib/gcc/arm-none-eabi/10.3.1/../../../../arm-none-eabi/lib/thumb/v7e-m+fp/hard\libc_nano.a(lib_a-reent.o)
 .debug_frame   0x00000940       0x2c c:/program files (x86)/gnu arm embedded toolchain/10 2021.10/bin/../lib/gcc/arm-none-eabi/10.3.1/../../../../arm-none-eabi/lib/thumb/v7e-m+fp/hard\libc_nano.a(lib_a-fstatr.o)
 .debug_frame   0x0000096c       0x2c c:/program files (x86)/gnu arm embedded toolchain/10 2021.10/bin/../lib/gcc/arm-none-eabi/10.3.1/../../../../arm-none-eabi/lib/thumb/v7e-m+fp/hard\libc_nano.a(lib_a-isattyr.o)
