
Discarded input sections

 .group         0x00000000        0xc C:\Users\Jacob\AppData\Local\Temp\cccROZCG.o
 .group         0x00000000        0xc C:\Users\Jacob\AppData\Local\Temp\cccROZCG.o
 .group         0x00000000        0xc C:\Users\Jacob\AppData\Local\Temp\cccROZCG.o
 .group         0x00000000        0xc C:\Users\Jacob\AppData\Local\Temp\cccROZCG.o
 .group         0x00000000        0xc C:\Users\Jacob\AppData\Local\Temp\cccROZCG.o
 .group         0x00000000        0xc C:\Users\Jacob\AppData\Local\Temp\cccROZCG.o
 .group         0x00000000        0xc C:\Users\Jacob\AppData\Local\Temp\cccROZCG.o
 .group         0x00000000        0xc C:\Users\Jacob\AppData\Local\Temp\cccROZCG.o
 .group         0x00000000        0xc C:\Users\Jacob\AppData\Local\Temp\cccROZCG.o
 .group         0x00000000        0xc C:\Users\Jacob\AppData\Local\Temp\cccROZCG.o
 .group         0x00000000        0xc C:\Users\Jacob\AppData\Local\Temp\cccROZCG.o
 .group         0x00000000        0xc C:\Users\Jacob\AppData\Local\Temp\cccROZCG.o
 .group         0x00000000        0xc C:\Users\Jacob\AppData\Local\Temp\cccROZCG.o
 .group         0x00000000        0xc C:\Users\Jacob\AppData\Local\Temp\cccROZCG.o
 .group         0x00000000        0xc C:\Users\Jacob\AppData\Local\Temp\cccROZCG.o
 .group         0x00000000        0xc C:\Users\Jacob\AppData\Local\Temp\cccROZCG.o
 .group         0x00000000        0xc C:\Users\Jacob\AppData\Local\Temp\cccROZCG.o
 .group         0x00000000        0xc C:\Users\Jacob\AppData\Local\Temp\cccROZCG.o
 .group         0x00000000        0xc C:\Users\Jacob\AppData\Local\Temp\cccROZCG.o
 .group         0x00000000        0xc C:\Users\Jacob\AppData\Local\Temp\cccROZCG.o
 .group         0x00000000        0xc C:\Users\Jacob\AppData\Local\Temp\cccROZCG.o
 .group         0x00000000        0xc C:\Users\Jacob\AppData\Local\Temp\cccROZCG.o
 .group         0x00000000        0xc C:\Users\Jacob\AppData\Local\Temp\cccROZCG.o
 .group         0x00000000        0xc C:\Users\Jacob\AppData\Local\Temp\cccROZCG.o
 .group         0x00000000        0xc C:\Users\Jacob\AppData\Local\Temp\cccROZCG.o
 .group         0x00000000        0xc C:\Users\Jacob\AppData\Local\Temp\cccROZCG.o
 .group         0x00000000        0xc C:\Users\Jacob\AppData\Local\Temp\cccROZCG.o
 .group         0x00000000        0xc C:\Users\Jacob\AppData\Local\Temp\cccROZCG.o
 .group         0x00000000        0xc C:\Users\Jacob\AppData\Local\Temp\cccROZCG.o
 .group         0x00000000        0xc C:\Users\Jacob\AppData\Local\Temp\cccROZCG.o
 .group         0x00000000        0xc C:\Users\Jacob\AppData\Local\Temp\cccROZCG.o
 .group         0x00000000        0xc C:\Users\Jacob\AppData\Local\Temp\cccROZCG.o
 .group         0x00000000        0xc C:\Users\Jacob\AppData\Local\Temp\cccROZCG.o
 .group         0x00000000        0xc C:\Users\Jacob\AppData\Local\Temp\cccROZCG.o
 .group         0x00000000        0xc C:\Users\Jacob\AppData\Local\Temp\cccROZCG.o
 .group         0x00000000        0xc C:\Users\Jacob\AppData\Local\Temp\cccROZCG.o
 .group         0x00000000        0xc C:\Users\Jacob\AppData\Local\Temp\cccROZCG.o
 .group         0x00000000        0xc C:\Users\Jacob\AppData\Local\Temp\cccROZCG.o
 .group         0x00000000        0xc C:\Users\Jacob\AppData\Local\Temp\cccROZCG.o
 .group         0x00000000        0xc C:\Users\Jacob\AppData\Local\Temp\cccROZCG.o
 .group         0x00000000        0xc C:\Users\Jacob\AppData\Local\Temp\cccROZCG.o
 .group         0x00000000        0xc C:\Users\Jacob\AppData\Local\Temp\cccROZCG.o
 .group         0x00000000        0xc C:\Users\Jacob\AppData\Local\Temp\cccROZCG.o
 .group         0x00000000        0xc C:\Users\Jacob\AppData\Local\Temp\cccROZCG.o
 .text          0x00000000        0x0 C:\Users\Jacob\AppData\Local\Temp\cccROZCG.o
 .data          0x00000000        0x0 C:\Users\Jacob\AppData\Local\Temp\cccROZCG.o
 .bss           0x00000000        0x0 C:\Users\Jacob\AppData\Local\Temp\cccROZCG.o
 .bss.increment
                0x00000000        0x8 C:\Users\Jacob\AppData\Local\Temp\cccROZCG.o
 .group         0x00000000        0xc C:\Users\Jacob\AppData\Local\Temp\cceHHB6z.o
 .text          0x00000000        0x0 C:\Users\Jacob\AppData\Local\Temp\cceHHB6z.o
 .data          0x00000000        0x0 C:\Users\Jacob\AppData\Local\Temp\cceHHB6z.o
 .bss           0x00000000        0x0 C:\Users\Jacob\AppData\Local\Temp\cceHHB6z.o
 .debug_macro   0x00000000      0xa4e C:\Users\Jacob\AppData\Local\Temp\cceHHB6z.o
 .group         0x00000000        0xc C:\Users\Jacob\AppData\Local\Temp\ccgnBu1z.o
 .group         0x00000000        0xc C:\Users\Jacob\AppData\Local\Temp\ccgnBu1z.o
 .group         0x00000000        0xc C:\Users\Jacob\AppData\Local\Temp\ccgnBu1z.o
 .group         0x00000000        0xc C:\Users\Jacob\AppData\Local\Temp\ccgnBu1z.o
 .group         0x00000000        0xc C:\Users\Jacob\AppData\Local\Temp\ccgnBu1z.o
 .group         0x00000000        0xc C:\Users\Jacob\AppData\Local\Temp\ccgnBu1z.o
 .group         0x00000000        0xc C:\Users\Jacob\AppData\Local\Temp\ccgnBu1z.o
 .group         0x00000000        0xc C:\Users\Jacob\AppData\Local\Temp\ccgnBu1z.o
 .group         0x00000000        0xc C:\Users\Jacob\AppData\Local\Temp\ccgnBu1z.o
 .group         0x00000000        0xc C:\Users\Jacob\AppData\Local\Temp\ccgnBu1z.o
 .group         0x00000000        0xc C:\Users\Jacob\AppData\Local\Temp\ccgnBu1z.o
 .group         0x00000000        0xc C:\Users\Jacob\AppData\Local\Temp\ccgnBu1z.o
 .group         0x00000000        0xc C:\Users\Jacob\AppData\Local\Temp\ccgnBu1z.o
 .group         0x00000000        0xc C:\Users\Jacob\AppData\Local\Temp\ccgnBu1z.o
 .group         0x00000000        0xc C:\Users\Jacob\AppData\Local\Temp\ccgnBu1z.o
 .group         0x00000000        0xc C:\Users\Jacob\AppData\Local\Temp\ccgnBu1z.o
 .group         0x00000000        0xc C:\Users\Jacob\AppData\Local\Temp\ccgnBu1z.o
 .group         0x00000000        0xc C:\Users\Jacob\AppData\Local\Temp\ccgnBu1z.o
 .group         0x00000000        0xc C:\Users\Jacob\AppData\Local\Temp\ccgnBu1z.o
 .group         0x00000000        0xc C:\Users\Jacob\AppData\Local\Temp\ccgnBu1z.o
 .group         0x00000000        0xc C:\Users\Jacob\AppData\Local\Temp\ccgnBu1z.o
 .group         0x00000000        0xc C:\Users\Jacob\AppData\Local\Temp\ccgnBu1z.o
 .group         0x00000000        0xc C:\Users\Jacob\AppData\Local\Temp\ccgnBu1z.o
 .group         0x00000000        0xc C:\Users\Jacob\AppData\Local\Temp\ccgnBu1z.o
 .group         0x00000000        0xc C:\Users\Jacob\AppData\Local\Temp\ccgnBu1z.o
 .group         0x00000000        0xc C:\Users\Jacob\AppData\Local\Temp\ccgnBu1z.o
 .group         0x00000000        0xc C:\Users\Jacob\AppData\Local\Temp\ccgnBu1z.o
 .group         0x00000000        0xc C:\Users\Jacob\AppData\Local\Temp\ccgnBu1z.o
 .group         0x00000000        0xc C:\Users\Jacob\AppData\Local\Temp\ccgnBu1z.o
 .group         0x00000000        0xc C:\Users\Jacob\AppData\Local\Temp\ccgnBu1z.o
 .group         0x00000000        0xc C:\Users\Jacob\AppData\Local\Temp\ccgnBu1z.o
 .group         0x00000000        0xc C:\Users\Jacob\AppData\Local\Temp\ccgnBu1z.o
 .group         0x00000000        0xc C:\Users\Jacob\AppData\Local\Temp\ccgnBu1z.o
 .group         0x00000000        0xc C:\Users\Jacob\AppData\Local\Temp\ccgnBu1z.o
 .group         0x00000000        0xc C:\Users\Jacob\AppData\Local\Temp\ccgnBu1z.o
 .group         0x00000000        0xc C:\Users\Jacob\AppData\Local\Temp\ccgnBu1z.o
 .group         0x00000000        0xc C:\Users\Jacob\AppData\Local\Temp\ccgnBu1z.o
 .group         0x00000000        0xc C:\Users\Jacob\AppData\Local\Temp\ccgnBu1z.o
 .group         0x00000000        0xc C:\Users\Jacob\AppData\Local\Temp\ccgnBu1z.o
 .group         0x00000000        0xc C:\Users\Jacob\AppData\Local\Temp\ccgnBu1z.o
 .group         0x00000000        0xc C:\Users\Jacob\AppData\Local\Temp\ccgnBu1z.o
 .group         0x00000000        0xc C:\Users\Jacob\AppData\Local\Temp\ccgnBu1z.o
 .group         0x00000000        0xc C:\Users\Jacob\AppData\Local\Temp\ccgnBu1z.o
 .group         0x00000000        0xc C:\Users\Jacob\AppData\Local\Temp\ccgnBu1z.o
 .text          0x00000000        0x0 C:\Users\Jacob\AppData\Local\Temp\ccgnBu1z.o
 .data          0x00000000        0x0 C:\Users\Jacob\AppData\Local\Temp\ccgnBu1z.o
 .bss           0x00000000        0x0 C:\Users\Jacob\AppData\Local\Temp\ccgnBu1z.o
 .text._fstat   0x00000000       0x12 C:\Users\Jacob\AppData\Local\Temp\ccgnBu1z.o
 .text._sbrk    0x00000000       0x1c C:\Users\Jacob\AppData\Local\Temp\ccgnBu1z.o
 .text._open    0x00000000        0x6 C:\Users\Jacob\AppData\Local\Temp\ccgnBu1z.o
 .text._close   0x00000000        0x6 C:\Users\Jacob\AppData\Local\Temp\ccgnBu1z.o
 .text._isatty  0x00000000        0x4 C:\Users\Jacob\AppData\Local\Temp\ccgnBu1z.o
 .text._lseek   0x00000000        0x4 C:\Users\Jacob\AppData\Local\Temp\ccgnBu1z.o
 .text._exit    0x00000000        0x4 C:\Users\Jacob\AppData\Local\Temp\ccgnBu1z.o
 .text._kill    0x00000000        0x2 C:\Users\Jacob\AppData\Local\Temp\ccgnBu1z.o
 .text._getpid  0x00000000        0x6 C:\Users\Jacob\AppData\Local\Temp\ccgnBu1z.o
 .text._write   0x00000000       0x34 C:\Users\Jacob\AppData\Local\Temp\ccgnBu1z.o
 .text._read    0x00000000        0x6 C:\Users\Jacob\AppData\Local\Temp\ccgnBu1z.o
 .text._link    0x00000000        0x6 C:\Users\Jacob\AppData\Local\Temp\ccgnBu1z.o
 .text._unlink  0x00000000        0x6 C:\Users\Jacob\AppData\Local\Temp\ccgnBu1z.o
 .text._stat    0x00000000        0x6 C:\Users\Jacob\AppData\Local\Temp\ccgnBu1z.o
 .text.mkdir    0x00000000        0x6 C:\Users\Jacob\AppData\Local\Temp\ccgnBu1z.o
 .bss.heap.7177
                0x00000000        0x4 C:\Users\Jacob\AppData\Local\Temp\ccgnBu1z.o
 .debug_info    0x00000000      0xef5 C:\Users\Jacob\AppData\Local\Temp\ccgnBu1z.o
 .debug_abbrev  0x00000000      0x2d2 C:\Users\Jacob\AppData\Local\Temp\ccgnBu1z.o
 .debug_loc     0x00000000      0x23d C:\Users\Jacob\AppData\Local\Temp\ccgnBu1z.o
 .debug_aranges
                0x00000000       0x80 C:\Users\Jacob\AppData\Local\Temp\ccgnBu1z.o
 .debug_ranges  0x00000000       0xa0 C:\Users\Jacob\AppData\Local\Temp\ccgnBu1z.o
 .debug_macro   0x00000000      0x24d C:\Users\Jacob\AppData\Local\Temp\ccgnBu1z.o
 .debug_macro   0x00000000      0xa4e C:\Users\Jacob\AppData\Local\Temp\ccgnBu1z.o
 .debug_macro   0x00000000       0x22 C:\Users\Jacob\AppData\Local\Temp\ccgnBu1z.o
 .debug_macro   0x00000000       0x40 C:\Users\Jacob\AppData\Local\Temp\ccgnBu1z.o
 .debug_macro   0x00000000       0x17 C:\Users\Jacob\AppData\Local\Temp\ccgnBu1z.o
 .debug_macro   0x00000000       0x8d C:\Users\Jacob\AppData\Local\Temp\ccgnBu1z.o
 .debug_macro   0x00000000       0x3c C:\Users\Jacob\AppData\Local\Temp\ccgnBu1z.o
 .debug_macro   0x00000000       0x9c C:\Users\Jacob\AppData\Local\Temp\ccgnBu1z.o
 .debug_macro   0x00000000       0x57 C:\Users\Jacob\AppData\Local\Temp\ccgnBu1z.o
 .debug_macro   0x00000000      0x174 C:\Users\Jacob\AppData\Local\Temp\ccgnBu1z.o
 .debug_macro   0x00000000      0x330 C:\Users\Jacob\AppData\Local\Temp\ccgnBu1z.o
 .debug_macro   0x00000000       0x52 C:\Users\Jacob\AppData\Local\Temp\ccgnBu1z.o
 .debug_macro   0x00000000       0x1f C:\Users\Jacob\AppData\Local\Temp\ccgnBu1z.o
 .debug_macro   0x00000000       0x43 C:\Users\Jacob\AppData\Local\Temp\ccgnBu1z.o
 .debug_macro   0x00000000       0x20 C:\Users\Jacob\AppData\Local\Temp\ccgnBu1z.o
 .debug_macro   0x00000000      0x1a3 C:\Users\Jacob\AppData\Local\Temp\ccgnBu1z.o
 .debug_macro   0x00000000       0x10 C:\Users\Jacob\AppData\Local\Temp\ccgnBu1z.o
 .debug_macro   0x00000000       0x35 C:\Users\Jacob\AppData\Local\Temp\ccgnBu1z.o
 .debug_macro   0x00000000       0x10 C:\Users\Jacob\AppData\Local\Temp\ccgnBu1z.o
 .debug_macro   0x00000000       0x10 C:\Users\Jacob\AppData\Local\Temp\ccgnBu1z.o
 .debug_macro   0x00000000       0x10 C:\Users\Jacob\AppData\Local\Temp\ccgnBu1z.o
 .debug_macro   0x00000000       0x6a C:\Users\Jacob\AppData\Local\Temp\ccgnBu1z.o
 .debug_macro   0x00000000       0x1c C:\Users\Jacob\AppData\Local\Temp\ccgnBu1z.o
 .debug_macro   0x00000000       0x52 C:\Users\Jacob\AppData\Local\Temp\ccgnBu1z.o
 .debug_macro   0x00000000       0x40 C:\Users\Jacob\AppData\Local\Temp\ccgnBu1z.o
 .debug_macro   0x00000000       0x10 C:\Users\Jacob\AppData\Local\Temp\ccgnBu1z.o
 .debug_macro   0x00000000       0x40 C:\Users\Jacob\AppData\Local\Temp\ccgnBu1z.o
 .debug_macro   0x00000000       0xd7 C:\Users\Jacob\AppData\Local\Temp\ccgnBu1z.o
 .debug_macro   0x00000000       0x1c C:\Users\Jacob\AppData\Local\Temp\ccgnBu1z.o
 .debug_macro   0x00000000       0x3d C:\Users\Jacob\AppData\Local\Temp\ccgnBu1z.o
 .debug_macro   0x00000000       0x35 C:\Users\Jacob\AppData\Local\Temp\ccgnBu1z.o
 .debug_macro   0x00000000      0x122 C:\Users\Jacob\AppData\Local\Temp\ccgnBu1z.o
 .debug_macro   0x00000000       0xef C:\Users\Jacob\AppData\Local\Temp\ccgnBu1z.o
 .debug_macro   0x00000000      0x1e5 C:\Users\Jacob\AppData\Local\Temp\ccgnBu1z.o
 .debug_macro   0x00000000      0x460 C:\Users\Jacob\AppData\Local\Temp\ccgnBu1z.o
 .debug_macro   0x00000000       0x22 C:\Users\Jacob\AppData\Local\Temp\ccgnBu1z.o
 .debug_macro   0x00000000       0x1c C:\Users\Jacob\AppData\Local\Temp\ccgnBu1z.o
 .debug_macro   0x00000000       0x10 C:\Users\Jacob\AppData\Local\Temp\ccgnBu1z.o
 .debug_macro   0x00000000       0x10 C:\Users\Jacob\AppData\Local\Temp\ccgnBu1z.o
 .debug_macro   0x00000000       0x16 C:\Users\Jacob\AppData\Local\Temp\ccgnBu1z.o
 .debug_macro   0x00000000      0x145 C:\Users\Jacob\AppData\Local\Temp\ccgnBu1z.o
 .debug_macro   0x00000000       0x16 C:\Users\Jacob\AppData\Local\Temp\ccgnBu1z.o
 .debug_macro   0x00000000       0x16 C:\Users\Jacob\AppData\Local\Temp\ccgnBu1z.o
 .debug_macro   0x00000000       0x29 C:\Users\Jacob\AppData\Local\Temp\ccgnBu1z.o
 .debug_macro   0x00000000       0x46 C:\Users\Jacob\AppData\Local\Temp\ccgnBu1z.o
 .debug_line    0x00000000      0x475 C:\Users\Jacob\AppData\Local\Temp\ccgnBu1z.o
 .debug_str     0x00000000     0x9ba4 C:\Users\Jacob\AppData\Local\Temp\ccgnBu1z.o
 .comment       0x00000000       0x7f C:\Users\Jacob\AppData\Local\Temp\ccgnBu1z.o
 .debug_frame   0x00000000      0x108 C:\Users\Jacob\AppData\Local\Temp\ccgnBu1z.o
 .ARM.attributes
                0x00000000       0x39 C:\Users\Jacob\AppData\Local\Temp\ccgnBu1z.o

Memory Configuration

Name             Origin             Length             Attributes
flash            0x08000000         0x00080000         xr
sram             0x20000000         0x00020000         xrw
*default*        0x00000000         0xffffffff

Linker script and memory map

LOAD C:\Users\Jacob\AppData\Local\Temp\cccROZCG.o
LOAD C:\Users\Jacob\AppData\Local\Temp\cceHHB6z.o
LOAD C:\Users\Jacob\AppData\Local\Temp\ccgnBu1z.o
LOAD c:/program files/pros/toolchain/usr/bin/../lib/gcc/arm-none-eabi/7.2.1/../../../../arm-none-eabi/lib/thumb/v7e-m/fpv4-sp/hard\libc_nano.a
LOAD c:/program files/pros/toolchain/usr/bin/../lib/gcc/arm-none-eabi/7.2.1/thumb/v7e-m/fpv4-sp/hard\libgcc.a
                0x20020000                _estack = (ORIGIN (sram) + LENGTH (sram))

.vectors        0x08000000      0x1c4
 *(.vectors)
 .vectors       0x08000000      0x1c4 C:\Users\Jacob\AppData\Local\Temp\cceHHB6z.o
                0x08000000                tab

.text           0x080001c4      0x18c
 *(.text*)
 .text.gpio_set_mode
                0x080001c4       0x38 C:\Users\Jacob\AppData\Local\Temp\cccROZCG.o
 .text.gpio_set_af.constprop.3
                0x080001fc       0x32 C:\Users\Jacob\AppData\Local\Temp\cccROZCG.o
 *fill*         0x0800022e        0x2 
 .text.SysTick_Handler
                0x08000230       0x10 C:\Users\Jacob\AppData\Local\Temp\cccROZCG.o
                0x08000230                SysTick_Handler
 .text.startup.main
                0x08000240       0xd0 C:\Users\Jacob\AppData\Local\Temp\cccROZCG.o
                0x08000240                main
 .text._reset   0x08000310       0x40 C:\Users\Jacob\AppData\Local\Temp\cceHHB6z.o
                0x08000310                _reset

.glue_7         0x08000350        0x0
 .glue_7        0x08000350        0x0 linker stubs

.glue_7t        0x08000350        0x0
 .glue_7t       0x08000350        0x0 linker stubs

.vfp11_veneer   0x08000350        0x0
 .vfp11_veneer  0x08000350        0x0 linker stubs

.v4_bx          0x08000350        0x0
 .v4_bx         0x08000350        0x0 linker stubs

.iplt           0x08000350        0x0
 .iplt          0x08000350        0x0 C:\Users\Jacob\AppData\Local\Temp\cccROZCG.o

.rel.dyn        0x08000350        0x0
 .rel.iplt      0x08000350        0x0 C:\Users\Jacob\AppData\Local\Temp\cccROZCG.o

.rodata
 *(.rodata*)

.data           0x20000000        0x1 load address 0x08000350
                0x20000000                _sdata = .
 *(.first_data)
 *(.data SORT_BY_NAME(.data*))
 .data.led_on   0x20000000        0x1 C:\Users\Jacob\AppData\Local\Temp\cccROZCG.o
                0x20000000                led_on
                0x20000001                _edata = .
                0x08000350                _sidata = LOADADDR (.data)

.igot.plt       0x20000004        0x0 load address 0x08000351
 .igot.plt      0x20000004        0x0 C:\Users\Jacob\AppData\Local\Temp\cccROZCG.o

.bss            0x20000004        0x4 load address 0x08000351
                0x20000004                _sbss = .
 *(.bss SORT_BY_NAME(.bss.*) COMMON)
 .bss.s_ticks   0x20000004        0x4 C:\Users\Jacob\AppData\Local\Temp\cccROZCG.o
                0x20000008                _ebss = .
                0x20000008                . = ALIGN (0x8)
                0x20000008                _end = .
OUTPUT(firmware.elf elf32-littlearm)

.debug_info     0x00000000     0x109b
 .debug_info    0x00000000      0xf86 C:\Users\Jacob\AppData\Local\Temp\cccROZCG.o
 .debug_info    0x00000f86      0x115 C:\Users\Jacob\AppData\Local\Temp\cceHHB6z.o

.debug_abbrev   0x00000000      0x413
 .debug_abbrev  0x00000000      0x337 C:\Users\Jacob\AppData\Local\Temp\cccROZCG.o
 .debug_abbrev  0x00000337       0xdc C:\Users\Jacob\AppData\Local\Temp\cceHHB6z.o

.debug_loc      0x00000000      0x298
 .debug_loc     0x00000000      0x24f C:\Users\Jacob\AppData\Local\Temp\cccROZCG.o
 .debug_loc     0x0000024f       0x49 C:\Users\Jacob\AppData\Local\Temp\cceHHB6z.o

.debug_aranges  0x00000000       0x58
 .debug_aranges
                0x00000000       0x38 C:\Users\Jacob\AppData\Local\Temp\cccROZCG.o
 .debug_aranges
                0x00000038       0x20 C:\Users\Jacob\AppData\Local\Temp\cceHHB6z.o

.debug_ranges   0x00000000       0xe8
 .debug_ranges  0x00000000       0xa8 C:\Users\Jacob\AppData\Local\Temp\cccROZCG.o
 .debug_ranges  0x000000a8       0x40 C:\Users\Jacob\AppData\Local\Temp\cceHHB6z.o

.debug_macro    0x00000000     0x2408
 .debug_macro   0x00000000      0x249 C:\Users\Jacob\AppData\Local\Temp\cccROZCG.o
 .debug_macro   0x00000249      0xa4e C:\Users\Jacob\AppData\Local\Temp\cccROZCG.o
 .debug_macro   0x00000c97       0x22 C:\Users\Jacob\AppData\Local\Temp\cccROZCG.o
 .debug_macro   0x00000cb9       0x40 C:\Users\Jacob\AppData\Local\Temp\cccROZCG.o
 .debug_macro   0x00000cf9       0x17 C:\Users\Jacob\AppData\Local\Temp\cccROZCG.o
 .debug_macro   0x00000d10       0x8d C:\Users\Jacob\AppData\Local\Temp\cccROZCG.o
 .debug_macro   0x00000d9d       0x3c C:\Users\Jacob\AppData\Local\Temp\cccROZCG.o
 .debug_macro   0x00000dd9       0xef C:\Users\Jacob\AppData\Local\Temp\cccROZCG.o
 .debug_macro   0x00000ec8       0xa2 C:\Users\Jacob\AppData\Local\Temp\cccROZCG.o
 .debug_macro   0x00000f6a       0x57 C:\Users\Jacob\AppData\Local\Temp\cccROZCG.o
 .debug_macro   0x00000fc1       0x6a C:\Users\Jacob\AppData\Local\Temp\cccROZCG.o
 .debug_macro   0x0000102b      0x1df C:\Users\Jacob\AppData\Local\Temp\cccROZCG.o
 .debug_macro   0x0000120a       0x82 C:\Users\Jacob\AppData\Local\Temp\cccROZCG.o
 .debug_macro   0x0000128c      0x460 C:\Users\Jacob\AppData\Local\Temp\cccROZCG.o
 .debug_macro   0x000016ec       0x22 C:\Users\Jacob\AppData\Local\Temp\cccROZCG.o
 .debug_macro   0x0000170e       0x1c C:\Users\Jacob\AppData\Local\Temp\cccROZCG.o
 .debug_macro   0x0000172a       0x97 C:\Users\Jacob\AppData\Local\Temp\cccROZCG.o
 .debug_macro   0x000017c1      0x330 C:\Users\Jacob\AppData\Local\Temp\cccROZCG.o
 .debug_macro   0x00001af1       0x8d C:\Users\Jacob\AppData\Local\Temp\cccROZCG.o
 .debug_macro   0x00001b7e       0x10 C:\Users\Jacob\AppData\Local\Temp\cccROZCG.o
 .debug_macro   0x00001b8e       0x52 C:\Users\Jacob\AppData\Local\Temp\cccROZCG.o
 .debug_macro   0x00001be0       0x1f C:\Users\Jacob\AppData\Local\Temp\cccROZCG.o
 .debug_macro   0x00001bff       0x43 C:\Users\Jacob\AppData\Local\Temp\cccROZCG.o
 .debug_macro   0x00001c42       0x20 C:\Users\Jacob\AppData\Local\Temp\cccROZCG.o
 .debug_macro   0x00001c62      0x1a3 C:\Users\Jacob\AppData\Local\Temp\cccROZCG.o
 .debug_macro   0x00001e05       0x10 C:\Users\Jacob\AppData\Local\Temp\cccROZCG.o
 .debug_macro   0x00001e15       0x1c C:\Users\Jacob\AppData\Local\Temp\cccROZCG.o
 .debug_macro   0x00001e31       0x52 C:\Users\Jacob\AppData\Local\Temp\cccROZCG.o
 .debug_macro   0x00001e83       0x40 C:\Users\Jacob\AppData\Local\Temp\cccROZCG.o
 .debug_macro   0x00001ec3       0x10 C:\Users\Jacob\AppData\Local\Temp\cccROZCG.o
 .debug_macro   0x00001ed3       0x40 C:\Users\Jacob\AppData\Local\Temp\cccROZCG.o
 .debug_macro   0x00001f13       0xd7 C:\Users\Jacob\AppData\Local\Temp\cccROZCG.o
 .debug_macro   0x00001fea       0x1c C:\Users\Jacob\AppData\Local\Temp\cccROZCG.o
 .debug_macro   0x00002006       0x3d C:\Users\Jacob\AppData\Local\Temp\cccROZCG.o
 .debug_macro   0x00002043       0x16 C:\Users\Jacob\AppData\Local\Temp\cccROZCG.o
 .debug_macro   0x00002059      0x145 C:\Users\Jacob\AppData\Local\Temp\cccROZCG.o
 .debug_macro   0x0000219e       0x16 C:\Users\Jacob\AppData\Local\Temp\cccROZCG.o
 .debug_macro   0x000021b4       0x35 C:\Users\Jacob\AppData\Local\Temp\cccROZCG.o
 .debug_macro   0x000021e9       0x16 C:\Users\Jacob\AppData\Local\Temp\cccROZCG.o
 .debug_macro   0x000021ff       0x29 C:\Users\Jacob\AppData\Local\Temp\cccROZCG.o
 .debug_macro   0x00002228       0x16 C:\Users\Jacob\AppData\Local\Temp\cccROZCG.o
 .debug_macro   0x0000223e       0x10 C:\Users\Jacob\AppData\Local\Temp\cccROZCG.o
 .debug_macro   0x0000224e       0x41 C:\Users\Jacob\AppData\Local\Temp\cccROZCG.o
 .debug_macro   0x0000228f      0x122 C:\Users\Jacob\AppData\Local\Temp\cccROZCG.o
 .debug_macro   0x000023b1       0x46 C:\Users\Jacob\AppData\Local\Temp\cccROZCG.o
 .debug_macro   0x000023f7       0x11 C:\Users\Jacob\AppData\Local\Temp\cceHHB6z.o

.debug_line     0x00000000      0x484
 .debug_line    0x00000000      0x432 C:\Users\Jacob\AppData\Local\Temp\cccROZCG.o
 .debug_line    0x00000432       0x52 C:\Users\Jacob\AppData\Local\Temp\cceHHB6z.o

.debug_str      0x00000000     0x9964
 .debug_str     0x00000000     0x9931 C:\Users\Jacob\AppData\Local\Temp\cccROZCG.o
                               0x9bd2 (size before relaxing)
 .debug_str     0x00009931       0x33 C:\Users\Jacob\AppData\Local\Temp\cceHHB6z.o
                               0x2d18 (size before relaxing)

.comment        0x00000000       0x7e
 .comment       0x00000000       0x7e C:\Users\Jacob\AppData\Local\Temp\cccROZCG.o
                                 0x7f (size before relaxing)
 .comment       0x0000007e       0x7f C:\Users\Jacob\AppData\Local\Temp\cceHHB6z.o

.ARM.attributes
                0x00000000       0x39
 .ARM.attributes
                0x00000000       0x39 C:\Users\Jacob\AppData\Local\Temp\cccROZCG.o
 .ARM.attributes
                0x00000039       0x39 C:\Users\Jacob\AppData\Local\Temp\cceHHB6z.o

.debug_frame    0x00000000       0x8c
 .debug_frame   0x00000000       0x6c C:\Users\Jacob\AppData\Local\Temp\cccROZCG.o
 .debug_frame   0x0000006c       0x20 C:\Users\Jacob\AppData\Local\Temp\cceHHB6z.o
